2026-07-05T17:35:42.860Z ERROR [IF_BusinessPartner_Sync] MPL=d7a89c52c3cefd43e3d65d0e9899 sender=Workday_HCM processed
2026-07-01T12:03:46.914Z ERROR [IF_Employee_Delta_Sync] MPL=679286bd33e22379664b98c0512d sender=DHL_Logistics processed
2026-02-11T11:40:15.835Z WARN  [IF_Material_Master_Replication] MPL=27558d2c7309d5c7d66c67f56afe sender=SuccessFactors_EC processed
2026-07-28T07:24:26.328Z ERROR [IF_Material_Master_Replication] MPL=1acdd87f5853cc39b71f8ae3b0b9 sender=SuccessFactors_EC processed
2026-01-27T17:28:12.815Z ERROR [IF_BusinessPartner_Sync] MPL=e7317815c75bcddba43d23abf5b9 sender=Workday_HCM processed
2026-05-18T23:38:14.170Z ERROR [IF_Employee_Delta_Sync] MPL=cee1c5bcd1e1381be5e0434ee206 sender=SAP_S4HANA_PRD processed
2026-02-03T22:25:23.019Z WARN  [IF_BusinessPartner_Sync] MPL=2b7f8e2cb1ee670c29d77ae26b2b sender=SuccessFactors_EC processed
2026-09-26T15:44:54.474Z WARN  [IF_Invoice_Post] MPL=ae96aab6d24d35a72ec52395eb94 sender=Bank_HSBC_H2H processed
2026-04-30T03:45:08.862Z WARN  [IF_Invoice_Post] MPL=b4473b4dc0f054186d8be15335ca sender=SAP_S4HANA_PRD processed
2026-03-08T13:41:05.312Z ERROR [IF_Sales_Order_Create] MPL=ace12b0ba3d97ed6e42e6b39d358 sender=SAP_S4HANA_PRD processed
2026-09-03T01:27:26.200Z INFO  [IF_PurchaseOrder_Ariba] MPL=b9b1b65b63ec0d986161d78db942 sender=Salesforce_CRM processed
2026-01-30T18:08:54.229Z ERROR [IF_BusinessPartner_Sync] MPL=97593b144208d9963b63dd35618f sender=Ariba_Network processed
2026-04-18T15:38:42.717Z INFO  [IF_Delivery_Tracking] MPL=3f7abe8c94fadabd4f21ca4c6f28 sender=Concur_Expense processed
2026-09-09T07:48:58.577Z WARN  [IF_BusinessPartner_Sync] MPL=1a21eb94947733bcef37035a2f93 sender=Ariba_Network processed
2026-08-19T06:43:28.603Z INFO  [IF_Sales_Order_Create] MPL=9369e8fac4be0ab8164a81125c61 sender=SAP_S4HANA_PRD processed
2026-08-04T08:32:03.564Z INFO  [IF_Material_Master_Replication] MPL=ae4f26dfe8e23479a63eea50f87b sender=Workday_HCM processed
2026-02-13T17:48:44.622Z INFO  [IF_PurchaseOrder_Ariba] MPL=a7f99bcb954db921074704e73985 sender=SuccessFactors_EC processed
2026-05-06T11:49:36.335Z ERROR [IF_PurchaseOrder_Ariba] MPL=429788651421b3fc09f3426fd445 sender=DHL_Logistics processed
2026-02-04T01:41:42.313Z WARN  [IF_BusinessPartner_Sync] MPL=563111ccda19551c0e45be39c9c9 sender=SAP_S4HANA_PRD processed
2026-02-09T22:34:25.030Z ERROR [IF_Invoice_Post] MPL=e9214599b373e58d4128d7c4a85b sender=DHL_Logistics processed
2026-07-01T04:02:29.428Z WARN  [IF_PurchaseOrder_Ariba] MPL=28598d1466d4830f7ea2b77394b5 sender=Workday_HCM processed
2026-08-22T13:51:12.434Z INFO  [IF_Invoice_Post] MPL=b04a574ba7d0f2df58f6fea9b06b sender=Workday_HCM processed
2026-06-03T14:13:41.641Z ERROR [IF_PurchaseOrder_Ariba] MPL=6493587c2c3eef7a285b14d13f70 sender=Bank_HSBC_H2H processed
2026-04-01T09:25:00.513Z INFO  [IF_BusinessPartner_Sync] MPL=e2dbd0ddb1f6412c3a34f72e9017 sender=SuccessFactors_EC processed
2026-07-10T12:59:13.896Z INFO  [IF_Sales_Order_Create] MPL=90829ec5e0406a3575f3600d4734 sender=SuccessFactors_EC processed