2026-10-03T17:46:35.593Z WARN  [IF_Employee_Delta_Sync] MPL=3de568677dd121a29573dccb435b sender=Salesforce_CRM processed
2026-04-03T06:48:01.034Z ERROR [IF_Payment_Status_Bank] MPL=f3ef6b305163748621363c9fb9a4 sender=Bank_HSBC_H2H processed
2026-09-30T12:49:50.029Z INFO  [IF_PurchaseOrder_Ariba] MPL=db3dfa8a9f98650cd62a6051bc73 sender=Ariba_Network processed
2026-01-02T16:43:28.669Z ERROR [IF_Sales_Order_Create] MPL=5cd155a43a2c62e08285685d176d sender=Workday_HCM processed
2026-05-19T12:02:28.943Z INFO  [IF_Payment_Status_Bank] MPL=9ff0e8ebd4fa7b0a7fc4177e7454 sender=DHL_Logistics processed
2026-04-27T13:46:13.694Z ERROR [IF_Employee_Delta_Sync] MPL=11b7c56e4309ce978264a2f87368 sender=SAP_S4HANA_PRD processed
2026-02-16T11:44:00.034Z ERROR [IF_BusinessPartner_Sync] MPL=42b2c0b1d4ef0f858411aa5015ec sender=Ariba_Network processed
2026-06-18T20:12:42.790Z INFO  [IF_Material_Master_Replication] MPL=e25f2d2b8dcf48e4a2d05cbc4c18 sender=Ariba_Network processed
2026-10-01T02:21:14.020Z INFO  [IF_Sales_Order_Create] MPL=3ebb3c6e2cc55693c0193766df7a sender=Ariba_Network processed
2026-06-20T12:22:46.487Z INFO  [IF_Employee_Delta_Sync] MPL=dc4498e3562c5bf5013dbf3fb2fe sender=Ariba_Network processed
2026-08-21T04:37:58.025Z ERROR [IF_PurchaseOrder_Ariba] MPL=6c36d3ecc647c274cc3739f9866f sender=DHL_Logistics processed
2026-01-25T03:22:14.985Z WARN  [IF_Material_Master_Replication] MPL=ee3bca35b1d0dd6504b0b99a8813 sender=Bank_HSBC_H2H processed
2026-04-10T15:01:38.488Z ERROR [IF_Material_Master_Replication] MPL=b445a87cfc8e414f32b043c5c4c9 sender=Concur_Expense processed
2026-06-23T16:06:30.684Z INFO  [IF_Delivery_Tracking] MPL=6e1a3f8696622d237e7ce1546161 sender=Ariba_Network processed
2026-03-25T09:57:10.586Z INFO  [IF_BusinessPartner_Sync] MPL=1ee33d480f0c5792fec0926ed194 sender=Concur_Expense processed
2026-03-28T04:38:09.642Z ERROR [IF_BusinessPartner_Sync] MPL=f9bee8da7a72876d6a0ce2d62588 sender=Salesforce_CRM processed
2026-04-27T21:35:00.787Z INFO  [IF_Material_Master_Replication] MPL=746f750c95da2ce80c2e7ba217e1 sender=Bank_HSBC_H2H processed
2026-01-06T17:03:51.223Z ERROR [IF_PurchaseOrder_Ariba] MPL=dee44b6eb04fc7ffef74d581d9d3 sender=SAP_S4HANA_PRD processed
2026-02-11T23:41:48.841Z WARN  [IF_Invoice_Post] MPL=4a55cb2d6260d749ab60f958b4ea sender=Workday_HCM processed
2026-03-20T11:01:30.894Z WARN  [IF_BusinessPartner_Sync] MPL=1c6d0a7f7f1613e44f5e835d89e0 sender=Bank_HSBC_H2H processed
2026-06-11T20:58:55.609Z INFO  [IF_Delivery_Tracking] MPL=1699a62e0268bad9cfa14ca18df9 sender=Bank_HSBC_H2H processed
2026-07-06T15:12:24.766Z ERROR [IF_Employee_Delta_Sync] MPL=d137740f9049b28e69b722c01944 sender=Salesforce_CRM processed
2026-06-30T11:23:23.392Z ERROR [IF_Payment_Status_Bank] MPL=40eaa507f33a982f536f601fb106 sender=SuccessFactors_EC processed
2026-05-31T23:15:00.668Z WARN  [IF_Sales_Order_Create] MPL=c6fbdd67d2225193ee2f6068dc0d sender=Ariba_Network processed
2026-04-01T03:54:54.443Z INFO  [IF_PurchaseOrder_Ariba] MPL=338181b1adfb4cd09e5344898c72 sender=SuccessFactors_EC processed
2026-01-26T23:55:18.367Z INFO  [IF_Employee_Delta_Sync] MPL=7d10bf77006ef81362e36084768b sender=Workday_HCM processed
2026-09-07T04:01:17.062Z ERROR [IF_Delivery_Tracking] MPL=a652f35a36a9298f24817ceb2b64 sender=Salesforce_CRM processed
2026-02-20T03:43:33.409Z ERROR [IF_Material_Master_Replication] MPL=d155469a171855eef327add40590 sender=SAP_S4HANA_PRD processed
2026-09-21T03:07:05.767Z WARN  [IF_BusinessPartner_Sync] MPL=43c8f151307de2bcec57e05728fb sender=Salesforce_CRM processed
2026-06-28T05:32:13.775Z WARN  [IF_Employee_Delta_Sync] MPL=db8577b595eccc30aad300924012 sender=Concur_Expense processed
2026-05-31T01:17:05.429Z WARN  [IF_Delivery_Tracking] MPL=000e320e7217bce953768dd9d285 sender=Concur_Expense processed
2026-08-29T02:28:42.377Z WARN  [IF_Delivery_Tracking] MPL=a2a6bfd03eacf53602c6dec791e9 sender=Ariba_Network processed
2026-08-24T14:25:10.988Z WARN  [IF_BusinessPartner_Sync] MPL=9f0a360fb4233e5282139fd1821c sender=Salesforce_CRM processed
2026-05-31T07:10:03.114Z INFO  [IF_Payment_Status_Bank] MPL=1c0ae0d83478d0cc8a548d1b3fa6 sender=Concur_Expense processed
2026-09-22T14:18:20.650Z ERROR [IF_Sales_Order_Create] MPL=23f09301aa9412af7ab822e8c557 sender=Concur_Expense processed
2026-09-21T13:47:56.312Z ERROR [IF_BusinessPartner_Sync] MPL=c8c668bc411c8446ec5c9941cb43 sender=Concur_Expense processed
2026-08-21T12:55:05.430Z WARN  [IF_Employee_Delta_Sync] MPL=f004852100e5e0d40bf63498260f sender=Ariba_Network processed
2026-06-02T23:14:31.498Z WARN  [IF_Employee_Delta_Sync] MPL=811def76bb89f491cbb8d0262872 sender=DHL_Logistics processed
2026-05-15T22:49:02.656Z ERROR [IF_Delivery_Tracking] MPL=c4a59914772335a7c267807947c3 sender=Salesforce_CRM processed
2026-02-11T11:24:34.307Z WARN  [IF_Payment_Status_Bank] MPL=8f47e51c97c2c39fa0ebd52da386 sender=Concur_Expense processed
2026-09-23T19:48:40.657Z INFO  [IF_Payment_Status_Bank] MPL=7ba289ea8c1fb60d77680bf8a7c2 sender=DHL_Logistics processed
2026-02-09T09:53:31.798Z INFO  [IF_Delivery_Tracking] MPL=a04d040df3238716bf384ecbd10b sender=Workday_HCM processed
2026-04-25T17:46:49.569Z WARN  [IF_Payment_Status_Bank] MPL=2a26b9ad05f0b2cd83c674441cff sender=Bank_HSBC_H2H processed
2026-06-27T02:14:13.031Z INFO  [IF_Payment_Status_Bank] MPL=1a0390bb118959e497440bdf2cdb sender=Bank_HSBC_H2H processed
2026-02-03T23:21:58.248Z ERROR [IF_Delivery_Tracking] MPL=1f9c1cda352f6a88b5648599c493 sender=Concur_Expense processed
2026-02-15T21:26:37.226Z ERROR [IF_PurchaseOrder_Ariba] MPL=e5c0382ec706b601b9eddd37cc3b sender=Concur_Expense processed
2026-07-31T14:40:36.193Z INFO  [IF_BusinessPartner_Sync] MPL=057e5b7b7fc69e90cdaccc688a28 sender=SAP_S4HANA_PRD processed
2026-03-04T23:05:47.192Z ERROR [IF_Invoice_Post] MPL=c9a231bf16592bdee3e928ccb599 sender=Ariba_Network processed
2026-08-06T00:10:16.345Z INFO  [IF_Invoice_Post] MPL=4cd10ca92ba9f2ae3e8a25abbfb4 sender=SAP_S4HANA_PRD processed
2026-05-01T10:25:58.052Z INFO  [IF_Payment_Status_Bank] MPL=eb5818d8330466d4339d3de8909a sender=Bank_HSBC_H2H processed
2026-01-01T04:43:07.642Z WARN  [IF_Invoice_Post] MPL=a79f9fa72952eb58b5a5b3b27fe5 sender=Ariba_Network processed
2026-02-17T20:50:00.511Z WARN  [IF_Sales_Order_Create] MPL=a14b8591645132438e87c5ef3a29 sender=Ariba_Network processed
2026-01-26T18:23:18.139Z INFO  [IF_Payment_Status_Bank] MPL=0528d2c972a37d2e0dcd70072c4c sender=Workday_HCM processed
2026-05-19T20:24:43.991Z INFO  [IF_PurchaseOrder_Ariba] MPL=ff53b0f93c63ef76177a2dcdcaef sender=Salesforce_CRM processed
2026-04-04T05:28:04.533Z WARN  [IF_Material_Master_Replication] MPL=0d264815c83543ef9912a080b6a5 sender=Salesforce_CRM processed
2026-05-27T02:43:37.208Z WARN  [IF_Sales_Order_Create] MPL=12d3b75bb578c87d79e8f7656488 sender=Bank_HSBC_H2H processed
2026-06-16T19:52:17.319Z INFO  [IF_Employee_Delta_Sync] MPL=5fe943764a47c54df8dd494ac3c1 sender=Ariba_Network processed
2026-03-26T22:30:31.901Z WARN  [IF_Delivery_Tracking] MPL=f548a4255f2d7409b4e06c0cf9c2 sender=Bank_HSBC_H2H processed
2026-01-10T11:49:26.113Z ERROR [IF_BusinessPartner_Sync] MPL=268987dc1e9fa255b053d1cdbfcb sender=Bank_HSBC_H2H processed
2026-01-20T17:27:41.882Z WARN  [IF_BusinessPartner_Sync] MPL=81b635e1b11e61ff35c0286c004d sender=DHL_Logistics processed