2026-04-12T19:19:16.160Z ERROR [IF_Material_Master_Replication] MPL=31ad5d7da97d3b8a2b3f70be6fec sender=Concur_Expense processed
2026-05-30T17:27:40.558Z WARN  [IF_Sales_Order_Create] MPL=ebfad7bf61eb92a28a12e97bfdab sender=Salesforce_CRM processed
2026-01-07T23:46:39.062Z INFO  [IF_Material_Master_Replication] MPL=b5e25a8866891dfce44150354659 sender=Bank_HSBC_H2H processed
2026-08-01T16:59:10.442Z ERROR [IF_Sales_Order_Create] MPL=c6c0cd99f542d3e37b46f9e5c005 sender=Workday_HCM processed
2026-01-16T07:14:06.830Z INFO  [IF_Material_Master_Replication] MPL=4100a70d62b4e0aaf6fd6c7655bc sender=Ariba_Network processed
2026-04-02T04:28:11.228Z WARN  [IF_Material_Master_Replication] MPL=0e659050f8e6df8fede7d592bc4a sender=DHL_Logistics processed
2026-03-24T21:35:29.666Z WARN  [IF_Delivery_Tracking] MPL=ffb06becf2b7fdc0a54606f1b2d5 sender=Salesforce_CRM processed
2026-09-15T01:38:25.528Z INFO  [IF_Payment_Status_Bank] MPL=9e5e60c9d2a96177b66576903395 sender=SAP_S4HANA_PRD processed
2026-08-29T09:18:25.803Z INFO  [IF_Delivery_Tracking] MPL=c795bb0db3bb5fd3b97328c59480 sender=SuccessFactors_EC processed
2026-07-20T22:10:15.218Z ERROR [IF_Sales_Order_Create] MPL=485b5cbed9e85e231ca72da7572f sender=SuccessFactors_EC processed
2026-09-02T09:27:20.141Z ERROR [IF_PurchaseOrder_Ariba] MPL=05ff8321240800c0b7cd96cb3aaf sender=Salesforce_CRM processed
2026-03-08T15:53:00.241Z WARN  [IF_Invoice_Post] MPL=5a9c707f2c9e102ff3921e4b1b70 sender=DHL_Logistics processed
2026-05-16T16:46:53.243Z WARN  [IF_Employee_Delta_Sync] MPL=977f3ba895f9add4cb343e352002 sender=SuccessFactors_EC processed
2026-01-11T18:50:21.116Z INFO  [IF_Material_Master_Replication] MPL=2068c64257b21795f0f8020ae519 sender=Salesforce_CRM processed
2026-01-22T07:17:11.731Z WARN  [IF_Payment_Status_Bank] MPL=54c6936e89a8c94f04e8f30d547e sender=Ariba_Network processed
2026-02-15T16:17:52.432Z INFO  [IF_BusinessPartner_Sync] MPL=18fbecad2ee589107c3ed906190b sender=Concur_Expense processed
2026-06-15T20:27:37.444Z WARN  [IF_Delivery_Tracking] MPL=a77144a1d88d493c533e4668b06b sender=Ariba_Network processed
2026-01-29T13:40:49.850Z WARN  [IF_Employee_Delta_Sync] MPL=3b254c48606538f61e19191641bb sender=Workday_HCM processed
2026-07-03T05:25:31.955Z INFO  [IF_Invoice_Post] MPL=260f93a0bb3459bde09bf73c5f63 sender=Concur_Expense processed
2026-09-22T08:04:13.651Z WARN  [IF_Employee_Delta_Sync] MPL=fe24413d24ac87cb1bcda4efe711 sender=Salesforce_CRM processed
2026-04-25T21:31:00.402Z WARN  [IF_Material_Master_Replication] MPL=4de8a9b04de14125dac4dfd07db9 sender=SuccessFactors_EC processed
2026-02-22T21:41:10.182Z WARN  [IF_Sales_Order_Create] MPL=a7f58161539f197e85c66ad61675 sender=Concur_Expense processed
2026-05-12T15:51:47.731Z INFO  [IF_Invoice_Post] MPL=03d24a90c8535be880844d66121a sender=SAP_S4HANA_PRD processed
2026-02-15T17:53:50.776Z ERROR [IF_Employee_Delta_Sync] MPL=6f505cbc11ae83d07f6916a8ebe7 sender=DHL_Logistics processed
2026-05-11T02:21:32.875Z INFO  [IF_Delivery_Tracking] MPL=066058ae63154863d7cdf2fdd4cd sender=Bank_HSBC_H2H processed
2026-07-10T17:50:16.892Z INFO  [IF_Payment_Status_Bank] MPL=f55f05fdd06813579f9d1054f6e5 sender=SAP_S4HANA_PRD processed
2026-04-15T23:33:39.959Z INFO  [IF_Invoice_Post] MPL=a199107aa16e203d01d86dd2e282 sender=Concur_Expense processed
2026-09-10T03:57:46.224Z INFO  [IF_Payment_Status_Bank] MPL=f3e6ea5de1cf3cf0754695a0177d sender=Workday_HCM processed