2026-02-04T21:44:27.972Z ERROR [IF_Delivery_Tracking] MPL=a7a699578f2bf43c47dedfc0bfac sender=Salesforce_CRM processed
2026-06-22T00:14:49.879Z INFO  [IF_Payment_Status_Bank] MPL=2f9dfbe0b22ddff2c7b8510d31c9 sender=Salesforce_CRM processed
2026-09-18T06:38:14.585Z ERROR [IF_Delivery_Tracking] MPL=3bcbb2453a749198a51834906495 sender=Salesforce_CRM processed
2026-08-03T19:55:53.228Z INFO  [IF_Material_Master_Replication] MPL=cef9ae2c22a8730a60ec1725297a sender=Ariba_Network processed
2026-05-02T19:19:16.033Z WARN  [IF_Payment_Status_Bank] MPL=8342557bd432569e6cb77c73049b sender=Ariba_Network processed
2026-08-09T15:13:40.276Z WARN  [IF_Sales_Order_Create] MPL=f0b831deefe6258ac39a174cb41e sender=Salesforce_CRM processed
2026-02-24T14:43:57.137Z ERROR [IF_Delivery_Tracking] MPL=b1cc2c68a0f5e6531418c48209f0 sender=SAP_S4HANA_PRD processed
2026-04-14T01:19:58.016Z WARN  [IF_Sales_Order_Create] MPL=42e6e062d55aa4c75018ec1778ba sender=Ariba_Network processed
2026-06-11T15:00:13.322Z INFO  [IF_Sales_Order_Create] MPL=6d2171ad8e2926df04a8a776ed68 sender=Salesforce_CRM processed
2026-09-21T17:57:01.810Z INFO  [IF_Material_Master_Replication] MPL=c64244e9c60acfbcf1bac721235b sender=Salesforce_CRM processed
2026-09-17T10:42:55.311Z INFO  [IF_Invoice_Post] MPL=d0be239a9d039720d2be276e7353 sender=Salesforce_CRM processed
2026-01-05T01:37:12.472Z INFO  [IF_PurchaseOrder_Ariba] MPL=1970fe316ca5c407187157620060 sender=SAP_S4HANA_PRD processed
2026-05-23T03:17:49.826Z WARN  [IF_BusinessPartner_Sync] MPL=1659d6d3db2da86d9c7d994062d4 sender=DHL_Logistics processed
2026-03-18T19:29:16.813Z WARN  [IF_Invoice_Post] MPL=9adb5d2bc2b45555b825288bc6d7 sender=SAP_S4HANA_PRD processed
2026-07-25T04:15:56.596Z INFO  [IF_Invoice_Post] MPL=ef1403a5dd9bd0529e8dc1dda0ef sender=Ariba_Network processed
2026-07-01T08:24:48.465Z WARN  [IF_Invoice_Post] MPL=fc08b7ac5f6371ddd48cdf3c2521 sender=Concur_Expense processed
2026-06-22T04:33:41.471Z ERROR [IF_Delivery_Tracking] MPL=df7ecbbffb8c66bfcf0d51b54ee1 sender=Salesforce_CRM processed
2026-04-22T08:37:43.123Z WARN  [IF_Sales_Order_Create] MPL=2a25bfb52b6f0043b80aeb78d98c sender=Ariba_Network processed
2026-07-17T07:53:44.607Z WARN  [IF_Sales_Order_Create] MPL=3e1ce784b69bc73dded26cb0e299 sender=Ariba_Network processed
2026-01-11T10:38:44.158Z ERROR [IF_Payment_Status_Bank] MPL=de5198662a3c4d3bff1d985502e7 sender=DHL_Logistics processed
2026-04-04T12:41:49.678Z ERROR [IF_Invoice_Post] MPL=46d5355d2e63deffcecf32bfdcaa sender=Workday_HCM processed
2026-05-22T17:20:30.552Z INFO  [IF_Invoice_Post] MPL=9af7fe11722711c6dfde6c9f8bb9 sender=Salesforce_CRM processed
2026-05-28T09:56:06.322Z ERROR [IF_PurchaseOrder_Ariba] MPL=9b8b20446be02d8d4438bbc99242 sender=Salesforce_CRM processed
2026-07-22T17:54:40.990Z INFO  [IF_Payment_Status_Bank] MPL=d74cfef4364c781bf72a28f824b1 sender=Workday_HCM processed
2026-01-21T09:03:22.336Z WARN  [IF_Sales_Order_Create] MPL=38dc17003e2244df99b757012a31 sender=Ariba_Network processed
2026-05-02T11:43:51.685Z WARN  [IF_PurchaseOrder_Ariba] MPL=d52ee38b8e58798866e804d37ca4 sender=Ariba_Network processed
2026-06-10T17:22:54.435Z INFO  [IF_BusinessPartner_Sync] MPL=b039c16c2df4598fae24837b08f0 sender=SuccessFactors_EC processed
2026-08-20T07:56:35.378Z INFO  [IF_Payment_Status_Bank] MPL=928f62a9f6068636009f5f914485 sender=DHL_Logistics processed
2026-05-08T18:44:10.581Z INFO  [IF_BusinessPartner_Sync] MPL=8651bbfd6e4d2a151306d3d37eeb sender=SAP_S4HANA_PRD processed
2026-08-29T09:40:07.655Z ERROR [IF_Sales_Order_Create] MPL=6a92b86f600af2559b5eb19d0743 sender=Ariba_Network processed
2026-02-02T03:11:52.432Z ERROR [IF_Material_Master_Replication] MPL=1d476037ae8352e88e71d905ced9 sender=SuccessFactors_EC processed
2026-08-07T22:53:18.286Z WARN  [IF_BusinessPartner_Sync] MPL=b709abfbc759d6bc2fa365ae719a sender=Ariba_Network processed
2026-03-15T23:37:20.368Z ERROR [IF_Payment_Status_Bank] MPL=03047014c815e2d4932d531193c3 sender=Workday_HCM processed
2026-04-17T11:17:57.567Z WARN  [IF_Employee_Delta_Sync] MPL=18164a623c691db71aab8814b737 sender=SuccessFactors_EC processed
2026-04-16T03:49:58.480Z ERROR [IF_Sales_Order_Create] MPL=74ddf5d1386582284c4ec6e3b231 sender=Workday_HCM processed