2026-09-14T01:33:31.565Z INFO  [IF_Payment_Status_Bank] MPL=501db59915909dcb90bdcc51a29e sender=Bank_HSBC_H2H processed
2026-01-15T13:18:25.287Z INFO  [IF_Sales_Order_Create] MPL=beea1feabc34b34e4668b3cf46f9 sender=Workday_HCM processed
2026-01-18T19:58:00.387Z INFO  [IF_BusinessPartner_Sync] MPL=e31ffaf9e212709bb9bc93c299cc sender=DHL_Logistics processed
2026-05-31T22:03:24.655Z WARN  [IF_Delivery_Tracking] MPL=bc70fb155ec01db4a052a582f750 sender=Concur_Expense processed
2026-04-09T06:24:55.022Z INFO  [IF_PurchaseOrder_Ariba] MPL=6ee31628edf4ef4843d8f8dd4a4b sender=Workday_HCM processed
2026-02-24T16:21:16.066Z INFO  [IF_Sales_Order_Create] MPL=271d6ba166f912dc7dff5f48d778 sender=Salesforce_CRM processed
2026-05-31T02:21:15.754Z WARN  [IF_Sales_Order_Create] MPL=da48538e611e098d237da76ea6d7 sender=Workday_HCM processed
2026-09-14T16:11:22.178Z ERROR [IF_Delivery_Tracking] MPL=2f6080f4c4224ae4252ce5882da0 sender=SAP_S4HANA_PRD processed
2026-04-30T05:14:41.309Z INFO  [IF_Delivery_Tracking] MPL=cf244ee745a67355a42431f3ac00 sender=SAP_S4HANA_PRD processed
2026-05-05T20:22:56.986Z WARN  [IF_Invoice_Post] MPL=f93989c0dd97d8a2fccf78852067 sender=Salesforce_CRM processed
2026-08-24T18:31:50.746Z INFO  [IF_Payment_Status_Bank] MPL=5f7e1f1fb862e45bc60a4a60e47c sender=Workday_HCM processed
2026-01-23T22:57:30.263Z WARN  [IF_Sales_Order_Create] MPL=209e7d0b1203b8c951344d704709 sender=Ariba_Network processed
2026-09-01T23:13:02.457Z ERROR [IF_BusinessPartner_Sync] MPL=6bf46850ec2e64e056eeb6a5dcda sender=SAP_S4HANA_PRD processed
2026-03-08T00:48:41.850Z ERROR [IF_Material_Master_Replication] MPL=12c31836b9491e12a9b1f3f539bb sender=Bank_HSBC_H2H processed
2026-09-26T15:48:55.267Z INFO  [IF_BusinessPartner_Sync] MPL=cc82b4be49ebbf1a09d89e7f9562 sender=Bank_HSBC_H2H processed
2026-07-09T11:34:41.018Z ERROR [IF_Payment_Status_Bank] MPL=149776a9d8902f71f13ac4046381 sender=Bank_HSBC_H2H processed
2026-07-15T13:38:07.726Z INFO  [IF_Delivery_Tracking] MPL=b500dcc6d1990ab4180e797c0f9b sender=SuccessFactors_EC processed
2026-02-02T21:15:27.418Z WARN  [IF_BusinessPartner_Sync] MPL=35c1685372df12a80be7f79cfd43 sender=Ariba_Network processed
2026-04-18T01:25:37.212Z INFO  [IF_Invoice_Post] MPL=1f994c1faea00b0f34ac39612bf5 sender=Salesforce_CRM processed
2026-03-27T05:14:44.003Z INFO  [IF_Sales_Order_Create] MPL=4af910d3e9cdec669077960301ae sender=Workday_HCM processed
2026-08-09T22:36:55.245Z ERROR [IF_Invoice_Post] MPL=35d8892ed529581bfbcb32ca7cbe sender=SuccessFactors_EC processed
2026-09-07T04:45:14.603Z INFO  [IF_Invoice_Post] MPL=a854eaab89d8b4eec2658116cc8a sender=Salesforce_CRM processed
2026-05-02T07:44:11.128Z ERROR [IF_Invoice_Post] MPL=e03c6e2c9cd4970bb5572560c91a sender=DHL_Logistics processed
2026-09-28T05:02:30.368Z WARN  [IF_PurchaseOrder_Ariba] MPL=721592ebb28ab4fb26a9887d4941 sender=Concur_Expense processed
2026-06-10T04:41:04.750Z WARN  [IF_Material_Master_Replication] MPL=277784fe5fe1d73a225c9effd0f6 sender=Workday_HCM processed
2026-07-28T16:08:52.041Z WARN  [IF_PurchaseOrder_Ariba] MPL=173b66684ce858fd0177ef628443 sender=Ariba_Network processed
2026-01-08T21:34:29.635Z ERROR [IF_BusinessPartner_Sync] MPL=434a2e01b935cb84f4053870de0e sender=Salesforce_CRM processed
2026-01-27T10:30:59.655Z INFO  [IF_Payment_Status_Bank] MPL=318995c9d80557388321ac00765b sender=SAP_S4HANA_PRD processed
2026-02-09T23:33:45.390Z WARN  [IF_Invoice_Post] MPL=11ddab0bb09cd7778de87f766b86 sender=DHL_Logistics processed
2026-08-25T17:25:47.760Z INFO  [IF_Payment_Status_Bank] MPL=6bf2bff09489e626cd29effe69e8 sender=Ariba_Network processed
2026-04-19T13:30:26.964Z INFO  [IF_Employee_Delta_Sync] MPL=e8d42f8cd0129f07973dff2a7622 sender=Salesforce_CRM processed
2026-09-03T19:19:01.836Z WARN  [IF_Invoice_Post] MPL=4193469a3d0c31e089a666b8945c sender=Salesforce_CRM processed
2026-08-17T00:01:08.856Z ERROR [IF_Employee_Delta_Sync] MPL=bdab82ac3177308bc7f7a1be989d sender=DHL_Logistics processed
2026-04-01T06:50:43.523Z WARN  [IF_Payment_Status_Bank] MPL=4c0cbda3cc07b0bbde6114b30a60 sender=Bank_HSBC_H2H processed