2026-08-31T08:04:01.976Z ERROR [IF_BusinessPartner_Sync] MPL=13017f410b5171e922277a719c7e sender=Bank_HSBC_H2H processed
2026-04-13T16:27:55.898Z INFO  [IF_Material_Master_Replication] MPL=2e0fd7ad4f332612ea05f8480584 sender=DHL_Logistics processed
2026-02-18T18:11:02.479Z INFO  [IF_PurchaseOrder_Ariba] MPL=6a3eda194d3df782d8f44d66d6e8 sender=Concur_Expense processed
2026-09-06T01:46:12.052Z INFO  [IF_Employee_Delta_Sync] MPL=6db8c318a3e0b23d4549d6e3a86e sender=SAP_S4HANA_PRD processed
2026-01-17T05:33:16.946Z INFO  [IF_Employee_Delta_Sync] MPL=96e5994e2558cea607983ca48934 sender=Bank_HSBC_H2H processed
2026-05-06T05:59:30.653Z ERROR [IF_Material_Master_Replication] MPL=f69f41aa380c44dd01251c217190 sender=Salesforce_CRM processed
2026-08-12T02:44:20.066Z INFO  [IF_Sales_Order_Create] MPL=f54de3ae7cd89af364b76ec5b874 sender=Bank_HSBC_H2H processed
2026-07-08T02:33:33.154Z WARN  [IF_Payment_Status_Bank] MPL=191291dbe460f9bbbc39b17bd1e4 sender=Workday_HCM processed
2026-01-14T10:18:47.061Z ERROR [IF_Payment_Status_Bank] MPL=d7d5303bba9b9901b37d9c6b92a5 sender=DHL_Logistics processed
2026-03-25T01:04:55.225Z WARN  [IF_Payment_Status_Bank] MPL=b0995dcf5acc593f85620b088cd7 sender=Bank_HSBC_H2H processed
2026-07-20T16:49:32.269Z ERROR [IF_Delivery_Tracking] MPL=d4168c7d67bd212aec928c6c12c1 sender=Bank_HSBC_H2H processed
2026-07-23T06:36:29.174Z ERROR [IF_Delivery_Tracking] MPL=b1774bc1d296635c5ddeaf5cae6c sender=SuccessFactors_EC processed
2026-02-04T04:57:21.978Z WARN  [IF_PurchaseOrder_Ariba] MPL=d4488975b15c174e065de0433657 sender=Workday_HCM processed
2026-09-12T18:40:05.343Z ERROR [IF_Sales_Order_Create] MPL=c4a492c830e5e8efcc825e678045 sender=SuccessFactors_EC processed
2026-03-30T03:50:45.165Z ERROR [IF_Payment_Status_Bank] MPL=d4c11292b648ee28577831d875b5 sender=Workday_HCM processed
2026-06-13T16:51:52.827Z ERROR [IF_Invoice_Post] MPL=3b71d4b4d2594ef3678fe7f77fb5 sender=Ariba_Network processed
2026-06-21T12:48:19.585Z INFO  [IF_PurchaseOrder_Ariba] MPL=3324f55642e123ab353e420b3057 sender=Ariba_Network processed
2026-07-14T11:32:17.385Z INFO  [IF_Delivery_Tracking] MPL=7d584ae583afdfa11ecefbe8b1be sender=Concur_Expense processed
2026-09-25T03:48:42.459Z WARN  [IF_Sales_Order_Create] MPL=8dcf9d89d2bc526c228bb0ba0458 sender=Concur_Expense processed
2026-06-09T19:29:50.104Z INFO  [IF_Material_Master_Replication] MPL=d6942cf475918d9eea6e5205c288 sender=Ariba_Network processed
2026-06-28T19:27:09.682Z INFO  [IF_Sales_Order_Create] MPL=5ad784ca5b0a36f127e24ab2a3f2 sender=Ariba_Network processed
2026-04-06T16:19:44.918Z INFO  [IF_BusinessPartner_Sync] MPL=90db32a62b5270e33ae86d3078a4 sender=Bank_HSBC_H2H processed
2026-03-02T23:34:45.665Z ERROR [IF_Payment_Status_Bank] MPL=e4db969fb44ac3b78e6998e23284 sender=Concur_Expense processed
2026-02-02T09:25:14.723Z WARN  [IF_Material_Master_Replication] MPL=f3d0a15884e23eca0adc560b1d54 sender=Bank_HSBC_H2H processed
2026-03-07T01:10:19.643Z INFO  [IF_Invoice_Post] MPL=8fc42dc54c5698873e0d2f5a7c0e sender=Salesforce_CRM processed
2026-04-16T09:49:32.013Z INFO  [IF_Sales_Order_Create] MPL=7aee3a7adb0b13bb99379ca57a9f sender=DHL_Logistics processed