2026-05-22T08:37:56.773Z ERROR [IF_BusinessPartner_Sync] MPL=0857d210675944abb17adc99dcb4 sender=DHL_Logistics processed
2026-03-13T00:45:56.177Z ERROR [IF_Invoice_Post] MPL=f8b8d0419f7ff02899101a5449d2 sender=Bank_HSBC_H2H processed
2026-03-10T05:22:14.939Z WARN  [IF_Sales_Order_Create] MPL=2b1b7550e1f89b6a13d04ba78870 sender=SuccessFactors_EC processed
2026-03-15T21:41:23.649Z WARN  [IF_Delivery_Tracking] MPL=d4df86b0f05bc4b01cd2aa3704ee sender=DHL_Logistics processed
2026-07-24T21:52:19.375Z INFO  [IF_Payment_Status_Bank] MPL=a1850793833e677a57ddb3c356ab sender=DHL_Logistics processed
2026-09-29T19:12:26.973Z INFO  [IF_BusinessPartner_Sync] MPL=c1e7643f45cd5e10a1c2208b62a3 sender=Bank_HSBC_H2H processed
2026-01-31T06:43:41.470Z INFO  [IF_BusinessPartner_Sync] MPL=7d0ae79ff5b17e6063979f87ef98 sender=Concur_Expense processed
2026-03-16T11:44:28.470Z WARN  [IF_Invoice_Post] MPL=15f74f1d31da6cd51b7274e2c828 sender=SAP_S4HANA_PRD processed
2026-06-02T16:46:22.835Z WARN  [IF_Invoice_Post] MPL=23997fa1b29772bdf7e48dd50a63 sender=Ariba_Network processed
2026-09-27T10:07:37.499Z INFO  [IF_BusinessPartner_Sync] MPL=c3f0313ff92a2a382ab693ea37b9 sender=Ariba_Network processed
2026-09-29T22:18:20.389Z WARN  [IF_Employee_Delta_Sync] MPL=b730f4b3ea6285d22a0c455c70b2 sender=Ariba_Network processed
2026-01-02T03:23:52.126Z ERROR [IF_Material_Master_Replication] MPL=cd52e8035425b7c0dc9974f5c529 sender=DHL_Logistics processed
2026-03-02T22:54:10.510Z INFO  [IF_Material_Master_Replication] MPL=e92fbac7619e371d8d136bf354df sender=Concur_Expense processed
2026-02-20T23:42:34.383Z ERROR [IF_Delivery_Tracking] MPL=70cb4c4e65810e74831d75a2821a sender=Workday_HCM processed
2026-03-26T06:26:24.251Z ERROR [IF_BusinessPartner_Sync] MPL=8c905d58f1967c497033a0b91e36 sender=Concur_Expense processed
2026-09-11T15:09:11.502Z WARN  [IF_Delivery_Tracking] MPL=d3f3b7142cb54a9ee2cdc35b475d sender=Workday_HCM processed
2026-08-08T11:19:49.417Z WARN  [IF_Material_Master_Replication] MPL=a4c35ac9e1fe3c6b2a50b83370f5 sender=SuccessFactors_EC processed
2026-09-10T19:27:12.030Z WARN  [IF_Invoice_Post] MPL=c2bbcf07fa76b7ee462a60f8ffeb sender=Bank_HSBC_H2H processed
2026-06-01T04:10:30.228Z INFO  [IF_Delivery_Tracking] MPL=7b6d9c694d9f6d39a1005db33723 sender=Concur_Expense processed
2026-04-07T09:22:33.533Z INFO  [IF_Employee_Delta_Sync] MPL=ca27c2ea69240dcfa6f404fe3f0c sender=Salesforce_CRM processed
2026-03-23T01:34:39.109Z INFO  [IF_PurchaseOrder_Ariba] MPL=2017c25d502dd6fe9ab4a60e3c7c sender=Salesforce_CRM processed
2026-04-20T03:07:37.051Z ERROR [IF_Sales_Order_Create] MPL=83f4ddb26f04fefb0b96508436dc sender=Concur_Expense processed
2026-03-26T17:39:38.765Z INFO  [IF_PurchaseOrder_Ariba] MPL=b201f7848dcaf76ef10efdcca0d3 sender=SAP_S4HANA_PRD processed
2026-07-20T03:53:43.001Z INFO  [IF_Sales_Order_Create] MPL=c4fb1ce946c29be5d4f648e533bd sender=Concur_Expense processed
2026-01-23T15:06:16.435Z INFO  [IF_Sales_Order_Create] MPL=2a83813d14b91e154e0fb91cae04 sender=Ariba_Network processed
2026-01-30T15:23:04.354Z INFO  [IF_Material_Master_Replication] MPL=1aa6bb81a0aac818d311684ec74a sender=Workday_HCM processed
2026-07-30T21:44:29.058Z WARN  [IF_Invoice_Post] MPL=c01e95bc50771723a6ff7f921899 sender=DHL_Logistics processed
2026-02-08T01:32:33.132Z WARN  [IF_Payment_Status_Bank] MPL=0028dee9bbfe17ba73eb358607d3 sender=Bank_HSBC_H2H processed
2026-06-05T01:47:52.968Z WARN  [IF_PurchaseOrder_Ariba] MPL=ba0975401137043d8ac47d7982a6 sender=Bank_HSBC_H2H processed
2026-08-02T13:34:53.139Z WARN  [IF_Delivery_Tracking] MPL=b0e83566e755f2cce512f85acdda sender=SuccessFactors_EC processed
2026-04-07T02:37:16.741Z ERROR [IF_Delivery_Tracking] MPL=7f723c71e314b8b1968da28d9747 sender=Ariba_Network processed
2026-03-28T04:41:00.241Z INFO  [IF_Delivery_Tracking] MPL=ae57687cebe6aa4c9764bc8b1547 sender=Salesforce_CRM processed
2026-08-29T13:31:38.054Z ERROR [IF_Invoice_Post] MPL=d57561d88def47ceb8added460cc sender=Salesforce_CRM processed
2026-07-27T07:36:39.351Z INFO  [IF_PurchaseOrder_Ariba] MPL=4aeb792f237fe19f4e9e7a767914 sender=SuccessFactors_EC processed
2026-06-09T22:25:42.280Z WARN  [IF_Invoice_Post] MPL=479790e00c4aa61ce1b7bc62cf78 sender=SAP_S4HANA_PRD processed
2026-01-25T11:21:16.118Z ERROR [IF_PurchaseOrder_Ariba] MPL=a899abf5d5e9502e751ae4dd9f29 sender=Salesforce_CRM processed
2026-02-24T15:36:06.286Z ERROR [IF_Delivery_Tracking] MPL=1f794e4900bfeb0f18f09b85ace1 sender=Bank_HSBC_H2H processed
2026-03-25T04:47:19.289Z WARN  [IF_Payment_Status_Bank] MPL=33de17c882aefa3bfa860e898d9d sender=Bank_HSBC_H2H processed
2026-01-04T09:34:22.766Z ERROR [IF_Sales_Order_Create] MPL=38aff6c5af4ed3ec5ee102ad7e0d sender=SuccessFactors_EC processed
2026-01-31T06:00:53.056Z INFO  [IF_Material_Master_Replication] MPL=5569bc7df89aaaaadb56b87b94d8 sender=Ariba_Network processed
2026-03-23T11:12:33.164Z ERROR [IF_BusinessPartner_Sync] MPL=a780c7187f615b54860436c802b9 sender=Bank_HSBC_H2H processed
2026-08-10T02:54:48.744Z INFO  [IF_PurchaseOrder_Ariba] MPL=30b13d086b34d06cf59d7b80fe7a sender=Bank_HSBC_H2H processed
2026-03-06T03:37:20.986Z ERROR [IF_Invoice_Post] MPL=a8e3ebd7c795d530f1ff7caa1b5b sender=Workday_HCM processed
2026-07-04T17:46:52.341Z WARN  [IF_PurchaseOrder_Ariba] MPL=6dd51172d751f8050aabb2037a69 sender=Bank_HSBC_H2H processed
2026-04-02T12:33:48.302Z WARN  [IF_Payment_Status_Bank] MPL=35d60db864069faeab8126f9d33f sender=Bank_HSBC_H2H processed
2026-07-19T14:11:22.948Z WARN  [IF_Material_Master_Replication] MPL=4c629d1f147d1fb3d9c5e42be15b sender=Workday_HCM processed
2026-02-09T02:52:27.907Z INFO  [IF_Invoice_Post] MPL=d1a6668de7cfc9048e7ba6e6e52b sender=Bank_HSBC_H2H processed
2026-04-12T02:40:16.223Z ERROR [IF_Employee_Delta_Sync] MPL=b8c6c95dbd2e541e0c1cdd5c62d4 sender=Workday_HCM processed
2026-05-07T02:43:22.691Z ERROR [IF_Employee_Delta_Sync] MPL=b8f408e753632236e4e8ebe07acc sender=Workday_HCM processed
2026-01-22T08:10:23.539Z INFO  [IF_BusinessPartner_Sync] MPL=4160bf1bd7ef32b780c55e7c06a1 sender=Salesforce_CRM processed
2026-10-04T03:34:42.875Z INFO  [IF_Material_Master_Replication] MPL=117f73a11c4e7e3b1c6d4de962c3 sender=Bank_HSBC_H2H processed
2026-09-08T05:35:08.699Z ERROR [IF_Material_Master_Replication] MPL=911b514730e55ca18e1f064ac4c6 sender=Concur_Expense processed
2026-05-16T06:30:30.736Z ERROR [IF_Invoice_Post] MPL=03a99cf2fb38ab28d3f6a748fb54 sender=SAP_S4HANA_PRD processed