2026-05-27T11:00:54.403Z INFO  [IF_Sales_Order_Create] MPL=8e265bfccf86d313d89bd5dbb8ea sender=Workday_HCM processed
2026-05-01T14:18:18.810Z WARN  [IF_Delivery_Tracking] MPL=11d609683f369474878fa05b5575 sender=Workday_HCM processed
2026-04-21T22:19:18.868Z ERROR [IF_Payment_Status_Bank] MPL=e85babfab0b00e0ae4dda9be3a01 sender=SAP_S4HANA_PRD processed
2026-04-10T10:31:30.216Z ERROR [IF_Sales_Order_Create] MPL=9dff7c51a588a8c68a2d16c9639d sender=SAP_S4HANA_PRD processed
2026-03-23T10:19:04.847Z INFO  [IF_BusinessPartner_Sync] MPL=633f30dfdb0570971de8b987da7d sender=Salesforce_CRM processed
2026-08-13T10:21:07.802Z WARN  [IF_BusinessPartner_Sync] MPL=0892978c8dd04d744d4aa9aa4990 sender=Workday_HCM processed
2026-01-04T04:06:03.576Z ERROR [IF_Payment_Status_Bank] MPL=e4bf1076c6abdf2c6d993b11247a sender=Ariba_Network processed
2026-09-12T00:46:24.905Z WARN  [IF_Material_Master_Replication] MPL=5dabc5eb3eddc951b268e7cb40fa sender=Ariba_Network processed
2026-06-04T04:00:25.303Z WARN  [IF_Payment_Status_Bank] MPL=958192fafa4b81c623d480c1dfb9 sender=Workday_HCM processed
2026-03-19T07:13:52.349Z ERROR [IF_Payment_Status_Bank] MPL=b8e80e64d7190303aab91ea0b3bf sender=Concur_Expense processed
2026-07-24T21:21:35.345Z INFO  [IF_BusinessPartner_Sync] MPL=dc80fc4520099f0d6b8590f06ec1 sender=Bank_HSBC_H2H processed
2026-07-05T02:58:33.421Z ERROR [IF_Employee_Delta_Sync] MPL=8c957cabe54ef7f3fa509ad7b2c3 sender=Concur_Expense processed
2026-08-06T16:49:53.701Z ERROR [IF_Delivery_Tracking] MPL=b7ba20f0e8d803c8795ae4531325 sender=Ariba_Network processed
2026-02-12T20:15:39.988Z WARN  [IF_Invoice_Post] MPL=a60fcd74f311d026a7f4081373e2 sender=SAP_S4HANA_PRD processed
2026-08-11T21:07:08.474Z ERROR [IF_Delivery_Tracking] MPL=900f3e5f9ac9fc2842d6016c4753 sender=SuccessFactors_EC processed
2026-02-27T15:56:07.794Z ERROR [IF_Payment_Status_Bank] MPL=4bea9a37b077d3f1de419ff90ff7 sender=Concur_Expense processed
2026-05-31T12:20:47.418Z INFO  [IF_Payment_Status_Bank] MPL=ddd31beb2ccc192ba7966be13834 sender=Concur_Expense processed
2026-01-18T00:58:02.489Z ERROR [IF_BusinessPartner_Sync] MPL=40b1ff16906b9c45a60fb15cba60 sender=SuccessFactors_EC processed
2026-04-08T16:41:48.071Z INFO  [IF_Material_Master_Replication] MPL=fcdc618d6a1c929114ea8d87a4a7 sender=Salesforce_CRM processed
2026-03-04T05:33:30.984Z INFO  [IF_Sales_Order_Create] MPL=0930285dc2329e7060b21f05597d sender=Salesforce_CRM processed