2026-04-16T10:30:27.450Z INFO  [IF_Employee_Delta_Sync] MPL=e2098272c563f2efe8dd9e6e2c04 sender=SuccessFactors_EC processed
2026-09-03T08:19:51.631Z ERROR [IF_Material_Master_Replication] MPL=83686c38fc9ec2880ee9323d4911 sender=Concur_Expense processed
2026-08-14T17:14:35.120Z WARN  [IF_Sales_Order_Create] MPL=027e5ba7d4b06821924acb0c736a sender=Concur_Expense processed
2026-06-23T16:22:15.587Z ERROR [IF_Delivery_Tracking] MPL=98500d2a13997fc7c79393f22e59 sender=Bank_HSBC_H2H processed
2026-09-27T23:31:58.082Z ERROR [IF_BusinessPartner_Sync] MPL=0bd2c08c38d577152bde34749421 sender=SAP_S4HANA_PRD processed
2026-02-08T03:29:28.985Z ERROR [IF_BusinessPartner_Sync] MPL=54edf236592e1d0ec909177ef473 sender=Workday_HCM processed
2026-02-24T16:19:30.268Z ERROR [IF_Delivery_Tracking] MPL=01c1e17df4f34d65ba08b853ca3a sender=DHL_Logistics processed
2026-06-29T15:12:27.025Z ERROR [IF_Payment_Status_Bank] MPL=605f6043fe08baed6bd26fa12324 sender=Salesforce_CRM processed
2026-09-30T01:11:05.950Z ERROR [IF_Material_Master_Replication] MPL=7bd2cd2b8bcc5d7da50687d64a84 sender=SAP_S4HANA_PRD processed
2026-03-18T07:39:01.905Z INFO  [IF_Material_Master_Replication] MPL=8b2626b320197da681777e2e6a59 sender=Concur_Expense processed
2026-05-31T07:47:31.608Z WARN  [IF_BusinessPartner_Sync] MPL=cff90d4241cc310b8d9503d0a444 sender=Workday_HCM processed
2026-01-27T05:01:51.941Z WARN  [IF_BusinessPartner_Sync] MPL=6a02c3d9dd8d33917d536896cde8 sender=Concur_Expense processed
2026-01-13T22:32:28.169Z ERROR [IF_BusinessPartner_Sync] MPL=4798f9acb63e2234916e5e704ad3 sender=Ariba_Network processed
2026-07-23T00:39:17.225Z ERROR [IF_Payment_Status_Bank] MPL=bf33e0f86678cae44a6a1e5d0b39 sender=Ariba_Network processed
2026-01-12T13:37:20.179Z INFO  [IF_Material_Master_Replication] MPL=e1f2aeee537bf1fe1031141dbc21 sender=Concur_Expense processed
2026-09-19T20:52:30.565Z WARN  [IF_Delivery_Tracking] MPL=afab21878cdcb7e3fec22526a8bd sender=SuccessFactors_EC processed
2026-01-04T03:55:15.591Z WARN  [IF_Invoice_Post] MPL=1934e70cedcdc561a5913f7652c4 sender=Salesforce_CRM processed
2026-07-19T14:07:53.383Z ERROR [IF_BusinessPartner_Sync] MPL=d9e1933ab45341f33df2b9c09dc5 sender=SuccessFactors_EC processed
2026-04-14T14:35:54.048Z WARN  [IF_Material_Master_Replication] MPL=59d5a9ab2a354c3286b8f437198d sender=Salesforce_CRM processed
2026-08-02T17:01:55.279Z ERROR [IF_Employee_Delta_Sync] MPL=ddb97af84f4edd1228eadf6f5767 sender=SAP_S4HANA_PRD processed
2026-08-30T19:00:38.279Z INFO  [IF_BusinessPartner_Sync] MPL=0a6ff9d3ea01004516cc0860e44e sender=SAP_S4HANA_PRD processed
2026-03-23T01:25:07.248Z ERROR [IF_Invoice_Post] MPL=6d592df9c0ed43dacc26dd87d917 sender=Ariba_Network processed
2026-04-08T20:09:49.255Z WARN  [IF_Delivery_Tracking] MPL=24783ffda0430050be4e93396f8d sender=SuccessFactors_EC processed
2026-07-01T18:59:34.259Z WARN  [IF_Employee_Delta_Sync] MPL=12e9610295701f920cbcc55defdb sender=Bank_HSBC_H2H processed
2026-05-31T23:24:53.691Z INFO  [IF_Invoice_Post] MPL=17f518b8e091022f8cd8244d8b56 sender=Ariba_Network processed
2026-03-05T05:35:00.881Z WARN  [IF_Invoice_Post] MPL=dd8053d96e1e915aea2b0cfc9aaf sender=SAP_S4HANA_PRD processed
2026-03-09T07:20:17.611Z ERROR [IF_Material_Master_Replication] MPL=c95accc04fdea4b5d46b211d6653 sender=Ariba_Network processed
2026-07-06T09:56:28.140Z INFO  [IF_Invoice_Post] MPL=f8ea947a53d16ba7372632989204 sender=SuccessFactors_EC processed
2026-04-26T04:58:50.488Z ERROR [IF_Delivery_Tracking] MPL=a8c3320e77b7a148cf8db6b4a33a sender=Ariba_Network processed
2026-05-19T12:13:28.770Z INFO  [IF_BusinessPartner_Sync] MPL=ea7a595a19c45be6e029b9a69401 sender=DHL_Logistics processed
2026-07-08T12:15:51.733Z ERROR [IF_Material_Master_Replication] MPL=df5cef9fd6e85c6da1b65ae73051 sender=Workday_HCM processed
2026-05-05T23:25:35.340Z WARN  [IF_Material_Master_Replication] MPL=1ccfd4239d5c708358f73fe4e279 sender=Bank_HSBC_H2H processed
2026-03-09T11:51:37.920Z INFO  [IF_PurchaseOrder_Ariba] MPL=956710315bbaf99b1db0630411ea sender=Workday_HCM processed
2026-01-13T21:42:28.046Z ERROR [IF_PurchaseOrder_Ariba] MPL=8a0226e484c01f96198c3d2d1661 sender=Workday_HCM processed
2026-01-25T19:11:21.166Z INFO  [IF_BusinessPartner_Sync] MPL=4e34c3df5b1b62132b1d5e833bcf sender=SAP_S4HANA_PRD processed
2026-07-31T03:16:31.464Z ERROR [IF_Material_Master_Replication] MPL=07fda14be1441aa2dac723282d21 sender=Bank_HSBC_H2H processed
2026-03-13T18:18:42.338Z INFO  [IF_Invoice_Post] MPL=4a881356ea6c541a48f5b82f00ef sender=Ariba_Network processed
2026-06-27T11:57:27.989Z ERROR [IF_Employee_Delta_Sync] MPL=deedb384dd92e7cb9cae3f4e41fb sender=DHL_Logistics processed
2026-07-11T00:02:14.139Z INFO  [IF_Payment_Status_Bank] MPL=1c52f60db2fbebd50007d8fddef9 sender=Concur_Expense processed
2026-04-14T15:57:47.665Z WARN  [IF_Payment_Status_Bank] MPL=33165393c33bd0fabfc77a09cbe9 sender=Workday_HCM processed
2026-05-11T06:13:53.778Z INFO  [IF_Sales_Order_Create] MPL=1954a1e32e9a5747eab5a8476883 sender=Bank_HSBC_H2H processed
2026-06-21T01:46:05.441Z INFO  [IF_Employee_Delta_Sync] MPL=1bb162fe89f7a5e3abca0efc8be6 sender=DHL_Logistics processed
2026-02-19T05:34:53.122Z ERROR [IF_Sales_Order_Create] MPL=a88ec8cc739794f43a44dd625e05 sender=Salesforce_CRM processed
2026-03-15T19:15:45.125Z INFO  [IF_Material_Master_Replication] MPL=613ad770f8161546c769f4908a5b sender=Ariba_Network processed
2026-02-20T21:10:30.596Z WARN  [IF_Sales_Order_Create] MPL=a4aaeb26091d9389968a4b6f28c2 sender=Salesforce_CRM processed
2026-04-21T00:51:58.705Z WARN  [IF_Invoice_Post] MPL=3b02827b8ff1ed7cf2b42cc181f3 sender=Ariba_Network processed
2026-06-07T03:09:03.401Z INFO  [IF_Payment_Status_Bank] MPL=e228516d9792b76ce6908d17c5df sender=Bank_HSBC_H2H processed
2026-06-30T00:05:56.367Z WARN  [IF_Sales_Order_Create] MPL=dd0c0bb9c8aa0b75cec132a8b297 sender=Salesforce_CRM processed
2026-05-15T07:38:40.006Z WARN  [IF_Employee_Delta_Sync] MPL=c0ee3e07784250e3c2c3d8c7dceb sender=SAP_S4HANA_PRD processed
2026-02-19T16:22:19.336Z INFO  [IF_Sales_Order_Create] MPL=c5e90647242485957db0fdf37a82 sender=DHL_Logistics processed
2026-08-07T15:11:37.864Z WARN  [IF_Payment_Status_Bank] MPL=f2994ec3d871327640b45db9226f sender=Workday_HCM processed
2026-01-09T01:51:38.557Z INFO  [IF_Delivery_Tracking] MPL=5a8b7993aae4b1f304716acc85b3 sender=Ariba_Network processed
2026-09-03T08:01:54.030Z ERROR [IF_Invoice_Post] MPL=0422b6066c4ec5e84175859776c6 sender=SuccessFactors_EC processed
2026-04-25T13:00:46.945Z INFO  [IF_Employee_Delta_Sync] MPL=f748ae849e9b610b7dba78d7691e sender=Ariba_Network processed
2026-02-23T09:30:07.740Z WARN  [IF_Employee_Delta_Sync] MPL=5994b92307db90c28e05f2276a1e sender=Workday_HCM processed
2026-07-31T16:27:16.735Z ERROR [IF_PurchaseOrder_Ariba] MPL=4bb0e3f313a48e5a5e81f8de2138 sender=Concur_Expense processed
2026-01-29T04:52:09.940Z WARN  [IF_Invoice_Post] MPL=3f8136f99e552f5a9579715a5f1e sender=DHL_Logistics processed
2026-08-24T21:01:30.318Z INFO  [IF_Material_Master_Replication] MPL=7aab3c3c34059e97657369b17db4 sender=Bank_HSBC_H2H processed
2026-09-02T00:14:37.091Z WARN  [IF_Payment_Status_Bank] MPL=3e39ac8d870e4ce38b8775688f0d sender=SAP_S4HANA_PRD processed
2026-07-06T07:34:30.526Z ERROR [IF_Payment_Status_Bank] MPL=2cdda87c990c0fe757bd7f2f283e sender=SuccessFactors_EC processed
2026-01-20T19:44:39.204Z ERROR [IF_PurchaseOrder_Ariba] MPL=0f8769ec806f279a3c5825006fad sender=SAP_S4HANA_PRD processed
2026-03-27T07:06:04.113Z INFO  [IF_PurchaseOrder_Ariba] MPL=eed2ad4cdb87226f73d00c721a9a sender=SAP_S4HANA_PRD processed
2026-08-01T03:19:09.497Z ERROR [IF_Invoice_Post] MPL=2c185e87b165935f8d9adeddaf5f sender=Concur_Expense processed