2026-08-04T15:44:58.069Z ERROR [IF_Sales_Order_Create] MPL=b80a3c1277120bb912bd32725821 sender=Salesforce_CRM processed
2026-05-21T15:25:40.408Z ERROR [IF_Sales_Order_Create] MPL=4970f3ef81086dd4ece65a896e1c sender=Ariba_Network processed
2026-01-14T01:03:55.435Z WARN  [IF_Material_Master_Replication] MPL=a47da6e8a65d9ea2427129ddc586 sender=Salesforce_CRM processed
2026-01-18T09:13:39.604Z WARN  [IF_PurchaseOrder_Ariba] MPL=eb9a5711fffbf073eeed3f39ad82 sender=Bank_HSBC_H2H processed
2026-07-03T06:34:29.571Z ERROR [IF_Material_Master_Replication] MPL=e57898372dd2aa88298e4d4d49f1 sender=Workday_HCM processed
2026-09-14T13:02:05.052Z ERROR [IF_Employee_Delta_Sync] MPL=430cebb929e0a3f25760e4021a83 sender=Concur_Expense processed
2026-09-17T01:07:38.743Z ERROR [IF_PurchaseOrder_Ariba] MPL=44b20f7422cf9ccc10a1aa9cd876 sender=SuccessFactors_EC processed
2026-01-03T17:53:59.854Z ERROR [IF_BusinessPartner_Sync] MPL=d5cbd1c47203bbe395fcbacf6ea8 sender=SuccessFactors_EC processed
2026-02-21T17:48:42.225Z INFO  [IF_Delivery_Tracking] MPL=9cab4d8c98a2cd0bafd66b30a860 sender=SuccessFactors_EC processed
2026-07-06T07:50:58.171Z INFO  [IF_Invoice_Post] MPL=88414e3b4a9df9143b514f89d45f sender=DHL_Logistics processed
2026-01-02T18:42:32.953Z INFO  [IF_Payment_Status_Bank] MPL=a897ac5b250df7e67895c3dcde78 sender=Workday_HCM processed
2026-07-14T09:04:40.826Z WARN  [IF_PurchaseOrder_Ariba] MPL=a4d0417f1a1e5a48a7e22fb09d22 sender=DHL_Logistics processed
2026-07-27T14:06:02.077Z ERROR [IF_Employee_Delta_Sync] MPL=65eed62ea6bb100add42cb648347 sender=Salesforce_CRM processed
2026-03-29T01:20:23.529Z WARN  [IF_Material_Master_Replication] MPL=10628741dbb5bb11b3d8fa5f2573 sender=Bank_HSBC_H2H processed
2026-08-04T04:37:35.579Z ERROR [IF_Material_Master_Replication] MPL=a42110639e8840ab8b7c5e1959d1 sender=Salesforce_CRM processed
2026-07-20T16:52:25.910Z WARN  [IF_Delivery_Tracking] MPL=c8119748bd9e624586caa7bd72a0 sender=Salesforce_CRM processed
2026-05-13T16:51:51.242Z ERROR [IF_Material_Master_Replication] MPL=13a617819fbd1aa0099d3ce947e1 sender=Salesforce_CRM processed
2026-03-18T16:06:15.632Z WARN  [IF_Material_Master_Replication] MPL=0ca4fc483046f4efb085601c412f sender=Ariba_Network processed
2026-06-11T17:04:06.032Z INFO  [IF_Delivery_Tracking] MPL=c61f8866c9e1bc7f15849eb7c7fe sender=Salesforce_CRM processed
2026-08-26T09:31:14.708Z ERROR [IF_BusinessPartner_Sync] MPL=2a3919244be93d0e6b35fb078786 sender=SAP_S4HANA_PRD processed
2026-05-28T03:35:26.363Z ERROR [IF_Delivery_Tracking] MPL=de150101e89b73038af20110fedc sender=Concur_Expense processed
2026-06-09T04:02:17.949Z WARN  [IF_PurchaseOrder_Ariba] MPL=3293436d70c4311d0d4b599c1bc1 sender=SAP_S4HANA_PRD processed
2026-06-19T23:33:41.963Z WARN  [IF_Sales_Order_Create] MPL=14b66cc81e16641e2886dd53336a sender=Bank_HSBC_H2H processed
2026-09-06T21:24:06.630Z WARN  [IF_PurchaseOrder_Ariba] MPL=b5fbe27c65b530062d783dbcb9ba sender=Salesforce_CRM processed
2026-04-03T07:46:05.663Z WARN  [IF_Delivery_Tracking] MPL=a161dd7466ebbf6bea169e27f9fc sender=DHL_Logistics processed
2026-06-19T10:31:46.957Z WARN  [IF_Invoice_Post] MPL=4e5719523587b65f85cc605d881b sender=Ariba_Network processed
2026-04-13T07:23:15.433Z WARN  [IF_PurchaseOrder_Ariba] MPL=550532060aeaf5fefaac12260b3e sender=SuccessFactors_EC processed
2026-09-13T21:49:38.687Z ERROR [IF_Invoice_Post] MPL=2a444346a1338f1d4fef934bab13 sender=Concur_Expense processed
2026-04-29T04:48:35.206Z ERROR [IF_Payment_Status_Bank] MPL=cbd30cb71f47dda408ec8c53356d sender=Workday_HCM processed
2026-04-09T05:50:03.399Z INFO  [IF_PurchaseOrder_Ariba] MPL=df3a4085ccced282df13f1fcb122 sender=SAP_S4HANA_PRD processed
2026-03-06T03:25:00.674Z ERROR [IF_Sales_Order_Create] MPL=5165da86ea474d224c832b9f81d7 sender=Workday_HCM processed
2026-01-22T05:48:33.559Z INFO  [IF_Delivery_Tracking] MPL=be377859102a45941befc2024c0b sender=Bank_HSBC_H2H processed
2026-04-29T17:56:12.497Z ERROR [IF_BusinessPartner_Sync] MPL=fb282399dd86172c31612cf71f2d sender=Bank_HSBC_H2H processed
2026-05-19T21:08:27.732Z WARN  [IF_BusinessPartner_Sync] MPL=d3fd1576c1ed311caa25592e7446 sender=Bank_HSBC_H2H processed
2026-02-19T16:29:01.443Z ERROR [IF_Delivery_Tracking] MPL=a04895345ac22123ecdade0bbc95 sender=Salesforce_CRM processed
2026-02-21T00:14:38.400Z WARN  [IF_Delivery_Tracking] MPL=95f1dc104db8b654ede246b21ed2 sender=Bank_HSBC_H2H processed
2026-04-12T02:19:12.507Z WARN  [IF_Employee_Delta_Sync] MPL=79ecf1a48c019405bd0a9511a0ee sender=SAP_S4HANA_PRD processed
2026-05-24T12:14:28.186Z INFO  [IF_Sales_Order_Create] MPL=6d6782c795a5604fe8ea37ca19d2 sender=Bank_HSBC_H2H processed
2026-09-15T18:29:27.341Z ERROR [IF_BusinessPartner_Sync] MPL=b8cc6ef430d78c94a9fb7f85de27 sender=Bank_HSBC_H2H processed
2026-10-02T21:48:00.338Z INFO  [IF_PurchaseOrder_Ariba] MPL=4f32a0ce9a05ccd8f39fb74bfb1d sender=Concur_Expense processed
2026-02-04T01:16:51.577Z ERROR [IF_Employee_Delta_Sync] MPL=766c42028782a11a85bdf54e972f sender=SuccessFactors_EC processed
2026-05-05T13:20:34.110Z ERROR [IF_BusinessPartner_Sync] MPL=315448f0f65d3073a15bae12bca3 sender=Ariba_Network processed
2026-04-12T12:10:33.379Z ERROR [IF_Sales_Order_Create] MPL=6ecf7aeb1d087232ed06ea18d881 sender=DHL_Logistics processed
2026-01-17T10:08:12.522Z WARN  [IF_Payment_Status_Bank] MPL=7f35b420bb0037e19ed4c1f77c74 sender=Workday_HCM processed
2026-06-21T07:09:13.611Z INFO  [IF_Material_Master_Replication] MPL=dfcdd0f7c10fcb7878ac12c47651 sender=SuccessFactors_EC processed
2026-09-16T18:22:05.895Z WARN  [IF_Employee_Delta_Sync] MPL=6a305562627f46ab9c5b06e8e2a2 sender=Bank_HSBC_H2H processed
2026-04-19T16:04:35.901Z ERROR [IF_Payment_Status_Bank] MPL=ea7dafa8e79f458742d01e7a5bc9 sender=Ariba_Network processed
2026-08-19T02:33:30.564Z INFO  [IF_PurchaseOrder_Ariba] MPL=fad7ba0b1b14669df450743ea91c sender=Workday_HCM processed
2026-06-25T12:14:53.404Z INFO  [IF_Invoice_Post] MPL=0f7b9af9101f55079adc7e2da1f4 sender=Concur_Expense processed
2026-07-10T09:26:00.265Z WARN  [IF_Sales_Order_Create] MPL=a05de895f3f857123b6208f8213c sender=SAP_S4HANA_PRD processed
2026-07-16T02:16:10.091Z ERROR [IF_Payment_Status_Bank] MPL=4205b7c89999a4fcd1f34f4ae9f5 sender=Bank_HSBC_H2H processed
2026-07-31T06:26:23.695Z ERROR [IF_Sales_Order_Create] MPL=c4fc91c873641bc368b38f5e5676 sender=Salesforce_CRM processed
2026-09-11T07:00:23.855Z INFO  [IF_BusinessPartner_Sync] MPL=f8291e0512ea22b3f3fd67649331 sender=SAP_S4HANA_PRD processed
2026-01-14T12:37:01.319Z ERROR [IF_Employee_Delta_Sync] MPL=8f6583beb4577981fa7773178678 sender=Concur_Expense processed
2026-08-06T01:35:39.731Z INFO  [IF_Material_Master_Replication] MPL=5b296945ae09292658ef2e275d5c sender=DHL_Logistics processed
2026-05-27T04:24:10.968Z INFO  [IF_BusinessPartner_Sync] MPL=9775f45445f563fe73088511aba4 sender=Workday_HCM processed
2026-03-22T18:50:39.641Z INFO  [IF_Payment_Status_Bank] MPL=1bc00a3979544b29c7a3f44597fb sender=SuccessFactors_EC processed
2026-01-22T05:57:08.703Z ERROR [IF_Employee_Delta_Sync] MPL=3d35181b69780c6f09d6abe7603b sender=Bank_HSBC_H2H processed
2026-07-12T09:16:07.823Z INFO  [IF_Payment_Status_Bank] MPL=8234832a973506e6a6e4e005c846 sender=Concur_Expense processed
2026-06-06T08:23:56.136Z ERROR [IF_Payment_Status_Bank] MPL=305c9b9eebfcd79e07b808c2c34a sender=Concur_Expense processed
2026-06-30T01:24:38.279Z INFO  [IF_Payment_Status_Bank] MPL=011d5b8b55066a0b3979451d9d61 sender=Concur_Expense processed
2026-08-30T21:56:59.134Z INFO  [IF_Delivery_Tracking] MPL=491d9ee4d7d5a457b67a4a6eef5e sender=SuccessFactors_EC processed
2026-09-20T14:53:31.471Z ERROR [IF_Sales_Order_Create] MPL=fc853ad8db27ac4bdcafc831beb6 sender=Concur_Expense processed
2026-01-13T00:06:02.141Z WARN  [IF_Delivery_Tracking] MPL=efeea9ba60b2864266333bb49627 sender=Salesforce_CRM processed
2026-05-22T10:27:55.079Z ERROR [IF_Material_Master_Replication] MPL=b45d09df16c31087586a3e2887c6 sender=Workday_HCM processed