2026-09-21T10:45:15.747Z ERROR [IF_Material_Master_Replication] MPL=4e0d97b45041dc85d3e2bf442ba3 sender=Concur_Expense processed
2026-06-04T08:10:02.863Z INFO  [IF_Material_Master_Replication] MPL=0f51b146b86e0a619abff99ce794 sender=SuccessFactors_EC processed
2026-10-05T17:20:23.191Z ERROR [IF_Payment_Status_Bank] MPL=7e188597f658d5ea8047c5baf4d2 sender=Bank_HSBC_H2H processed
2026-04-27T22:39:37.410Z ERROR [IF_Sales_Order_Create] MPL=586adca35266b0f57eb146dd2d17 sender=Ariba_Network processed
2026-05-03T23:27:27.067Z INFO  [IF_Payment_Status_Bank] MPL=8280fb9de37d2ced4763f3f3cb72 sender=DHL_Logistics processed
2026-07-29T04:59:44.358Z WARN  [IF_Sales_Order_Create] MPL=3f0bf5988a7ac5ae28d459900ad0 sender=SAP_S4HANA_PRD processed
2026-07-06T18:57:53.916Z INFO  [IF_Payment_Status_Bank] MPL=532764d62bf3b667b7d750eba35c sender=DHL_Logistics processed
2026-05-01T05:23:08.164Z WARN  [IF_PurchaseOrder_Ariba] MPL=5c61372df74308cf6d8ae2d8a2ea sender=Workday_HCM processed
2026-07-26T10:31:28.059Z ERROR [IF_PurchaseOrder_Ariba] MPL=d8651af2fe28702fa6cc06f7d4e1 sender=Concur_Expense processed
2026-02-26T16:44:01.428Z WARN  [IF_PurchaseOrder_Ariba] MPL=1ae40491d767344111a38ccd0897 sender=Concur_Expense processed
2026-04-21T02:45:06.400Z ERROR [IF_Material_Master_Replication] MPL=eae50707907703512a37dd4450f5 sender=SAP_S4HANA_PRD processed
2026-07-16T10:04:39.741Z INFO  [IF_BusinessPartner_Sync] MPL=19ade02b9c61038fbaaa9f41c5b9 sender=SuccessFactors_EC processed
2026-04-04T01:51:16.556Z ERROR [IF_BusinessPartner_Sync] MPL=f9e63f95ea27b4bf6cc18908ec00 sender=DHL_Logistics processed
2026-09-03T19:12:40.932Z ERROR [IF_Payment_Status_Bank] MPL=527893f589170687691660999f4c sender=Bank_HSBC_H2H processed
2026-04-25T15:56:27.894Z INFO  [IF_Payment_Status_Bank] MPL=72e93d041589b73d4b9f69504a64 sender=Ariba_Network processed
2026-07-11T21:34:07.363Z INFO  [IF_Employee_Delta_Sync] MPL=b815ce993f23aabc4083d7181d3c sender=Bank_HSBC_H2H processed
2026-04-29T05:20:01.950Z WARN  [IF_Sales_Order_Create] MPL=d8b7177cff625c849401947a2679 sender=Bank_HSBC_H2H processed
2026-03-29T14:04:30.456Z INFO  [IF_Delivery_Tracking] MPL=f01674f54fd2cbc524ad1a5fdd72 sender=SAP_S4HANA_PRD processed
2026-02-25T06:24:30.777Z WARN  [IF_Employee_Delta_Sync] MPL=cf9a3b8f3793e69f2da2a9c8cf01 sender=Concur_Expense processed
2026-01-18T06:20:43.842Z ERROR [IF_Delivery_Tracking] MPL=7746e9bcd9989fff8c4087d831a2 sender=SAP_S4HANA_PRD processed
2026-04-04T21:19:12.297Z INFO  [IF_Payment_Status_Bank] MPL=89dba4841dfb902f40c62cbee4bc sender=Concur_Expense processed
2026-05-13T23:01:32.044Z ERROR [IF_Payment_Status_Bank] MPL=a4f65d7967c6f732d1e61d172983 sender=SAP_S4HANA_PRD processed
2026-06-17T18:14:40.994Z INFO  [IF_Employee_Delta_Sync] MPL=ea48fad62b74bfd1c02462338fe7 sender=DHL_Logistics processed
2026-03-29T20:08:23.759Z INFO  [IF_PurchaseOrder_Ariba] MPL=659fc293a4c9d18ae5ad9e7c1c88 sender=Workday_HCM processed
2026-02-27T01:23:02.047Z INFO  [IF_PurchaseOrder_Ariba] MPL=52e6239e3d8ecb888573d12844e5 sender=Ariba_Network processed
2026-01-02T20:34:26.048Z WARN  [IF_Payment_Status_Bank] MPL=e58b844f6f56d4df6b2eceb4070e sender=Workday_HCM processed
2026-04-15T11:43:06.475Z ERROR [IF_Invoice_Post] MPL=b8abbd088bd9ee76820cf9ad3d52 sender=Workday_HCM processed
2026-08-03T11:25:34.255Z ERROR [IF_Invoice_Post] MPL=bc7d8f97a8b217fd82470f2b9b0e sender=Workday_HCM processed
2026-02-11T21:12:17.816Z ERROR [IF_BusinessPartner_Sync] MPL=a306ef378652e033cdb9e50b908f sender=DHL_Logistics processed
2026-01-26T17:05:25.245Z INFO  [IF_Employee_Delta_Sync] MPL=2dd028606d6087b3bbd4c690c10c sender=Bank_HSBC_H2H processed
2026-06-30T02:46:24.256Z INFO  [IF_Invoice_Post] MPL=3986fe422313a23319b2cfa830d1 sender=Ariba_Network processed
2026-08-20T10:56:51.526Z ERROR [IF_Delivery_Tracking] MPL=f054d83fa0edb7b08f2b292c4b6a sender=Bank_HSBC_H2H processed
2026-04-21T06:33:56.362Z INFO  [IF_Material_Master_Replication] MPL=8911900f16f5e786dfd9165afe87 sender=SAP_S4HANA_PRD processed
2026-07-14T08:40:36.669Z ERROR [IF_Sales_Order_Create] MPL=5e89c694ac77888c9399da2cdb18 sender=Salesforce_CRM processed
2026-07-29T07:11:57.953Z ERROR [IF_Delivery_Tracking] MPL=97f12d9a7d3ed63ffdb6ddcdef36 sender=Ariba_Network processed
2026-04-20T23:17:38.967Z WARN  [IF_Delivery_Tracking] MPL=7a9a5c61b86be50c47bafb138dc3 sender=DHL_Logistics processed
2026-02-04T21:47:44.313Z INFO  [IF_Payment_Status_Bank] MPL=b23d0bb19cd4c2d7aac543ace99d sender=SAP_S4HANA_PRD processed
2026-02-03T21:08:42.281Z INFO  [IF_BusinessPartner_Sync] MPL=4a36c4f71595b569aea2440250a9 sender=Workday_HCM processed
2026-08-22T05:21:20.792Z INFO  [IF_Delivery_Tracking] MPL=d06445a5464d1c285277d41ded00 sender=Concur_Expense processed
2026-07-23T14:07:54.148Z INFO  [IF_Payment_Status_Bank] MPL=287ecaa9f74fc63f25f452250469 sender=Workday_HCM processed
2026-04-14T16:24:36.016Z ERROR [IF_BusinessPartner_Sync] MPL=38e2ea1a63da3d0bce20c5b893a7 sender=SAP_S4HANA_PRD processed
2026-03-03T09:36:44.162Z INFO  [IF_Sales_Order_Create] MPL=01c68344b40564ca5314fe6e1fc1 sender=SAP_S4HANA_PRD processed
2026-04-27T02:01:07.384Z WARN  [IF_Sales_Order_Create] MPL=8447a6fd857ec6a3267467f50f8d sender=Workday_HCM processed
2026-03-28T08:18:50.221Z INFO  [IF_Sales_Order_Create] MPL=8a02bc44e2ffdfa44f0bbcc373b4 sender=Concur_Expense processed
2026-07-25T22:24:38.188Z ERROR [IF_Payment_Status_Bank] MPL=c5cabf845c12c5892ed7189b5769 sender=SAP_S4HANA_PRD processed
2026-03-19T11:13:37.359Z INFO  [IF_Payment_Status_Bank] MPL=2b9ef78d85bb88d505e7a9c0138a sender=Bank_HSBC_H2H processed
2026-02-08T03:56:17.213Z WARN  [IF_BusinessPartner_Sync] MPL=f35004edab22209ed5eb0928d2c6 sender=Salesforce_CRM processed
2026-04-16T09:59:27.845Z INFO  [IF_Employee_Delta_Sync] MPL=20cfa1c3cdcb02ce74fe7e37bfca sender=Workday_HCM processed
2026-08-31T03:14:02.104Z ERROR [IF_Employee_Delta_Sync] MPL=9e91a7564241bb80a869f523ed67 sender=SuccessFactors_EC processed
2026-08-31T11:03:42.566Z ERROR [IF_Material_Master_Replication] MPL=13d5d96c9b2244f4b47c0c081c01 sender=SuccessFactors_EC processed
2026-07-27T05:19:05.627Z ERROR [IF_Invoice_Post] MPL=3e55eaf2408a9f5a621c0557e19a sender=Concur_Expense processed
2026-06-10T01:00:25.447Z WARN  [IF_PurchaseOrder_Ariba] MPL=a4dada55bfff27b2260f594f31d3 sender=DHL_Logistics processed
2026-05-28T18:24:29.473Z INFO  [IF_Delivery_Tracking] MPL=8a09dcaec72ae405399b8b07846e sender=Ariba_Network processed
2026-06-08T21:26:41.639Z ERROR [IF_Employee_Delta_Sync] MPL=2e82af516452ac1a92bf7cff684e sender=Salesforce_CRM processed
2026-06-28T18:35:45.065Z WARN  [IF_Delivery_Tracking] MPL=ab39d3aa10141af803fd89c7021e sender=Ariba_Network processed
2026-05-20T11:34:30.345Z ERROR [IF_Employee_Delta_Sync] MPL=e8e88a781bbaf464fe9d71f11bd8 sender=Workday_HCM processed
2026-07-03T00:29:40.745Z WARN  [IF_Invoice_Post] MPL=a90b0a754d933ea40c9d4e198de1 sender=Workday_HCM processed
2026-08-27T01:02:36.104Z INFO  [IF_Payment_Status_Bank] MPL=c82d21554f8e6df1e91661296a4a sender=SAP_S4HANA_PRD processed
2026-08-20T00:09:24.375Z INFO  [IF_BusinessPartner_Sync] MPL=bddc09a12f6392692a04cb079a35 sender=Ariba_Network processed
2026-06-19T15:09:19.385Z INFO  [IF_PurchaseOrder_Ariba] MPL=4e6a76d20db375c09fae138092a1 sender=Salesforce_CRM processed
2026-01-26T11:32:20.615Z INFO  [IF_Invoice_Post] MPL=18dc5c202518a1e2edf46fa41a2c sender=Bank_HSBC_H2H processed
2026-08-03T08:59:20.426Z INFO  [IF_PurchaseOrder_Ariba] MPL=95de1768d541cc28db95cd3454c3 sender=Concur_Expense processed
2026-02-19T10:20:12.558Z ERROR [IF_Material_Master_Replication] MPL=300ed22ae36d1e623b51b402c7ef sender=Concur_Expense processed
2026-04-22T02:24:10.525Z ERROR [IF_Invoice_Post] MPL=84d4b4766cf2ad28384190cceba3 sender=Salesforce_CRM processed
2026-09-30T18:53:20.695Z INFO  [IF_Employee_Delta_Sync] MPL=1aeec360f9ee0a7532e9722e88b8 sender=Workday_HCM processed