2026-02-02T22:45:04.078Z ERROR [IF_BusinessPartner_Sync] MPL=bb60135e703b58a80da55807ce21 sender=SuccessFactors_EC processed
2026-04-07T05:23:54.446Z WARN  [IF_PurchaseOrder_Ariba] MPL=babb8be49dcda37a13618455cb26 sender=SAP_S4HANA_PRD processed
2026-01-06T12:21:27.734Z ERROR [IF_Sales_Order_Create] MPL=ca8fd5c4770e265e8e55dd25b3d7 sender=Concur_Expense processed
2026-01-09T23:21:54.262Z ERROR [IF_Employee_Delta_Sync] MPL=f389756c00a71a7719877b893aff sender=DHL_Logistics processed
2026-03-15T06:32:02.170Z WARN  [IF_Invoice_Post] MPL=c9696ec9f2e095c37bd8da6ff9fb sender=Bank_HSBC_H2H processed
2026-09-04T10:14:23.637Z WARN  [IF_Delivery_Tracking] MPL=55e4c71f53c485be20aec43a22ce sender=Ariba_Network processed
2026-09-19T07:21:46.295Z INFO  [IF_Payment_Status_Bank] MPL=b111d41584b39098643923362a56 sender=DHL_Logistics processed
2026-01-02T03:25:17.924Z INFO  [IF_Delivery_Tracking] MPL=48c7417b202bdb86857fd9535331 sender=Concur_Expense processed
2026-07-19T01:58:44.328Z INFO  [IF_Delivery_Tracking] MPL=c1da25d78c77d3a95788a4fa94fa sender=Bank_HSBC_H2H processed
2026-03-11T18:55:17.001Z WARN  [IF_Material_Master_Replication] MPL=831b867da1609a704db928499961 sender=Salesforce_CRM processed
2026-01-08T12:35:14.516Z ERROR [IF_Sales_Order_Create] MPL=2436c18ecbb6ff124ca2b29fbdda sender=SuccessFactors_EC processed
2026-04-11T23:55:46.341Z INFO  [IF_Material_Master_Replication] MPL=f46c4825bffe8ef238fcd2391537 sender=Bank_HSBC_H2H processed
2026-01-21T21:14:47.168Z WARN  [IF_Employee_Delta_Sync] MPL=e1a0290d2f7b4af9badead2e9479 sender=SAP_S4HANA_PRD processed
2026-07-08T22:37:55.823Z INFO  [IF_Sales_Order_Create] MPL=dfa8c5627564399c2ed3a03e76f6 sender=Ariba_Network processed
2026-01-21T23:18:43.980Z WARN  [IF_Employee_Delta_Sync] MPL=a38d1b1fdceca808dfd868f2c405 sender=Ariba_Network processed
2026-02-23T11:47:33.248Z INFO  [IF_BusinessPartner_Sync] MPL=4a10b80f25fec4de47ad3d140e17 sender=SAP_S4HANA_PRD processed
2026-08-27T14:37:07.462Z WARN  [IF_PurchaseOrder_Ariba] MPL=dd537a664879ad6f5d832b53a3b7 sender=Workday_HCM processed
2026-05-23T20:26:25.208Z ERROR [IF_Sales_Order_Create] MPL=0916e0cd4b04334029b6099820b9 sender=DHL_Logistics processed
2026-09-20T23:07:19.607Z INFO  [IF_Delivery_Tracking] MPL=497fdcf9f496dc30941e80819b38 sender=SuccessFactors_EC processed
2026-09-16T00:03:22.908Z ERROR [IF_Payment_Status_Bank] MPL=328324c241d3b9b973878816e73b sender=Concur_Expense processed
2026-04-04T22:22:53.731Z INFO  [IF_Sales_Order_Create] MPL=ac8aeb2fc9f34f9d05eb3e5e8dfb sender=Ariba_Network processed
2026-01-04T05:01:54.426Z ERROR [IF_Sales_Order_Create] MPL=d67eabee843f6da0f37b4902f561 sender=SAP_S4HANA_PRD processed
2026-08-25T10:04:02.921Z INFO  [IF_PurchaseOrder_Ariba] MPL=e2d8cde19403212ddbb2c925869d sender=Ariba_Network processed
2026-04-16T21:27:44.618Z ERROR [IF_Sales_Order_Create] MPL=e509a79a15652c758cd4d12e0c01 sender=SuccessFactors_EC processed
2026-06-23T23:36:39.579Z INFO  [IF_Sales_Order_Create] MPL=350c2468a72c105820cf5cc09627 sender=Salesforce_CRM processed
2026-07-15T18:33:44.930Z INFO  [IF_Sales_Order_Create] MPL=83ec524fe22d1ca73f74752edd6d sender=Ariba_Network processed
2026-04-24T09:41:25.688Z ERROR [IF_Employee_Delta_Sync] MPL=7cee03b06be5d59942ec362e2f20 sender=Bank_HSBC_H2H processed
2026-06-04T14:07:45.319Z WARN  [IF_Sales_Order_Create] MPL=2205d90eaddb995e61e382c1cea4 sender=Salesforce_CRM processed
2026-02-16T23:59:49.294Z WARN  [IF_Sales_Order_Create] MPL=c9a0690ca1337e5d5f7b403825c3 sender=SAP_S4HANA_PRD processed
2026-05-13T14:14:08.309Z INFO  [IF_Delivery_Tracking] MPL=f180e45e737f1b61cc3b87a56f05 sender=Salesforce_CRM processed
2026-04-06T08:42:49.921Z INFO  [IF_Delivery_Tracking] MPL=58b6d894f96af76b77fc9aa8a84e sender=Concur_Expense processed
2026-06-17T05:30:51.489Z WARN  [IF_PurchaseOrder_Ariba] MPL=00860e4e2c25191a86e484886bbd sender=SuccessFactors_EC processed
2026-05-07T00:37:34.212Z INFO  [IF_Material_Master_Replication] MPL=442e9dfae9883584de10ab756690 sender=Salesforce_CRM processed
2026-05-29T20:18:14.687Z WARN  [IF_Sales_Order_Create] MPL=1d9c2e5338af1e6c097b399a0b49 sender=Bank_HSBC_H2H processed
2026-07-04T11:22:47.163Z INFO  [IF_Payment_Status_Bank] MPL=aaa1fcb957dedb5e4b50797085e8 sender=Bank_HSBC_H2H processed
2026-02-24T07:00:16.248Z ERROR [IF_Invoice_Post] MPL=75076489bdefece3cdc67ca50890 sender=SAP_S4HANA_PRD processed
2026-08-28T04:19:33.073Z WARN  [IF_Sales_Order_Create] MPL=6d9b8c1149b6de1b3f617be8ae0f sender=Concur_Expense processed
2026-09-11T15:50:57.491Z INFO  [IF_Delivery_Tracking] MPL=38e9fe4ab1e5e36772e1b92ede66 sender=Concur_Expense processed
2026-02-13T19:06:24.569Z INFO  [IF_PurchaseOrder_Ariba] MPL=aa2f7944e114e5355ed21628b95e sender=Concur_Expense processed
2026-04-19T19:03:17.167Z ERROR [IF_Material_Master_Replication] MPL=cc6db934f1faee9e3aea5a4118ce sender=SAP_S4HANA_PRD processed
2026-07-29T00:01:26.425Z INFO  [IF_Payment_Status_Bank] MPL=2f4003e8a82109ec96aef05896d6 sender=SuccessFactors_EC processed
2026-06-18T17:10:31.499Z INFO  [IF_Employee_Delta_Sync] MPL=fad15ae518a80d16a4f656f315c1 sender=SuccessFactors_EC processed
2026-02-08T00:28:01.562Z INFO  [IF_BusinessPartner_Sync] MPL=476b0c072a1d94115b9dccc24f9b sender=Ariba_Network processed
2026-08-12T21:43:28.411Z INFO  [IF_PurchaseOrder_Ariba] MPL=57358a4d28d3aae6bfd650b9fb96 sender=Concur_Expense processed
2026-09-06T22:45:57.087Z ERROR [IF_Employee_Delta_Sync] MPL=f0d5822b21cdf3fb58dc4ebb7a95 sender=Ariba_Network processed
2026-06-03T08:27:06.445Z WARN  [IF_Sales_Order_Create] MPL=154ba2c1b434f4ff4ac259b0e701 sender=Ariba_Network processed
2026-03-15T23:16:37.367Z WARN  [IF_Payment_Status_Bank] MPL=11b42e8db1b2781c3399bac0fb21 sender=DHL_Logistics processed
2026-01-23T04:05:07.359Z WARN  [IF_BusinessPartner_Sync] MPL=7d815ec0908ed5c5f0ce1204b80b sender=SAP_S4HANA_PRD processed
2026-03-17T07:14:31.811Z WARN  [IF_Employee_Delta_Sync] MPL=1bd9ea03f1da247e8a9b63999a43 sender=SuccessFactors_EC processed
2026-07-08T11:53:35.380Z ERROR [IF_Payment_Status_Bank] MPL=9a776a9ffab7e26614ebbe2bc24d sender=Ariba_Network processed
2026-04-24T21:14:32.551Z WARN  [IF_Delivery_Tracking] MPL=3d2aa4be56c166743cf5cfe0f5e7 sender=Ariba_Network processed
2026-10-04T01:57:02.295Z WARN  [IF_BusinessPartner_Sync] MPL=943785f4a698fb950fadf75f9ab0 sender=Salesforce_CRM processed
2026-08-11T17:56:58.837Z INFO  [IF_BusinessPartner_Sync] MPL=6d79d0779cdd36c27a8a72e6549a sender=Workday_HCM processed
2026-02-11T21:21:24.761Z ERROR [IF_Material_Master_Replication] MPL=d8472b4b729258e38eea41975187 sender=Ariba_Network processed
2026-08-16T22:53:55.592Z INFO  [IF_PurchaseOrder_Ariba] MPL=315f5a6337b3e7d5e740d635e549 sender=SAP_S4HANA_PRD processed
2026-04-01T15:14:48.323Z WARN  [IF_Sales_Order_Create] MPL=9af37827dab1ac35db56bef2e02e sender=SAP_S4HANA_PRD processed
2026-03-01T18:05:00.146Z INFO  [IF_Invoice_Post] MPL=a86388ca051def6363f0507a42f2 sender=Salesforce_CRM processed
2026-09-18T05:23:43.799Z ERROR [IF_Sales_Order_Create] MPL=20e7cdd5084a4b03c6a88462191b sender=Salesforce_CRM processed
2026-07-07T20:17:54.748Z ERROR [IF_Payment_Status_Bank] MPL=6f29cec779b3ec11ef7b073e4769 sender=SuccessFactors_EC processed