2026-06-23T18:40:50.143Z WARN  [IF_PurchaseOrder_Ariba] MPL=532611b077d0bb78b425c1fd37c8 sender=Workday_HCM processed
2026-05-02T09:21:00.009Z WARN  [IF_PurchaseOrder_Ariba] MPL=0a9836da9d891cd26e4fe778a7af sender=SAP_S4HANA_PRD processed
2026-06-23T10:41:33.827Z INFO  [IF_Material_Master_Replication] MPL=c3c4a6a0814ed4d9691fc235d9c9 sender=Ariba_Network processed
2026-01-04T07:30:02.631Z WARN  [IF_Invoice_Post] MPL=edb50c2afc92cf1f142cc7129f14 sender=Ariba_Network processed
2026-06-28T07:29:34.708Z INFO  [IF_Delivery_Tracking] MPL=c608f7836634973af1a4836d89b3 sender=Ariba_Network processed
2026-07-19T13:33:13.937Z ERROR [IF_Payment_Status_Bank] MPL=ec11ca0fd8174e28c467905ac4e6 sender=SuccessFactors_EC processed
2026-04-09T15:36:13.647Z INFO  [IF_Delivery_Tracking] MPL=b42b836d5971623de5a0c8f05fd5 sender=Concur_Expense processed
2026-04-08T23:37:01.250Z INFO  [IF_Delivery_Tracking] MPL=866a60f23bf7ae482717c0ba931f sender=Bank_HSBC_H2H processed
2026-09-08T15:04:46.021Z ERROR [IF_Payment_Status_Bank] MPL=a3a0053c3bdfaed462a0fdc628e7 sender=SAP_S4HANA_PRD processed
2026-01-04T18:33:02.018Z INFO  [IF_Invoice_Post] MPL=68cf1ef408a18543ac2e0a0d8831 sender=Bank_HSBC_H2H processed
2026-02-13T15:58:21.609Z WARN  [IF_Employee_Delta_Sync] MPL=10e99fc5bc32a1e3e44f70b9423a sender=SAP_S4HANA_PRD processed
2026-06-11T11:52:44.449Z WARN  [IF_Invoice_Post] MPL=33a0c50e88e1918c4d26e96541fe sender=Salesforce_CRM processed
2026-05-29T22:58:03.791Z WARN  [IF_Payment_Status_Bank] MPL=acdcd81984dec318533e3bf98eae sender=SAP_S4HANA_PRD processed
2026-01-16T13:44:10.947Z INFO  [IF_Payment_Status_Bank] MPL=c2f9785b0841bc279131e88adac5 sender=SuccessFactors_EC processed
2026-03-19T17:03:18.393Z INFO  [IF_PurchaseOrder_Ariba] MPL=e0f370792a63fdd9eb0a388d4f54 sender=Salesforce_CRM processed
2026-07-20T17:09:25.942Z ERROR [IF_PurchaseOrder_Ariba] MPL=45fbdd42b7aa869885e7001e7851 sender=SuccessFactors_EC processed
2026-08-05T02:09:14.143Z WARN  [IF_Delivery_Tracking] MPL=d8b82541c19e0f505a4e6dc222d9 sender=Concur_Expense processed
2026-09-05T15:14:56.779Z ERROR [IF_Material_Master_Replication] MPL=5c1002fd2c7bc24a65a27a1d1308 sender=Salesforce_CRM processed
2026-09-18T02:05:47.548Z WARN  [IF_Payment_Status_Bank] MPL=5f2563fbf68b50258ed6e59f3a4d sender=Ariba_Network processed
2026-01-26T07:25:08.852Z ERROR [IF_Delivery_Tracking] MPL=b0ca871bed318cd62d24f1932d56 sender=Concur_Expense processed
2026-09-09T06:21:56.573Z INFO  [IF_Material_Master_Replication] MPL=30a55a6efe0572c7e5a6fe939c74 sender=Workday_HCM processed
2026-05-03T08:56:44.120Z ERROR [IF_Material_Master_Replication] MPL=2450a76b12007618507fa0648c92 sender=SuccessFactors_EC processed
2026-05-04T12:17:15.565Z WARN  [IF_PurchaseOrder_Ariba] MPL=34022a89f4c39059fe15d57e8d92 sender=Bank_HSBC_H2H processed
2026-05-22T06:16:48.277Z WARN  [IF_Invoice_Post] MPL=ef25696cb94bc415a1fa28200310 sender=Concur_Expense processed
2026-01-20T09:53:26.005Z WARN  [IF_Employee_Delta_Sync] MPL=3d6bf5615df68199aba07eceb5a9 sender=Ariba_Network processed
2026-09-23T04:02:52.103Z WARN  [IF_Delivery_Tracking] MPL=f009ea5f41f5efebfb8fefc6e80a sender=SuccessFactors_EC processed
2026-08-18T10:00:24.007Z INFO  [IF_Sales_Order_Create] MPL=eae99192e84db705981a78e7f4ef sender=Workday_HCM processed
2026-05-25T21:34:59.529Z WARN  [IF_PurchaseOrder_Ariba] MPL=09ba189c956cf3cd454ed01013fa sender=Workday_HCM processed
2026-06-23T01:00:15.482Z INFO  [IF_Invoice_Post] MPL=fb7753e3f3c826d2619e37ebee36 sender=SuccessFactors_EC processed
2026-01-06T12:54:13.069Z INFO  [IF_Payment_Status_Bank] MPL=243c7383d7b04b02288121e07219 sender=SuccessFactors_EC processed
2026-05-05T13:12:37.249Z WARN  [IF_Material_Master_Replication] MPL=6bcde4d207353b191655adb00fa2 sender=Workday_HCM processed
2026-09-22T23:03:51.941Z ERROR [IF_Material_Master_Replication] MPL=8e1f5dd2be6785d2e286dc4820d1 sender=SuccessFactors_EC processed
2026-03-05T10:31:16.745Z INFO  [IF_PurchaseOrder_Ariba] MPL=4e3f1841116c222c4cedaaec14d5 sender=SuccessFactors_EC processed
2026-08-01T15:42:56.619Z ERROR [IF_Invoice_Post] MPL=5c84c60ec086ebb2ee8dae51198e sender=DHL_Logistics processed
2026-04-01T20:13:07.733Z ERROR [IF_Sales_Order_Create] MPL=e64cd617013a4bc1b4046c30cccf sender=Workday_HCM processed
2026-09-05T09:02:32.728Z ERROR [IF_Invoice_Post] MPL=0e1febd6bebe140b3cb7fcf51b94 sender=DHL_Logistics processed
2026-02-13T18:41:46.257Z WARN  [IF_Payment_Status_Bank] MPL=dad4c6b5f065ea4edeb36cd24806 sender=SuccessFactors_EC processed
2026-07-29T16:05:26.761Z WARN  [IF_Invoice_Post] MPL=a5b7fd2069c0eaa9902ba4288e87 sender=SAP_S4HANA_PRD processed
2026-03-07T14:12:13.127Z ERROR [IF_BusinessPartner_Sync] MPL=9fe5c12cc3856db86c74ff0956a4 sender=Ariba_Network processed
2026-05-17T17:06:24.599Z INFO  [IF_Payment_Status_Bank] MPL=6b4979eb95132fe6da6f7ed129a8 sender=SuccessFactors_EC processed
2026-09-14T09:28:40.646Z ERROR [IF_Payment_Status_Bank] MPL=8da05c8a7549d4f00b23310a3269 sender=Bank_HSBC_H2H processed
2026-01-21T10:19:18.861Z INFO  [IF_Payment_Status_Bank] MPL=652ead76479898ea289c372ccc0d sender=DHL_Logistics processed
2026-07-24T23:43:36.926Z WARN  [IF_PurchaseOrder_Ariba] MPL=ca5d836ff183083eae18c80c757f sender=DHL_Logistics processed
2026-03-27T17:31:02.639Z WARN  [IF_Invoice_Post] MPL=b75e53fb086f4dfbd262bf815619 sender=Bank_HSBC_H2H processed
2026-04-16T11:10:11.929Z ERROR [IF_Employee_Delta_Sync] MPL=0b0823a0a39b6b38e02a9a308302 sender=Concur_Expense processed
2026-06-22T00:08:31.745Z INFO  [IF_Payment_Status_Bank] MPL=c9bb4fc3ba4cdf70ed2cbf618942 sender=Salesforce_CRM processed
2026-03-21T14:07:16.544Z ERROR [IF_Material_Master_Replication] MPL=7787a1221b0cf168049d59ea133c sender=Bank_HSBC_H2H processed
2026-09-21T23:21:30.202Z ERROR [IF_Material_Master_Replication] MPL=47b8526a769e63b2c9bbbaadfa8c sender=Salesforce_CRM processed
2026-08-15T05:04:47.486Z WARN  [IF_BusinessPartner_Sync] MPL=fe74b6d7c7ee5405496ebf1d2ab4 sender=Workday_HCM processed
2026-05-02T20:32:06.160Z INFO  [IF_BusinessPartner_Sync] MPL=ab559e3013567660135d21e3cd76 sender=Concur_Expense processed
2026-03-19T07:27:24.233Z INFO  [IF_Payment_Status_Bank] MPL=8bb6957e7cac92fbd3570c5ef6a6 sender=Salesforce_CRM processed