2026-06-05T09:54:16.622Z WARN  [IF_Material_Master_Replication] MPL=d375b9ce0a661ebfd4546452cf15 sender=Bank_HSBC_H2H processed
2026-03-02T14:09:25.490Z INFO  [IF_BusinessPartner_Sync] MPL=974d7e3b18e4fc04759b926074fc sender=Concur_Expense processed
2026-02-28T04:58:41.746Z WARN  [IF_Delivery_Tracking] MPL=57912f2cd4bcb057596bd778189e sender=Concur_Expense processed
2026-06-09T13:35:48.474Z WARN  [IF_Material_Master_Replication] MPL=8aa7ac7cc45dcef8de76b4a4c430 sender=Workday_HCM processed
2026-06-07T14:31:13.733Z WARN  [IF_Delivery_Tracking] MPL=eed931348a2d7f7ca18d6dde52f3 sender=Concur_Expense processed
2026-03-16T21:21:23.879Z ERROR [IF_PurchaseOrder_Ariba] MPL=d7eafe1bb051ec42be876e06bfc8 sender=Salesforce_CRM processed
2026-02-16T00:12:38.387Z INFO  [IF_Payment_Status_Bank] MPL=73d0dbe9295898d848dca654728b sender=Salesforce_CRM processed
2026-01-20T05:15:43.288Z INFO  [IF_Sales_Order_Create] MPL=dc954928d39e869b865781e63061 sender=SAP_S4HANA_PRD processed
2026-04-10T15:22:15.258Z WARN  [IF_Material_Master_Replication] MPL=3fc798ed9769b2a4cda3638ff36f sender=Salesforce_CRM processed
2026-08-23T07:38:23.265Z ERROR [IF_Material_Master_Replication] MPL=01c222b41374e45e7b5e3f721d1d sender=Ariba_Network processed
2026-02-16T23:05:40.963Z INFO  [IF_BusinessPartner_Sync] MPL=0af78a5c1b2b74e931a24cbad4bc sender=SuccessFactors_EC processed
2026-06-29T20:57:51.548Z ERROR [IF_BusinessPartner_Sync] MPL=66b195fc5f262665aeb8f76f1d79 sender=Salesforce_CRM processed
2026-03-23T02:03:10.995Z WARN  [IF_Payment_Status_Bank] MPL=9c2e96931582cecccad21c625013 sender=Concur_Expense processed
2026-01-17T07:17:52.045Z WARN  [IF_BusinessPartner_Sync] MPL=3fae86d56aa04da0ab609a6b812a sender=SAP_S4HANA_PRD processed
2026-04-12T05:54:52.827Z INFO  [IF_Employee_Delta_Sync] MPL=ebd90cfcaba1a1467ce3a929952f sender=DHL_Logistics processed
2026-06-25T18:19:19.244Z ERROR [IF_Delivery_Tracking] MPL=2afcb8b9758ea1d71e3afe0f10fe sender=Workday_HCM processed
2026-04-10T21:56:42.813Z WARN  [IF_Material_Master_Replication] MPL=97c4b3fa1c77f986005eeaf0df13 sender=Salesforce_CRM processed
2026-05-30T05:06:02.707Z ERROR [IF_Material_Master_Replication] MPL=d93fca99b738b1c9421eeea28a21 sender=Concur_Expense processed
2026-08-23T12:51:08.519Z INFO  [IF_BusinessPartner_Sync] MPL=ca30a8bb66e2c26cc833fdf22757 sender=SAP_S4HANA_PRD processed
2026-05-24T10:52:15.844Z WARN  [IF_Employee_Delta_Sync] MPL=05fd5e98879f11aa0342c1d3b015 sender=DHL_Logistics processed
2026-04-23T16:24:11.269Z ERROR [IF_BusinessPartner_Sync] MPL=a3056bc23f624cebf2a24886db54 sender=SAP_S4HANA_PRD processed
2026-04-18T23:26:46.590Z WARN  [IF_Sales_Order_Create] MPL=d169ebda144876506ba5a7ca9851 sender=Bank_HSBC_H2H processed
2026-08-25T05:36:05.164Z ERROR [IF_Delivery_Tracking] MPL=2b68193a448682c4f21002f2d0bf sender=Ariba_Network processed
2026-05-01T17:54:30.000Z WARN  [IF_BusinessPartner_Sync] MPL=9b8ebf6d61fbddde4e5bf1f10ce9 sender=SAP_S4HANA_PRD processed
2026-09-27T04:32:43.216Z ERROR [IF_Invoice_Post] MPL=f8272fe560cd460d9f6b1be1f779 sender=SuccessFactors_EC processed
2026-05-30T08:45:04.822Z INFO  [IF_PurchaseOrder_Ariba] MPL=abd7ec2bb029015e19269ab6dc45 sender=SuccessFactors_EC processed
2026-07-14T22:04:39.449Z INFO  [IF_Sales_Order_Create] MPL=b364dfab3eeea96bdff242cb21bb sender=Concur_Expense processed
2026-08-01T03:24:42.191Z WARN  [IF_Sales_Order_Create] MPL=a3851c90d8cd922f00e847f69a5e sender=DHL_Logistics processed
2026-03-16T05:49:42.502Z ERROR [IF_Delivery_Tracking] MPL=6709cc7123cee545885c44b1a786 sender=DHL_Logistics processed
2026-04-08T21:00:39.481Z INFO  [IF_Sales_Order_Create] MPL=82377e5ef91a9ed1096c4d64632e sender=SAP_S4HANA_PRD processed
2026-07-31T16:31:19.375Z ERROR [IF_Material_Master_Replication] MPL=8cfd93446a952035444e26dab41c sender=Salesforce_CRM processed
2026-02-18T07:19:25.839Z ERROR [IF_PurchaseOrder_Ariba] MPL=8981f57e7a2e79017535857d2c0b sender=Salesforce_CRM processed
2026-07-06T18:31:15.685Z ERROR [IF_Employee_Delta_Sync] MPL=d585752522bdb5bf75cff6461974 sender=Concur_Expense processed
2026-07-25T07:01:52.196Z WARN  [IF_BusinessPartner_Sync] MPL=709255b2d17ddd47cceaeee6789a sender=DHL_Logistics processed
2026-07-01T23:27:47.494Z ERROR [IF_PurchaseOrder_Ariba] MPL=541f092d01dfe6efc0b66d2dfcf3 sender=Concur_Expense processed
2026-07-28T22:15:20.560Z ERROR [IF_Material_Master_Replication] MPL=4505a5fa18492dd746248a6f413b sender=Concur_Expense processed
2026-05-08T10:12:58.326Z ERROR [IF_BusinessPartner_Sync] MPL=d464542dffa9014696e543769d15 sender=DHL_Logistics processed
2026-05-05T18:50:48.496Z WARN  [IF_Invoice_Post] MPL=b777d4c337e421b94a024f0a9991 sender=Ariba_Network processed
2026-06-06T09:36:41.559Z ERROR [IF_Delivery_Tracking] MPL=d21cef32045c946a86b67602427a sender=Salesforce_CRM processed
2026-04-28T03:09:57.291Z INFO  [IF_Material_Master_Replication] MPL=00e937e3adc84b135a654aa21ef6 sender=Concur_Expense processed
2026-05-26T04:14:49.863Z ERROR [IF_BusinessPartner_Sync] MPL=9d5b8cb406aae7cf4c405ac40e24 sender=Salesforce_CRM processed
2026-04-08T13:20:07.012Z WARN  [IF_PurchaseOrder_Ariba] MPL=609c38aa686833d1314da66b8836 sender=Bank_HSBC_H2H processed
2026-08-02T14:06:48.170Z INFO  [IF_Material_Master_Replication] MPL=f2600ce871c0570dc0c6a8075170 sender=SuccessFactors_EC processed
2026-03-17T19:57:08.643Z ERROR [IF_Employee_Delta_Sync] MPL=ac7fddcdcec5036bcbbf8a1ff302 sender=DHL_Logistics processed
2026-01-10T05:59:00.169Z INFO  [IF_Invoice_Post] MPL=10f8709cf8478f8674db17a4d8dc sender=Ariba_Network processed
2026-08-20T18:57:19.017Z WARN  [IF_Invoice_Post] MPL=a39d8ad153cbc0b08b4b491c98cf sender=Concur_Expense processed
2026-08-16T20:43:37.817Z INFO  [IF_Material_Master_Replication] MPL=cbdfc416c69d9af1fe9e4f5256dd sender=SAP_S4HANA_PRD processed
2026-04-10T08:00:40.733Z ERROR [IF_Material_Master_Replication] MPL=00b08203144ba3db323f6b37399f sender=Concur_Expense processed
2026-05-09T00:38:02.780Z WARN  [IF_Employee_Delta_Sync] MPL=8daac1a8d3dd56d1768925139c22 sender=DHL_Logistics processed
2026-07-11T13:28:02.270Z ERROR [IF_BusinessPartner_Sync] MPL=2a5391173dfd24c6acbf4fd5fb30 sender=DHL_Logistics processed
2026-08-17T05:00:31.728Z INFO  [IF_Employee_Delta_Sync] MPL=bbc6e4ee0f3ca9bffdd67be1575a sender=Ariba_Network processed
2026-07-13T04:56:39.826Z INFO  [IF_Payment_Status_Bank] MPL=952a02792738e61578a356dca4c2 sender=Ariba_Network processed
2026-02-18T12:05:18.925Z WARN  [IF_Delivery_Tracking] MPL=9c703d671ca46f36abdc5f5b21c6 sender=DHL_Logistics processed