2026-01-07T14:18:43.572Z WARN  [IF_Delivery_Tracking] MPL=161b28393fb5e49ce06c85da604d sender=Bank_HSBC_H2H processed
2026-03-10T15:18:14.181Z WARN  [IF_Invoice_Post] MPL=686d325421bea33319d97dc22dd9 sender=DHL_Logistics processed
2026-06-18T20:04:32.941Z ERROR [IF_Invoice_Post] MPL=ee2c2692fdd56bba9c9201417a08 sender=Workday_HCM processed
2026-09-26T22:31:34.340Z ERROR [IF_Invoice_Post] MPL=458b612d526aea37ee96a1d6a13c sender=Concur_Expense processed
2026-08-13T12:13:01.048Z WARN  [IF_Delivery_Tracking] MPL=639f7ec66e00d9afa4541ae07ee5 sender=DHL_Logistics processed
2026-07-03T02:30:31.528Z WARN  [IF_Invoice_Post] MPL=1fa56f2df696d70c10ccaf5f54f1 sender=SuccessFactors_EC processed
2026-01-01T07:11:01.468Z INFO  [IF_PurchaseOrder_Ariba] MPL=2a23d6ee3423e8f25cb191b1320b sender=DHL_Logistics processed
2026-03-24T20:07:19.830Z WARN  [IF_Delivery_Tracking] MPL=f6f2017e9e79fc6af5610134a517 sender=Bank_HSBC_H2H processed
2026-01-05T02:30:44.773Z ERROR [IF_PurchaseOrder_Ariba] MPL=854d71a0db7dfb7ed9605031eba8 sender=Concur_Expense processed
2026-03-26T19:43:26.767Z ERROR [IF_Delivery_Tracking] MPL=e301e49374caef6661db86e4928c sender=DHL_Logistics processed
2026-01-08T15:42:39.970Z INFO  [IF_Delivery_Tracking] MPL=b62f14b9a025e97bfc5d11d669fc sender=SAP_S4HANA_PRD processed
2026-01-25T07:40:31.465Z WARN  [IF_Delivery_Tracking] MPL=2fb658c0ba7de6b3eaaa95c2efa0 sender=SuccessFactors_EC processed
2026-09-29T09:03:28.221Z ERROR [IF_Invoice_Post] MPL=823a7ceef0579a96e1aca48370e1 sender=Bank_HSBC_H2H processed
2026-02-02T10:25:39.248Z INFO  [IF_PurchaseOrder_Ariba] MPL=1f393e8824269c2aa2f80fd98fe2 sender=SAP_S4HANA_PRD processed
2026-09-12T00:33:45.061Z INFO  [IF_Invoice_Post] MPL=afe1e5b400dfd51297366236bad9 sender=SAP_S4HANA_PRD processed
2026-01-02T10:04:36.231Z WARN  [IF_Material_Master_Replication] MPL=251d4c019876c03c80fb9dec13f2 sender=SuccessFactors_EC processed
2026-05-19T19:30:27.538Z ERROR [IF_BusinessPartner_Sync] MPL=62ee62f2d3f7363aa256645429a4 sender=SAP_S4HANA_PRD processed
2026-03-30T06:23:52.380Z ERROR [IF_BusinessPartner_Sync] MPL=fce077f0bb47c849c762ad619fcf sender=SuccessFactors_EC processed
2026-06-04T16:29:15.621Z INFO  [IF_BusinessPartner_Sync] MPL=b06c5aefd33a7ca062f9e5b6bf7d sender=Concur_Expense processed
2026-03-02T20:18:36.615Z ERROR [IF_BusinessPartner_Sync] MPL=8ad16a00caffce22b506c423932f sender=Ariba_Network processed
2026-08-18T01:39:01.833Z INFO  [IF_Material_Master_Replication] MPL=b7581506e9d388d4e17025871a64 sender=Ariba_Network processed
2026-06-07T03:34:16.564Z WARN  [IF_BusinessPartner_Sync] MPL=8b3ccee2ea67cef0df7d7ca11e4a sender=SuccessFactors_EC processed
2026-07-15T19:08:12.241Z WARN  [IF_Invoice_Post] MPL=c47239646ad0081c281b1b2f0e18 sender=Ariba_Network processed
2026-05-18T00:37:34.908Z INFO  [IF_BusinessPartner_Sync] MPL=e04d2a5003a45bcd4f39e1b40a13 sender=Salesforce_CRM processed