2026-03-19T02:35:28.349Z WARN  [IF_PurchaseOrder_Ariba] MPL=c00ebed857410d5991b8e7186f5a sender=Ariba_Network processed
2026-05-30T01:51:40.859Z WARN  [IF_Employee_Delta_Sync] MPL=148dbe6258ff815f292efbebc0f8 sender=Concur_Expense processed
2026-07-26T19:28:45.964Z INFO  [IF_Material_Master_Replication] MPL=824cb9aa0d41c0673a528e8b0f29 sender=Ariba_Network processed
2026-06-15T13:17:20.702Z INFO  [IF_Payment_Status_Bank] MPL=9e135d2d10fd37a6d27e23ad4d26 sender=Workday_HCM processed
2026-06-09T04:51:44.205Z ERROR [IF_Material_Master_Replication] MPL=b417a72b31ac12a632b5e62e2203 sender=Salesforce_CRM processed
2026-01-17T20:10:00.175Z INFO  [IF_PurchaseOrder_Ariba] MPL=45dd3d18e3d887f3e4ae41d016e5 sender=DHL_Logistics processed
2026-09-13T13:59:05.648Z ERROR [IF_Delivery_Tracking] MPL=57e3488f68df25c345f58220a00a sender=Workday_HCM processed
2026-06-29T00:29:31.384Z INFO  [IF_PurchaseOrder_Ariba] MPL=1b076ef9db2d4a6c79995e65a791 sender=SuccessFactors_EC processed
2026-06-01T21:10:29.288Z INFO  [IF_Invoice_Post] MPL=1ddf505004dca1d6d0332c98eea0 sender=Workday_HCM processed
2026-02-14T02:06:15.816Z WARN  [IF_PurchaseOrder_Ariba] MPL=d779c1d794df8cd9bde7432e4d51 sender=SAP_S4HANA_PRD processed
2026-03-13T23:22:22.431Z WARN  [IF_Material_Master_Replication] MPL=9f62a6df7736ec76df7db7aa00ee sender=SuccessFactors_EC processed
2026-03-21T01:46:48.223Z WARN  [IF_Invoice_Post] MPL=296b641ffe2c82057302a5c60119 sender=Workday_HCM processed
2026-05-22T03:34:53.389Z ERROR [IF_Employee_Delta_Sync] MPL=7ca94c6b45cec7707de70faedd0c sender=Salesforce_CRM processed
2026-01-01T13:26:30.827Z INFO  [IF_Sales_Order_Create] MPL=d1ce5d68ea4d806ee7c6a01b7863 sender=Concur_Expense processed
2026-02-26T00:04:06.283Z ERROR [IF_Material_Master_Replication] MPL=ae2b04e725f42c102aab3e8509a9 sender=Concur_Expense processed
2026-02-23T05:15:55.509Z ERROR [IF_PurchaseOrder_Ariba] MPL=745e0258d961051db2d81199cb4b sender=DHL_Logistics processed
2026-01-19T16:01:49.849Z ERROR [IF_PurchaseOrder_Ariba] MPL=286eb451a372334ea6e49ffa64e1 sender=SAP_S4HANA_PRD processed
2026-09-08T19:46:45.857Z INFO  [IF_Payment_Status_Bank] MPL=c74c628ab387c105e44ba9386fa2 sender=SAP_S4HANA_PRD processed
2026-01-30T05:49:28.817Z INFO  [IF_Material_Master_Replication] MPL=99d74c6c9443f5db1ac90fce1fd1 sender=Salesforce_CRM processed
2026-05-13T18:12:23.274Z WARN  [IF_Payment_Status_Bank] MPL=78dc067b553c5f43f2a2b86920f7 sender=DHL_Logistics processed
2026-01-24T03:13:08.729Z WARN  [IF_Invoice_Post] MPL=159eca9ff554b9265847e4db0a4a sender=Workday_HCM processed
2026-06-19T01:56:06.888Z WARN  [IF_Material_Master_Replication] MPL=c41b4e8a7ce9f5b56b20d1fd0568 sender=Bank_HSBC_H2H processed
2026-06-05T16:06:26.947Z ERROR [IF_PurchaseOrder_Ariba] MPL=c3cb6abcdd2c713873b7b778c458 sender=SuccessFactors_EC processed
2026-04-15T12:04:25.830Z INFO  [IF_Payment_Status_Bank] MPL=fc365ed6808e03a7ccccb07cb1b2 sender=SuccessFactors_EC processed
2026-01-19T10:09:51.104Z ERROR [IF_Employee_Delta_Sync] MPL=989e1cb246be6222cc754cdf2fab sender=Workday_HCM processed
2026-02-16T01:06:11.010Z INFO  [IF_Employee_Delta_Sync] MPL=f1cc8ec53484066cacc78ebc0ad7 sender=Bank_HSBC_H2H processed
2026-05-15T17:12:40.555Z WARN  [IF_Payment_Status_Bank] MPL=aea733e1cbcdaae819d72d512185 sender=Ariba_Network processed
2026-06-01T10:00:55.517Z WARN  [IF_Payment_Status_Bank] MPL=d32c3e4f245979c347e8dac3a116 sender=Concur_Expense processed
2026-08-30T06:19:06.315Z ERROR [IF_Payment_Status_Bank] MPL=84467fa43cb75d84d8e66395d31d sender=Bank_HSBC_H2H processed
2026-04-01T23:19:03.263Z WARN  [IF_BusinessPartner_Sync] MPL=3e4c8d1fe49480c81c2f8057870b sender=Bank_HSBC_H2H processed
2026-02-10T02:01:08.314Z INFO  [IF_Material_Master_Replication] MPL=bf5918230fb98aefee31c771a0bb sender=SAP_S4HANA_PRD processed
2026-04-12T08:01:29.828Z INFO  [IF_PurchaseOrder_Ariba] MPL=f094223a0799cb10da13178cce84 sender=SAP_S4HANA_PRD processed
2026-02-05T19:20:24.628Z INFO  [IF_Invoice_Post] MPL=67fbba31663c109cc2daf82399d6 sender=SAP_S4HANA_PRD processed
2026-08-05T16:35:14.458Z ERROR [IF_Sales_Order_Create] MPL=4ccdc53e98ce3582b71aec070b27 sender=SuccessFactors_EC processed
2026-05-09T22:40:42.059Z ERROR [IF_Material_Master_Replication] MPL=e831eb43c8906f02b85cf8aefaad sender=Concur_Expense processed
2026-01-26T15:45:07.590Z WARN  [IF_BusinessPartner_Sync] MPL=f7d5068b220bd9310a4de83e6413 sender=Ariba_Network processed
2026-04-14T22:37:39.071Z INFO  [IF_PurchaseOrder_Ariba] MPL=38ed113e0fc129567ebd3b6e06a7 sender=DHL_Logistics processed
2026-08-12T23:06:52.546Z ERROR [IF_Material_Master_Replication] MPL=1112768bdb7abbb6a3e221c26e61 sender=Ariba_Network processed
2026-01-29T01:35:59.423Z INFO  [IF_Delivery_Tracking] MPL=b10c3907ff7f9ca1b1ee89034210 sender=DHL_Logistics processed
2026-02-01T07:37:45.972Z WARN  [IF_Invoice_Post] MPL=1affaefc72dfa6182419914784f8 sender=Bank_HSBC_H2H processed
2026-01-11T15:15:59.001Z INFO  [IF_Payment_Status_Bank] MPL=4ea17f432c082b56ebc4144c714d sender=Bank_HSBC_H2H processed
2026-09-22T07:54:23.505Z ERROR [IF_Sales_Order_Create] MPL=e5c9065f87e994f1bf90fbf0cd93 sender=Ariba_Network processed
2026-05-11T13:30:11.028Z ERROR [IF_Payment_Status_Bank] MPL=229ab8267a5b23bff0ee244bb98a sender=Ariba_Network processed
2026-07-22T01:38:55.724Z ERROR [IF_Delivery_Tracking] MPL=d218deac1baa91569270bded556b sender=Workday_HCM processed
2026-04-06T09:42:45.928Z ERROR [IF_BusinessPartner_Sync] MPL=bda8d4214b3150cfbc5e0f866e5e sender=Salesforce_CRM processed
2026-03-06T08:43:56.410Z WARN  [IF_Sales_Order_Create] MPL=726649257bd03d24fb03c9cef7d3 sender=Ariba_Network processed
2026-08-07T13:45:47.352Z WARN  [IF_PurchaseOrder_Ariba] MPL=dc95e3f25bdba5aeeaa57cef801e sender=SuccessFactors_EC processed
2026-04-20T03:21:15.535Z WARN  [IF_Payment_Status_Bank] MPL=57c676552804965c15599baa134d sender=SuccessFactors_EC processed
2026-08-01T14:54:31.088Z INFO  [IF_Sales_Order_Create] MPL=0bc599349b077d544944f805daf7 sender=Concur_Expense processed
2026-09-21T15:26:02.110Z ERROR [IF_Delivery_Tracking] MPL=04f2202eab170588af017ad0773d sender=Bank_HSBC_H2H processed
2026-07-06T22:32:41.461Z INFO  [IF_Employee_Delta_Sync] MPL=0c2292fb178e462dcb764ceeb3bb sender=DHL_Logistics processed
2026-07-18T08:08:12.836Z ERROR [IF_Material_Master_Replication] MPL=6984af5a20e81721c7acdcb3ba2e sender=Ariba_Network processed
2026-05-06T08:01:33.917Z INFO  [IF_Delivery_Tracking] MPL=946c97136a95e6be9bc015c39386 sender=SAP_S4HANA_PRD processed
2026-10-04T18:38:25.972Z WARN  [IF_Employee_Delta_Sync] MPL=46b06087530f47ee99e282dafaf6 sender=Bank_HSBC_H2H processed
2026-04-24T16:22:27.264Z WARN  [IF_BusinessPartner_Sync] MPL=2ec65e7169adc731b238145deb31 sender=SAP_S4HANA_PRD processed
2026-04-11T19:34:29.280Z WARN  [IF_Employee_Delta_Sync] MPL=d18d9f1c556dcabc1cee970c4bfb sender=Concur_Expense processed
2026-03-20T21:35:46.569Z INFO  [IF_Invoice_Post] MPL=0be2c3620f60e02c2aba6629e27d sender=SAP_S4HANA_PRD processed
2026-06-25T15:33:59.837Z ERROR [IF_Invoice_Post] MPL=d5c1cf2166e1e6e37c2a01d05aee sender=SAP_S4HANA_PRD processed