2026-04-25T05:09:45.259Z WARN  [IF_PurchaseOrder_Ariba] MPL=bcdc8b4fffccc61f7c3d5a4d34cc sender=Salesforce_CRM processed
2026-08-12T20:54:20.090Z ERROR [IF_Payment_Status_Bank] MPL=60d884184065d1e1ea0a15890180 sender=Concur_Expense processed
2026-07-12T16:33:13.408Z WARN  [IF_BusinessPartner_Sync] MPL=1aa020c7015513e61c8f93e0ee99 sender=SuccessFactors_EC processed
2026-08-09T08:02:14.546Z INFO  [IF_Sales_Order_Create] MPL=0163655ce9fd6f89629609357d20 sender=Concur_Expense processed
2026-04-06T21:05:46.673Z INFO  [IF_Sales_Order_Create] MPL=b39e82db376b53acf9d4ab7762a6 sender=DHL_Logistics processed
2026-08-15T16:42:27.493Z INFO  [IF_Delivery_Tracking] MPL=a66ff7f67eaa30b4daf17f748568 sender=Concur_Expense processed
2026-08-15T20:36:38.639Z WARN  [IF_BusinessPartner_Sync] MPL=9e9b4a5b876b3140efc6efbe8b40 sender=Salesforce_CRM processed
2026-04-20T13:08:59.512Z ERROR [IF_Sales_Order_Create] MPL=afbeb40d5e6f3ad998e8e10385bd sender=DHL_Logistics processed
2026-06-08T03:06:30.174Z WARN  [IF_Invoice_Post] MPL=0472f8aecc01a4398e332106d4e4 sender=Salesforce_CRM processed
2026-02-05T01:51:12.751Z INFO  [IF_BusinessPartner_Sync] MPL=58efce95c3a7cbc052b92f71882b sender=Workday_HCM processed
2026-05-24T08:54:30.385Z ERROR [IF_BusinessPartner_Sync] MPL=75f6970eb9abf0763d409b59e6f3 sender=Concur_Expense processed
2026-10-01T05:42:26.246Z INFO  [IF_PurchaseOrder_Ariba] MPL=83c338bbd2cfcac73ec4e2d0fcf4 sender=SAP_S4HANA_PRD processed
2026-09-20T10:50:52.105Z INFO  [IF_BusinessPartner_Sync] MPL=39c6b8ae87b9474bf93e4ba36830 sender=Bank_HSBC_H2H processed
2026-02-21T21:01:32.309Z ERROR [IF_BusinessPartner_Sync] MPL=6f82c756f2fc5ec4611dc65e5d58 sender=SAP_S4HANA_PRD processed
2026-01-16T23:28:47.259Z WARN  [IF_Invoice_Post] MPL=3f11cf8cf361f8c2b639c4ddae63 sender=Workday_HCM processed
2026-08-14T23:31:10.325Z ERROR [IF_Sales_Order_Create] MPL=99df114f3a2fe241497bb10f6cec sender=SAP_S4HANA_PRD processed
2026-02-01T22:25:24.951Z INFO  [IF_Sales_Order_Create] MPL=e44dea693f5265e273a56c8de136 sender=Workday_HCM processed
2026-04-18T14:08:31.741Z INFO  [IF_BusinessPartner_Sync] MPL=d5b314d4318265ffe424a7fa5765 sender=DHL_Logistics processed
2026-02-06T22:54:07.290Z WARN  [IF_Sales_Order_Create] MPL=2047a4223315d235142da3be10d8 sender=SuccessFactors_EC processed
2026-06-17T22:07:36.994Z INFO  [IF_BusinessPartner_Sync] MPL=1116d87ef799c339e04b80424320 sender=DHL_Logistics processed
2026-01-10T18:25:24.458Z WARN  [IF_Invoice_Post] MPL=568a39f30f19f4af7896e43376d5 sender=SuccessFactors_EC processed
2026-04-07T09:29:34.041Z INFO  [IF_Material_Master_Replication] MPL=d285d65739472d629544d00d3e94 sender=Salesforce_CRM processed
2026-03-29T15:55:13.537Z INFO  [IF_Invoice_Post] MPL=0c65582a385d8ab867cafe989e41 sender=Ariba_Network processed
2026-10-05T09:46:31.840Z WARN  [IF_Sales_Order_Create] MPL=5e47ebb513402c86130e856bb956 sender=SuccessFactors_EC processed
2026-07-27T22:44:25.296Z WARN  [IF_BusinessPartner_Sync] MPL=7941ca023a875a3411e0ed974385 sender=SAP_S4HANA_PRD processed
2026-02-14T16:50:38.965Z ERROR [IF_Employee_Delta_Sync] MPL=6d341d9511f8559e2b49e47f4bfd sender=SuccessFactors_EC processed
2026-04-03T04:56:21.198Z INFO  [IF_Material_Master_Replication] MPL=7883dbbb597a910b1db5ae7bc9a2 sender=SuccessFactors_EC processed
2026-03-31T20:12:26.286Z INFO  [IF_Delivery_Tracking] MPL=0c8b75414712205a2c563503f9f5 sender=Ariba_Network processed
2026-04-09T11:17:28.277Z WARN  [IF_Payment_Status_Bank] MPL=4da6cc439f281c82d5c76ad19b20 sender=Workday_HCM processed
2026-06-23T07:00:52.120Z WARN  [IF_Sales_Order_Create] MPL=2cf3a0ff64e0e71a52cc3952410e sender=Ariba_Network processed
2026-02-20T20:06:41.088Z INFO  [IF_Sales_Order_Create] MPL=9919e5d88e0e6772a561b2f48d26 sender=SuccessFactors_EC processed
2026-01-14T22:51:38.826Z INFO  [IF_Employee_Delta_Sync] MPL=00d7a3f755d7e54ef6be7ea44fd3 sender=Workday_HCM processed
2026-02-25T10:42:13.611Z WARN  [IF_Employee_Delta_Sync] MPL=41951b35018e0673b364fb170b6b sender=DHL_Logistics processed
2026-06-23T08:16:03.838Z WARN  [IF_PurchaseOrder_Ariba] MPL=2d1155fd702fa0e2075c41f5227e sender=Concur_Expense processed
2026-04-12T09:20:00.616Z ERROR [IF_Payment_Status_Bank] MPL=052b6c7b9b18f88f89cd728ca176 sender=Salesforce_CRM processed