2026-05-21T05:30:06.887Z INFO  [IF_Sales_Order_Create] MPL=b4d280a4aca3b7ac78df2462a223 sender=Workday_HCM processed
2026-02-22T17:37:41.544Z INFO  [IF_BusinessPartner_Sync] MPL=17b29df20deaa6b64242a13fbdb4 sender=SAP_S4HANA_PRD processed
2026-03-06T23:24:27.898Z WARN  [IF_Sales_Order_Create] MPL=5398c7611e26eaf9cb63cf81dfa8 sender=Concur_Expense processed
2026-04-01T12:52:55.170Z INFO  [IF_Invoice_Post] MPL=7ee84d3c5f350425ec988a965a0d sender=SuccessFactors_EC processed
2026-05-16T18:38:13.322Z ERROR [IF_PurchaseOrder_Ariba] MPL=2aeac7fc14e5fc75933cba7a7dd1 sender=DHL_Logistics processed
2026-04-04T05:53:03.267Z WARN  [IF_Material_Master_Replication] MPL=81869067c16cd0049a74a5937faa sender=SuccessFactors_EC processed
2026-05-27T14:48:02.661Z INFO  [IF_Payment_Status_Bank] MPL=14cbcd79b2af55885fa09acd4a86 sender=DHL_Logistics processed
2026-09-10T04:45:12.672Z INFO  [IF_Delivery_Tracking] MPL=f233ac6ea970305e53f8ab7fd67c sender=Concur_Expense processed
2026-04-30T04:31:50.047Z WARN  [IF_Payment_Status_Bank] MPL=35a6da95b46bd60aa0b52791a52f sender=SuccessFactors_EC processed
2026-01-03T06:29:37.345Z ERROR [IF_PurchaseOrder_Ariba] MPL=0c09d8b6497a4b1d9f51a80402f9 sender=SAP_S4HANA_PRD processed
2026-08-28T20:57:03.919Z ERROR [IF_PurchaseOrder_Ariba] MPL=50a6cc9f1ed2435a145aef8a4005 sender=Ariba_Network processed
2026-02-09T11:29:50.688Z ERROR [IF_BusinessPartner_Sync] MPL=12dbbb79cf0ad4788d0203b54918 sender=Concur_Expense processed
2026-04-06T15:17:57.671Z INFO  [IF_Payment_Status_Bank] MPL=ea667dd54fac58db5da35eb0528e sender=Ariba_Network processed
2026-07-10T21:04:53.721Z WARN  [IF_Invoice_Post] MPL=45c08767dd6c97a10d7f97c5f231 sender=Bank_HSBC_H2H processed
2026-09-22T20:13:10.511Z INFO  [IF_Employee_Delta_Sync] MPL=3610fd7c3e8c06c3eaa6e1e4b703 sender=Bank_HSBC_H2H processed
2026-08-02T19:14:07.548Z WARN  [IF_Employee_Delta_Sync] MPL=b8097b32e2819ad53fd41ecb3f27 sender=DHL_Logistics processed
2026-08-09T02:03:14.791Z ERROR [IF_BusinessPartner_Sync] MPL=ca46cf16d00e450d621eb9864f7f sender=SAP_S4HANA_PRD processed
2026-05-18T17:34:21.814Z WARN  [IF_BusinessPartner_Sync] MPL=bcb988df3c5c62384c6fa8afd77a sender=Workday_HCM processed
2026-05-02T17:25:14.839Z ERROR [IF_Invoice_Post] MPL=b447ba32a09bd4ce72c3892a0d88 sender=Workday_HCM processed
2026-02-27T19:01:53.776Z INFO  [IF_Delivery_Tracking] MPL=62af46a0fde17b2edc2fbe03850a sender=Concur_Expense processed
2026-01-14T23:35:27.330Z INFO  [IF_Delivery_Tracking] MPL=2d061ab30041f801edd7a2a0d026 sender=Salesforce_CRM processed
2026-06-13T12:18:49.163Z INFO  [IF_Payment_Status_Bank] MPL=e44ac7fd06578ef399ff1218352a sender=SAP_S4HANA_PRD processed
2026-03-22T03:09:09.199Z WARN  [IF_Sales_Order_Create] MPL=248a0abfdfa4e2b87dac4fb3c9e5 sender=SAP_S4HANA_PRD processed
2026-01-30T04:26:34.577Z INFO  [IF_Payment_Status_Bank] MPL=489dad1d684464a8e3c25c49248f sender=SuccessFactors_EC processed
2026-06-05T19:59:40.900Z WARN  [IF_Payment_Status_Bank] MPL=64cb2abf8b3da4bd85d5f33fd316 sender=Ariba_Network processed
2026-05-09T20:50:28.023Z INFO  [IF_Employee_Delta_Sync] MPL=b72c20912741f4a472c7c72176f6 sender=Workday_HCM processed
2026-04-27T10:26:09.960Z WARN  [IF_Invoice_Post] MPL=f9d7b1e8d0a81580a325ec5b9da0 sender=Workday_HCM processed
2026-03-26T04:43:14.299Z WARN  [IF_Sales_Order_Create] MPL=b7cdf8345e0930ff1a09efdcd204 sender=SAP_S4HANA_PRD processed
2026-04-01T16:34:28.547Z INFO  [IF_Material_Master_Replication] MPL=7729d6fbfb9b8554d5c4dc8c4166 sender=Bank_HSBC_H2H processed
2026-04-14T21:07:09.393Z WARN  [IF_Invoice_Post] MPL=79e52db757041c3b1ddefc223d35 sender=Ariba_Network processed
2026-06-12T12:05:24.227Z ERROR [IF_Invoice_Post] MPL=ee90d3a3d2fc7a0bdb15a00074e3 sender=Concur_Expense processed
2026-07-30T17:48:59.462Z ERROR [IF_Sales_Order_Create] MPL=0c523d793c3bb0b2499998c24a50 sender=Workday_HCM processed
2026-09-15T00:32:35.791Z WARN  [IF_BusinessPartner_Sync] MPL=0aee75f9d3a97b852d48fb83aee0 sender=DHL_Logistics processed
2026-08-27T23:47:24.150Z ERROR [IF_PurchaseOrder_Ariba] MPL=21d664d6b12aed4de0574e74d875 sender=Bank_HSBC_H2H processed
2026-06-03T03:05:15.437Z INFO  [IF_BusinessPartner_Sync] MPL=4e4249a836599cc26ca6ebb1d0d7 sender=Ariba_Network processed
2026-09-15T17:35:11.395Z ERROR [IF_Invoice_Post] MPL=46cf7c8a0e1a55c7ae8116b86f0e sender=Concur_Expense processed
2026-09-03T00:03:05.466Z INFO  [IF_Invoice_Post] MPL=8cdc4a800dab1f9122466610df10 sender=SuccessFactors_EC processed
2026-05-04T02:36:14.739Z WARN  [IF_Employee_Delta_Sync] MPL=4676ba85617d8bf7fcec45074bad sender=Workday_HCM processed
2026-06-27T07:02:09.304Z ERROR [IF_Invoice_Post] MPL=34e4ecce7d3f13219dd5e8c516ae sender=Bank_HSBC_H2H processed
2026-05-24T22:08:56.156Z ERROR [IF_PurchaseOrder_Ariba] MPL=f42c54b53d25cb84241f58f126b5 sender=SuccessFactors_EC processed
2026-09-03T14:15:47.370Z INFO  [IF_Payment_Status_Bank] MPL=d5334b16836e9362037ba65b5165 sender=DHL_Logistics processed