2026-08-28T00:37:10.457Z WARN  [IF_Payment_Status_Bank] MPL=8e76a30c55bf06fc0117231b4d7c sender=DHL_Logistics processed
2026-02-02T08:35:00.864Z ERROR [IF_Delivery_Tracking] MPL=d5cd29e5d0d9b36d8134a506b673 sender=SuccessFactors_EC processed
2026-05-09T03:33:14.848Z INFO  [IF_Invoice_Post] MPL=633ffe30e57540926ff07deefb81 sender=Workday_HCM processed
2026-09-26T23:48:51.171Z WARN  [IF_Invoice_Post] MPL=1d487fd72561f9c4267701383389 sender=Concur_Expense processed
2026-04-04T11:04:26.601Z WARN  [IF_BusinessPartner_Sync] MPL=40c2ec86768f4d71ded8fd0cc8f7 sender=Bank_HSBC_H2H processed
2026-06-05T01:14:29.479Z WARN  [IF_Employee_Delta_Sync] MPL=9243845b1eaa7e4a463bfc6d2f68 sender=Bank_HSBC_H2H processed
2026-07-07T20:53:34.620Z ERROR [IF_Material_Master_Replication] MPL=deaaa3eba727d76aa2e432de7fdd sender=Bank_HSBC_H2H processed
2026-10-03T06:20:27.152Z WARN  [IF_BusinessPartner_Sync] MPL=5b44e74e84e377a38b44a81c1ef3 sender=Salesforce_CRM processed
2026-01-15T16:25:32.600Z ERROR [IF_Material_Master_Replication] MPL=29076e32dc52e2e8fbdbff2dce96 sender=DHL_Logistics processed
2026-09-30T14:10:16.253Z INFO  [IF_Delivery_Tracking] MPL=f9c7a0907c5bbceeca6667309cf9 sender=Ariba_Network processed
2026-02-17T16:57:48.016Z INFO  [IF_BusinessPartner_Sync] MPL=b7ea27263cfc581fdeeb37ae6eb8 sender=SuccessFactors_EC processed
2026-08-03T00:01:52.238Z WARN  [IF_PurchaseOrder_Ariba] MPL=021a42ab9b8c8691c238db00f1a0 sender=Concur_Expense processed
2026-07-11T17:01:49.263Z ERROR [IF_Sales_Order_Create] MPL=0afab58b487c1bc84a7b0e8c5e29 sender=Salesforce_CRM processed
2026-10-03T16:58:06.252Z WARN  [IF_Employee_Delta_Sync] MPL=180f6906431e70034b333907624c sender=Bank_HSBC_H2H processed
2026-08-30T06:17:35.096Z INFO  [IF_Material_Master_Replication] MPL=68a9eb5206399f76b8b8cf71763e sender=Bank_HSBC_H2H processed
2026-01-17T20:37:54.804Z WARN  [IF_Payment_Status_Bank] MPL=dbe7070cc3c85983de0589dac6c4 sender=DHL_Logistics processed
2026-06-16T19:50:10.607Z WARN  [IF_Sales_Order_Create] MPL=b786f9d073a97b66d52905b13b7c sender=Ariba_Network processed
2026-04-20T16:31:22.229Z ERROR [IF_BusinessPartner_Sync] MPL=2ed86c994bc2f138843b45e22ba6 sender=Ariba_Network processed
2026-05-15T03:50:05.802Z INFO  [IF_PurchaseOrder_Ariba] MPL=224dcbda09a17fd9a48cce2b82d6 sender=Concur_Expense processed
2026-07-16T10:15:23.672Z ERROR [IF_Delivery_Tracking] MPL=4a799b3d6c014f9feb629f2dfff2 sender=DHL_Logistics processed
2026-08-14T02:32:12.518Z ERROR [IF_PurchaseOrder_Ariba] MPL=abc791db9a12d7ad99c751da02bd sender=SAP_S4HANA_PRD processed
2026-04-06T10:21:52.267Z WARN  [IF_PurchaseOrder_Ariba] MPL=ddd75a128a6466cbe36c5d7511a2 sender=Concur_Expense processed
2026-08-02T20:06:34.884Z WARN  [IF_Employee_Delta_Sync] MPL=32097cdfb027f46923985bd43828 sender=Bank_HSBC_H2H processed
2026-01-02T08:35:06.737Z ERROR [IF_PurchaseOrder_Ariba] MPL=e0c6e224f6dd9e1152fc85484723 sender=Salesforce_CRM processed
2026-05-11T22:28:54.598Z WARN  [IF_Delivery_Tracking] MPL=74ac164330e22a822ae5cfa62698 sender=Salesforce_CRM processed
2026-09-24T15:26:39.183Z ERROR [IF_PurchaseOrder_Ariba] MPL=423a9d4aefdd5909c14fb9593ab0 sender=Salesforce_CRM processed
2026-04-14T15:30:58.962Z INFO  [IF_Delivery_Tracking] MPL=8f4e5748de249b9f26a927250ec7 sender=DHL_Logistics processed
2026-08-27T21:12:36.096Z INFO  [IF_Sales_Order_Create] MPL=768447dd2542888f60766a47f2e4 sender=SAP_S4HANA_PRD processed
2026-04-10T10:58:28.363Z ERROR [IF_Employee_Delta_Sync] MPL=1865d1e6498e729e5b635f7845d7 sender=Bank_HSBC_H2H processed
2026-03-12T22:34:35.368Z WARN  [IF_Sales_Order_Create] MPL=01203d7aace8dfad70d6e7f5dc2a sender=SuccessFactors_EC processed
2026-01-15T13:23:51.388Z INFO  [IF_Material_Master_Replication] MPL=3fdc7e69c87a59fcad21fef95722 sender=Bank_HSBC_H2H processed
2026-04-17T10:06:58.496Z INFO  [IF_Delivery_Tracking] MPL=ecea293e2b03e60a0cad4c6606e6 sender=Salesforce_CRM processed
2026-03-05T06:01:16.018Z INFO  [IF_Payment_Status_Bank] MPL=51af7476ef0e9dd6c75b26f52c66 sender=Ariba_Network processed
2026-08-05T17:30:55.296Z ERROR [IF_BusinessPartner_Sync] MPL=52c1f5f48390e7dc4f412eed5742 sender=SuccessFactors_EC processed
2026-04-21T07:44:33.361Z INFO  [IF_Material_Master_Replication] MPL=6c35cb5c5a87b6e9234c42767581 sender=Salesforce_CRM processed
2026-05-20T09:45:27.276Z INFO  [IF_BusinessPartner_Sync] MPL=2fa3d23914fbd3c3a11a28fd00ec sender=SAP_S4HANA_PRD processed
2026-09-15T12:25:44.135Z ERROR [IF_Delivery_Tracking] MPL=2a8c850fa9786b24d3450dcdd59d sender=SAP_S4HANA_PRD processed
2026-09-25T22:52:55.108Z WARN  [IF_Sales_Order_Create] MPL=3ca6d44eec8911ff9998b62693a0 sender=Workday_HCM processed
2026-04-24T00:45:20.608Z ERROR [IF_BusinessPartner_Sync] MPL=a0576c877493c86fb9c10f91e9f9 sender=Salesforce_CRM processed
2026-09-05T17:31:09.137Z INFO  [IF_Payment_Status_Bank] MPL=4e27c6c31c3676acbec4b71db2ee sender=Salesforce_CRM processed
2026-02-25T06:12:29.746Z INFO  [IF_Delivery_Tracking] MPL=c999934dbbbe796ebc13ce1082fe sender=Concur_Expense processed
2026-04-04T05:46:46.806Z INFO  [IF_Invoice_Post] MPL=745d4aa587fb83d7dc611f0d0138 sender=Workday_HCM processed
2026-03-12T12:41:09.557Z WARN  [IF_Invoice_Post] MPL=ed9c18fcbc36ced67c3381ff5aee sender=SAP_S4HANA_PRD processed
2026-05-26T22:27:16.174Z WARN  [IF_Material_Master_Replication] MPL=1958a2cf7d0dae869c7a6313a76e sender=Workday_HCM processed
2026-03-10T05:56:27.340Z ERROR [IF_Sales_Order_Create] MPL=fece752ac0cc6bb8cb83e0a6c50d sender=Concur_Expense processed
2026-05-11T03:58:07.578Z WARN  [IF_Employee_Delta_Sync] MPL=0ef6726ab937754b5dd0a509a249 sender=Ariba_Network processed
2026-01-18T06:24:04.670Z INFO  [IF_PurchaseOrder_Ariba] MPL=6ec1d12a86563b63e3baa6ae6371 sender=SAP_S4HANA_PRD processed
2026-05-27T03:31:38.057Z INFO  [IF_PurchaseOrder_Ariba] MPL=1e5f6e876b96ae63a2fe680afa97 sender=Ariba_Network processed
2026-07-20T23:23:29.241Z INFO  [IF_Sales_Order_Create] MPL=44e60443f2125e6132c0ff5da903 sender=Salesforce_CRM processed
2026-01-14T11:51:12.669Z INFO  [IF_Sales_Order_Create] MPL=4d6cb67721324a07b0513485a22a sender=Workday_HCM processed
2026-09-02T16:25:51.385Z ERROR [IF_Material_Master_Replication] MPL=b76e2aa13966b4fb598a3cb2ffb3 sender=Salesforce_CRM processed
2026-01-04T11:05:57.963Z INFO  [IF_PurchaseOrder_Ariba] MPL=9eb18d9b1c640ec0f6ab77756555 sender=Bank_HSBC_H2H processed
2026-01-24T23:53:12.717Z INFO  [IF_Delivery_Tracking] MPL=bb565dbf480b3b5d193cbe89019e sender=Salesforce_CRM processed
2026-04-12T12:54:39.290Z INFO  [IF_Invoice_Post] MPL=199e1ab29e009b09e7a7305892a8 sender=SAP_S4HANA_PRD processed
2026-09-01T20:36:44.289Z WARN  [IF_Invoice_Post] MPL=a950e4e62f632f0a066571127ef2 sender=SAP_S4HANA_PRD processed
2026-05-04T05:52:41.344Z WARN  [IF_Employee_Delta_Sync] MPL=dbc8da577c7a26a9353394fa1ce1 sender=SAP_S4HANA_PRD processed
2026-06-21T01:56:31.603Z ERROR [IF_Material_Master_Replication] MPL=6dc906fc2840fd5b9b2f7daee109 sender=Salesforce_CRM processed
2026-01-20T20:10:54.603Z WARN  [IF_Material_Master_Replication] MPL=64d16bc9db4251c5f8047ebe375d sender=Ariba_Network processed
2026-01-31T22:41:22.271Z INFO  [IF_Material_Master_Replication] MPL=d5cfd1aff90f070556938186056f sender=SuccessFactors_EC processed
2026-06-09T03:25:41.882Z WARN  [IF_Material_Master_Replication] MPL=68f80f57dd8acd248b59d9ec8e6b sender=Concur_Expense processed
2026-04-18T13:29:39.102Z WARN  [IF_PurchaseOrder_Ariba] MPL=207ac7797550d16816a0477e6256 sender=DHL_Logistics processed
2026-06-13T10:22:16.588Z ERROR [IF_Invoice_Post] MPL=83a135a45bb3fa0ed3a4d1c44dfb sender=Salesforce_CRM processed