2026-02-07T23:48:08.409Z WARN  [IF_Delivery_Tracking] MPL=881c657e4f1fbaa66b4bb309d6bb sender=SuccessFactors_EC processed
2026-06-02T17:00:12.125Z INFO  [IF_BusinessPartner_Sync] MPL=bed7694d0bd96b5fe3caf8c7681a sender=Bank_HSBC_H2H processed
2026-05-18T22:27:38.787Z WARN  [IF_Sales_Order_Create] MPL=9232e3992a6cbf585489025c15c3 sender=Concur_Expense processed
2026-03-06T17:54:14.152Z ERROR [IF_PurchaseOrder_Ariba] MPL=0cd02228e0ad7a58cdf8dd12af22 sender=Concur_Expense processed
2026-04-07T08:50:01.223Z ERROR [IF_Payment_Status_Bank] MPL=42445e88a08806b2759b2d662864 sender=SAP_S4HANA_PRD processed
2026-08-26T03:54:10.116Z WARN  [IF_Material_Master_Replication] MPL=a76abe82df6174f33faca9c1b73d sender=Ariba_Network processed
2026-01-22T23:14:11.778Z INFO  [IF_Delivery_Tracking] MPL=5d30b15106dcd9c2b756a5d924a4 sender=Bank_HSBC_H2H processed
2026-04-30T21:23:34.553Z ERROR [IF_Material_Master_Replication] MPL=6d212f9efd64b497c0de67b15ba1 sender=DHL_Logistics processed
2026-03-16T01:02:15.549Z WARN  [IF_Material_Master_Replication] MPL=85abff4805ebe3bf81f988827ba7 sender=Bank_HSBC_H2H processed
2026-09-02T11:28:47.388Z ERROR [IF_BusinessPartner_Sync] MPL=8b96dd25e73c349cb765e490feac sender=Salesforce_CRM processed
2026-04-12T17:40:52.203Z INFO  [IF_Delivery_Tracking] MPL=03b0441ef75cc401ce0b1e7908e6 sender=Salesforce_CRM processed
2026-03-05T15:26:03.375Z INFO  [IF_BusinessPartner_Sync] MPL=f0c052c0e4ab57c9fe5c33233b73 sender=Ariba_Network processed
2026-03-09T13:52:30.657Z INFO  [IF_Payment_Status_Bank] MPL=fecf95a60a78487ae1aa6c8a1db2 sender=Ariba_Network processed
2026-09-19T07:04:13.023Z INFO  [IF_PurchaseOrder_Ariba] MPL=b000b8aadafbf3f01e84d3b25de9 sender=Salesforce_CRM processed
2026-02-10T14:42:56.619Z INFO  [IF_Delivery_Tracking] MPL=92b2729f87ac309266c0a3411a10 sender=DHL_Logistics processed
2026-04-03T20:34:26.703Z WARN  [IF_Material_Master_Replication] MPL=3b5a47d5f4a5de3559983c7ac461 sender=SAP_S4HANA_PRD processed
2026-06-02T06:33:53.487Z INFO  [IF_Invoice_Post] MPL=bdae2d9fef93844692c92c4db5a8 sender=SuccessFactors_EC processed
2026-08-05T16:15:01.608Z INFO  [IF_Sales_Order_Create] MPL=a3037ea316ea023abf3c5f130722 sender=DHL_Logistics processed
2026-08-03T08:26:33.177Z ERROR [IF_BusinessPartner_Sync] MPL=f0608d2314b8c91f30f655ae849b sender=Concur_Expense processed
2026-08-22T16:23:02.917Z WARN  [IF_PurchaseOrder_Ariba] MPL=6ec30df3e8b354708ccea7965562 sender=Concur_Expense processed
2026-09-17T08:36:31.982Z WARN  [IF_BusinessPartner_Sync] MPL=4b57f136c0e4ddfcc900ed23a967 sender=Bank_HSBC_H2H processed