2026-05-12T01:30:20.787Z ERROR [IF_Payment_Status_Bank] MPL=a55955b5d9a7eb1ce417dfd355d4 sender=DHL_Logistics processed
2026-04-18T07:44:50.568Z INFO  [IF_Material_Master_Replication] MPL=70400bc70d82f548d9ef221b5222 sender=Workday_HCM processed
2026-02-13T05:06:08.059Z ERROR [IF_Material_Master_Replication] MPL=b93ed2fa08551cbe2a8682bcdeed sender=Bank_HSBC_H2H processed
2026-01-07T12:12:13.723Z INFO  [IF_BusinessPartner_Sync] MPL=19c106e3104f66d49c5d610ae37e sender=Bank_HSBC_H2H processed
2026-07-05T11:48:59.476Z INFO  [IF_Delivery_Tracking] MPL=b5cd99285ec5b59f7dbfb5b559d2 sender=Concur_Expense processed
2026-04-27T08:32:01.270Z ERROR [IF_BusinessPartner_Sync] MPL=297e72a8d3d4cc7fa4b97d199c5e sender=Salesforce_CRM processed
2026-06-13T01:26:56.416Z ERROR [IF_BusinessPartner_Sync] MPL=1c111713daa8d39443b1240e77c1 sender=Salesforce_CRM processed
2026-03-21T16:01:47.788Z INFO  [IF_Payment_Status_Bank] MPL=44f2e150d57c0cbfa2e600af36ad sender=Salesforce_CRM processed
2026-04-01T15:27:21.541Z INFO  [IF_BusinessPartner_Sync] MPL=782ecac761a149b231cc305b8699 sender=DHL_Logistics processed
2026-09-04T13:34:24.101Z INFO  [IF_BusinessPartner_Sync] MPL=1ffdecf085668e50c08523627915 sender=Bank_HSBC_H2H processed
2026-07-02T17:52:57.899Z WARN  [IF_Material_Master_Replication] MPL=a3639bea94de5d52198d1fdeff95 sender=DHL_Logistics processed
2026-07-06T01:01:01.602Z ERROR [IF_BusinessPartner_Sync] MPL=260d346ac4e9036098aca142eb04 sender=SuccessFactors_EC processed
2026-05-02T06:33:40.102Z ERROR [IF_Material_Master_Replication] MPL=7d86117fb48f1cbca714e39a05a7 sender=Workday_HCM processed
2026-09-24T02:18:57.268Z WARN  [IF_Employee_Delta_Sync] MPL=62eeed6ad6cbb977be08f021cf5a sender=Workday_HCM processed
2026-05-02T18:11:57.516Z ERROR [IF_Material_Master_Replication] MPL=966c5c1fc2703f000cccf35d3de3 sender=Salesforce_CRM processed
2026-02-14T02:43:03.908Z ERROR [IF_Employee_Delta_Sync] MPL=80387ca34b11239bdc2c81a9e74f sender=SAP_S4HANA_PRD processed
2026-06-05T19:03:03.296Z ERROR [IF_Delivery_Tracking] MPL=37c5366f7b94fb6d6ea932bb28ee sender=SAP_S4HANA_PRD processed
2026-02-03T02:11:12.619Z WARN  [IF_Material_Master_Replication] MPL=92eb75ec2093709f51630d3d7b4f sender=Workday_HCM processed
2026-07-08T05:00:40.863Z INFO  [IF_Payment_Status_Bank] MPL=24a2dfe8a4efc03a131e4683f634 sender=Workday_HCM processed
2026-01-19T18:31:35.892Z INFO  [IF_Invoice_Post] MPL=72e91c8c8a4b55963400c3a4213f sender=SuccessFactors_EC processed
2026-06-07T18:37:29.881Z ERROR [IF_Invoice_Post] MPL=67fc9159a9b27e24823682d983ff sender=Ariba_Network processed
2026-03-15T14:07:34.538Z WARN  [IF_Material_Master_Replication] MPL=8b42dda88fbb1de228769f51f671 sender=SAP_S4HANA_PRD processed
2026-08-19T15:07:44.494Z ERROR [IF_BusinessPartner_Sync] MPL=2b6fac608c7d542d40344573affc sender=Bank_HSBC_H2H processed
2026-01-09T09:40:35.838Z WARN  [IF_Invoice_Post] MPL=88b0e7b2065eefcbb6715c2571e8 sender=Concur_Expense processed
2026-04-06T16:18:12.784Z INFO  [IF_Material_Master_Replication] MPL=64ec40fb56c3582c7be03398edd5 sender=Salesforce_CRM processed
2026-07-11T21:47:15.934Z INFO  [IF_Payment_Status_Bank] MPL=eef77c55cd508767f302e7fe89f0 sender=SAP_S4HANA_PRD processed
2026-08-23T14:47:29.278Z ERROR [IF_PurchaseOrder_Ariba] MPL=e325ec96c4221451e908ee83f906 sender=Ariba_Network processed
2026-08-16T22:13:40.958Z ERROR [IF_Material_Master_Replication] MPL=d8bfd6252be169b04959cf5364af sender=DHL_Logistics processed
2026-10-05T04:05:06.576Z WARN  [IF_Employee_Delta_Sync] MPL=0b0dddaf5d8168606bc594748011 sender=Workday_HCM processed
2026-01-21T03:24:42.663Z WARN  [IF_BusinessPartner_Sync] MPL=acf1fd196c9d0b5f2664500c8707 sender=SAP_S4HANA_PRD processed
2026-05-08T17:38:33.068Z WARN  [IF_Sales_Order_Create] MPL=c4eafc6ec2fad60b55b5154e7c27 sender=SuccessFactors_EC processed
2026-03-21T14:51:47.338Z ERROR [IF_Sales_Order_Create] MPL=798ec8a1de785419ba12131002ed sender=Workday_HCM processed
2026-06-28T06:23:26.822Z ERROR [IF_PurchaseOrder_Ariba] MPL=eda283ee63ff4018043cab98bf5a sender=Ariba_Network processed
2026-01-20T22:12:08.463Z ERROR [IF_Employee_Delta_Sync] MPL=510b8dd4a2c2e87779f7852d639e sender=SuccessFactors_EC processed
2026-05-22T13:14:26.113Z WARN  [IF_Sales_Order_Create] MPL=ac458fdeeef751f22015eeff1c2a sender=SuccessFactors_EC processed
2026-05-28T07:47:39.532Z WARN  [IF_BusinessPartner_Sync] MPL=42e76535551641cb16f14ea4ea15 sender=Workday_HCM processed
2026-04-12T16:10:18.577Z ERROR [IF_Invoice_Post] MPL=450ae439214de23ba6ae34e995c4 sender=Ariba_Network processed
2026-01-27T17:49:03.360Z INFO  [IF_Employee_Delta_Sync] MPL=bf20a057de8fc1d47966c85790ac sender=SuccessFactors_EC processed
2026-09-12T11:10:14.040Z WARN  [IF_PurchaseOrder_Ariba] MPL=83ae940a81747c8c0298cfa7505f sender=SAP_S4HANA_PRD processed
2026-01-07T16:05:06.174Z INFO  [IF_Payment_Status_Bank] MPL=164fda977840ea9acf134116a20c sender=SAP_S4HANA_PRD processed
2026-01-18T20:27:00.332Z INFO  [IF_Employee_Delta_Sync] MPL=44348601b3d358acbb50b9365eb5 sender=Salesforce_CRM processed
2026-08-28T07:44:38.751Z WARN  [IF_Payment_Status_Bank] MPL=8b3c09a56beac7eb0f778108a976 sender=Salesforce_CRM processed
2026-07-28T14:03:25.869Z INFO  [IF_Employee_Delta_Sync] MPL=0e0805411aac418b772f6e91ed49 sender=SuccessFactors_EC processed
2026-06-26T01:41:08.267Z ERROR [IF_Sales_Order_Create] MPL=ad52a3758aa28cfa33422ff6b8a2 sender=Concur_Expense processed
2026-02-03T19:25:23.755Z INFO  [IF_Invoice_Post] MPL=d0e85b6808dc001e34de7f108f97 sender=Workday_HCM processed
2026-03-10T15:42:36.458Z ERROR [IF_Payment_Status_Bank] MPL=80c237d217eddd78721a772ff334 sender=DHL_Logistics processed
2026-08-05T04:16:08.275Z INFO  [IF_Invoice_Post] MPL=b9ace623e504a51e43dfcc250bde sender=Workday_HCM processed
2026-04-12T13:07:45.712Z WARN  [IF_Material_Master_Replication] MPL=35eca962ad4a4c482bd5cd90c508 sender=Salesforce_CRM processed
2026-06-14T23:44:40.929Z WARN  [IF_BusinessPartner_Sync] MPL=7178ec6e1a769951a637711948a5 sender=Bank_HSBC_H2H processed
2026-09-29T18:21:47.978Z INFO  [IF_Invoice_Post] MPL=12cc6ffb3b143afb112e35cea6ab sender=Ariba_Network processed
2026-09-10T01:24:26.100Z INFO  [IF_Delivery_Tracking] MPL=5c11cee7034b89a244a75735b7a4 sender=SuccessFactors_EC processed
2026-07-15T05:50:15.547Z WARN  [IF_Employee_Delta_Sync] MPL=1b48a91f5d8890e999644a186970 sender=Ariba_Network processed
2026-04-18T13:18:31.691Z INFO  [IF_Delivery_Tracking] MPL=e440ab7bf62a406229e056533ace sender=Bank_HSBC_H2H processed
2026-02-21T06:53:58.109Z ERROR [IF_Employee_Delta_Sync] MPL=df224b6537b3e435a24144611424 sender=DHL_Logistics processed
2026-02-21T20:35:40.461Z INFO  [IF_PurchaseOrder_Ariba] MPL=0dee726dc334b7cd33d8ace03388 sender=DHL_Logistics processed
2026-09-18T00:29:10.474Z ERROR [IF_Employee_Delta_Sync] MPL=01614eddf5ac95d07e023a522431 sender=SAP_S4HANA_PRD processed
2026-06-14T23:55:16.195Z WARN  [IF_BusinessPartner_Sync] MPL=64ec2307aadba342ce7b36cbd6b6 sender=Salesforce_CRM processed
2026-02-01T04:45:55.741Z WARN  [IF_Invoice_Post] MPL=1519e0e382f6c809ae729cfc5ce3 sender=Workday_HCM processed
2026-07-28T12:33:47.498Z INFO  [IF_PurchaseOrder_Ariba] MPL=3e4f724364c112a4dc6ec07b8ba7 sender=Salesforce_CRM processed
2026-05-22T02:51:46.706Z INFO  [IF_Employee_Delta_Sync] MPL=1f3bc50e4db1aeaee8c392acc84e sender=Concur_Expense processed
2026-01-06T06:54:00.291Z WARN  [IF_Sales_Order_Create] MPL=78ea840cc9878de617bc74e1b164 sender=SAP_S4HANA_PRD processed
2026-03-18T09:50:05.231Z INFO  [IF_Payment_Status_Bank] MPL=9b026c46a1349c1df18309552811 sender=Bank_HSBC_H2H processed
2026-02-09T08:14:33.850Z INFO  [IF_Sales_Order_Create] MPL=3b806b2215994a1d75cc6088555e sender=SuccessFactors_EC processed
2026-01-08T14:59:13.020Z ERROR [IF_PurchaseOrder_Ariba] MPL=d6b58a3b39753492467eec29321a sender=Salesforce_CRM processed
2026-06-08T14:46:43.131Z WARN  [IF_Material_Master_Replication] MPL=2fcb4bd567d2a41f2ee450b6cdac sender=Workday_HCM processed