2026-02-13T05:19:01.791Z INFO  [IF_BusinessPartner_Sync] MPL=2186b63efa48895ca1711c097dfb sender=Concur_Expense processed
2026-08-05T07:46:47.236Z INFO  [IF_Payment_Status_Bank] MPL=40a07f639235956d359e597c290c sender=Salesforce_CRM processed
2026-01-27T09:02:45.281Z INFO  [IF_Material_Master_Replication] MPL=3dbccbb0a123ce81145311f8f0ec sender=DHL_Logistics processed
2026-07-01T14:26:10.438Z ERROR [IF_Material_Master_Replication] MPL=ea5d03f741f4d2a5fa9057d4ec0d sender=Bank_HSBC_H2H processed
2026-02-26T16:29:07.881Z INFO  [IF_Delivery_Tracking] MPL=db71e3cc12a9dff46a8fd627c43a sender=SAP_S4HANA_PRD processed
2026-05-25T21:32:17.619Z INFO  [IF_Delivery_Tracking] MPL=41bccbd1b53e04a1daa50b2808d6 sender=SAP_S4HANA_PRD processed
2026-08-17T01:37:34.975Z WARN  [IF_Sales_Order_Create] MPL=5c7651fdc9af873ded2d8b63f8a8 sender=DHL_Logistics processed
2026-03-20T20:25:45.310Z INFO  [IF_Payment_Status_Bank] MPL=8567df38f64147bf42ff9d4e6ff7 sender=SuccessFactors_EC processed
2026-09-04T17:09:24.535Z ERROR [IF_Employee_Delta_Sync] MPL=e53e261fd105873122e131856d4a sender=DHL_Logistics processed
2026-03-29T16:21:30.280Z ERROR [IF_Delivery_Tracking] MPL=225a7f8ccb836c1e463c042c975d sender=SAP_S4HANA_PRD processed
2026-03-23T02:24:55.218Z INFO  [IF_Employee_Delta_Sync] MPL=8544d2ca5163f1f9d964e7cc8669 sender=Ariba_Network processed
2026-05-05T09:12:35.075Z ERROR [IF_Employee_Delta_Sync] MPL=68bddf1e8639c83c33e01e825cee sender=DHL_Logistics processed
2026-02-07T03:09:31.248Z WARN  [IF_Sales_Order_Create] MPL=78602905e47c0136e1140aef65df sender=Salesforce_CRM processed
2026-03-25T02:01:14.102Z WARN  [IF_Payment_Status_Bank] MPL=dcb574ae2970b4d9c16773af244e sender=Workday_HCM processed
2026-08-25T04:31:20.967Z WARN  [IF_Payment_Status_Bank] MPL=32490f56b79c3bba6cc596808726 sender=DHL_Logistics processed
2026-07-16T02:28:38.318Z WARN  [IF_BusinessPartner_Sync] MPL=5df8c96a8507caa46a1757b8f65d sender=Salesforce_CRM processed
2026-07-25T03:50:39.775Z INFO  [IF_Invoice_Post] MPL=c0ffe48d044935a0eee9224985e6 sender=SAP_S4HANA_PRD processed
2026-07-04T10:49:58.784Z ERROR [IF_Material_Master_Replication] MPL=b1a17392499a2424267e5a33ba00 sender=Salesforce_CRM processed
2026-01-27T05:42:09.989Z WARN  [IF_Delivery_Tracking] MPL=515aa706da32543f894ed882dd00 sender=Bank_HSBC_H2H processed
2026-06-14T08:42:32.835Z ERROR [IF_Delivery_Tracking] MPL=f51cd4b3eaa0549e5acfdb5431fc sender=Bank_HSBC_H2H processed
2026-02-06T22:39:02.897Z WARN  [IF_Material_Master_Replication] MPL=8105040516ca5c7ca1358ac0651d sender=SuccessFactors_EC processed
2026-03-07T23:35:59.359Z WARN  [IF_Employee_Delta_Sync] MPL=79f62bc086986fb4a85138841530 sender=Workday_HCM processed
2026-04-27T05:36:21.464Z INFO  [IF_Payment_Status_Bank] MPL=54eb3d5cf30a3727007ccf11256a sender=Concur_Expense processed
2026-02-28T23:43:26.304Z WARN  [IF_Employee_Delta_Sync] MPL=4872ca7a1edbbe820f436961d7ea sender=Ariba_Network processed
2026-05-12T04:48:39.258Z INFO  [IF_Delivery_Tracking] MPL=90bd0e738939e56b9f5c0199d771 sender=Workday_HCM processed
2026-06-20T21:29:06.934Z ERROR [IF_Delivery_Tracking] MPL=d16a961a2a0bbd88b07500b7bd9b sender=SAP_S4HANA_PRD processed
2026-08-11T09:54:47.659Z ERROR [IF_Sales_Order_Create] MPL=b4319e2b517f9a9367c730cb01fb sender=SAP_S4HANA_PRD processed
2026-03-17T11:51:00.427Z ERROR [IF_Payment_Status_Bank] MPL=08f4a8a48daaaf4605f2e9fb251f sender=Salesforce_CRM processed
2026-04-10T18:47:23.283Z INFO  [IF_Payment_Status_Bank] MPL=a2d8f8a4696308794f2512d38160 sender=Salesforce_CRM processed
2026-08-24T20:51:50.157Z WARN  [IF_Invoice_Post] MPL=59d9279ea35229c95813b5051e15 sender=SuccessFactors_EC processed
2026-02-09T03:55:21.819Z WARN  [IF_BusinessPartner_Sync] MPL=b682e87fdf357baefa867dece940 sender=Workday_HCM processed
2026-03-20T05:19:52.465Z INFO  [IF_Material_Master_Replication] MPL=56fa288bddb3f6e1ddac12a918be sender=SAP_S4HANA_PRD processed
2026-01-14T19:49:38.740Z ERROR [IF_Invoice_Post] MPL=8be52b83403ecd497678030b1231 sender=Concur_Expense processed
2026-10-01T22:04:40.631Z INFO  [IF_Payment_Status_Bank] MPL=fc8c608c14a4678dcf722dd0eee4 sender=SAP_S4HANA_PRD processed
2026-05-06T01:06:11.394Z ERROR [IF_Payment_Status_Bank] MPL=fd7e1acbafa7e79a67d635878488 sender=SAP_S4HANA_PRD processed
2026-01-08T08:54:27.640Z ERROR [IF_PurchaseOrder_Ariba] MPL=0b0ccc602c71a487ae009255cdb1 sender=Concur_Expense processed
2026-01-16T23:04:54.718Z ERROR [IF_PurchaseOrder_Ariba] MPL=c33f0e255470fef87d4c459aba97 sender=Bank_HSBC_H2H processed
2026-03-11T01:06:07.425Z WARN  [IF_Invoice_Post] MPL=b7e3bd2faf10b80e89420599b731 sender=SuccessFactors_EC processed
2026-01-16T12:10:40.292Z ERROR [IF_Employee_Delta_Sync] MPL=a91b3fc4d8e2d864cc0b2555a82b sender=Workday_HCM processed
2026-07-25T03:10:44.116Z INFO  [IF_PurchaseOrder_Ariba] MPL=a5342713b96310e1b5ab52d7895d sender=SuccessFactors_EC processed
2026-01-04T05:51:44.938Z WARN  [IF_Payment_Status_Bank] MPL=b8d3083972ab6c920412c00ac9a8 sender=Workday_HCM processed
2026-01-11T23:57:40.429Z ERROR [IF_Delivery_Tracking] MPL=61f7ec8de34f895e16b4423134ad sender=SuccessFactors_EC processed
2026-09-28T04:47:41.755Z ERROR [IF_Employee_Delta_Sync] MPL=3b30fbf043ed8e1a3a53db02f1ef sender=Concur_Expense processed
2026-03-02T11:35:59.051Z INFO  [IF_Invoice_Post] MPL=e4b681a54ef5dcdbd3e528d1dfec sender=SAP_S4HANA_PRD processed
2026-01-08T02:06:36.242Z ERROR [IF_Delivery_Tracking] MPL=7d731b5b2154ded31a26d583b92b sender=Bank_HSBC_H2H processed
2026-07-22T22:08:30.329Z WARN  [IF_Sales_Order_Create] MPL=5cbec4b2a34267273c34afbb2d21 sender=Salesforce_CRM processed
2026-09-12T03:02:46.413Z INFO  [IF_Payment_Status_Bank] MPL=d6a0945786da48b693d7d5e9ad16 sender=Workday_HCM processed
2026-01-21T22:32:11.450Z ERROR [IF_PurchaseOrder_Ariba] MPL=397f7028f079086419609c490f5f sender=Workday_HCM processed
2026-06-19T14:11:36.742Z INFO  [IF_Employee_Delta_Sync] MPL=4747b6148488ce6d07a8c7719145 sender=Bank_HSBC_H2H processed
2026-05-27T00:18:27.287Z WARN  [IF_Employee_Delta_Sync] MPL=0c295c73a969c910e53b560603a2 sender=SAP_S4HANA_PRD processed
2026-06-29T10:41:49.579Z ERROR [IF_Invoice_Post] MPL=70a10576d449bd551eca7ac985ab sender=DHL_Logistics processed