2026-05-21T21:01:18.448Z ERROR [IF_Invoice_Post] MPL=8525bf4f39c087b6670209793cfd sender=Concur_Expense processed
2026-07-14T08:44:57.567Z ERROR [IF_Material_Master_Replication] MPL=3ce325fe300a7b53682ba41a6ed5 sender=SuccessFactors_EC processed
2026-02-08T13:40:38.725Z ERROR [IF_Employee_Delta_Sync] MPL=1581998f2772404b96c81f692da7 sender=Salesforce_CRM processed
2026-02-19T01:11:36.243Z INFO  [IF_Material_Master_Replication] MPL=79ed1e966b928bd85e6653546749 sender=Workday_HCM processed
2026-08-26T19:38:39.423Z ERROR [IF_PurchaseOrder_Ariba] MPL=6e9ac806aa55bbb06766b35a55f3 sender=Salesforce_CRM processed
2026-01-16T02:24:46.461Z ERROR [IF_Delivery_Tracking] MPL=6c89ff5a682399dedba64a01a1c6 sender=SuccessFactors_EC processed
2026-02-23T21:10:13.933Z WARN  [IF_Sales_Order_Create] MPL=e8478b11269fd3cac46f52097544 sender=Ariba_Network processed
2026-04-30T23:12:56.384Z ERROR [IF_Delivery_Tracking] MPL=f23226c81862304aeb0b2a38e45c sender=Workday_HCM processed
2026-09-18T08:06:20.002Z INFO  [IF_BusinessPartner_Sync] MPL=1bd55f4cf347ca79d848eb82cb38 sender=Workday_HCM processed
2026-05-19T01:21:46.927Z ERROR [IF_Material_Master_Replication] MPL=05e3df8b9323d701d6b48ce6ee9a sender=Concur_Expense processed
2026-04-20T07:28:56.327Z INFO  [IF_Payment_Status_Bank] MPL=a2204b50dbefa5077e7ff0826ca9 sender=Ariba_Network processed
2026-05-19T06:27:34.969Z ERROR [IF_Delivery_Tracking] MPL=9dc475568c87a161ebe20c9ed39f sender=DHL_Logistics processed
2026-01-18T10:35:48.987Z ERROR [IF_BusinessPartner_Sync] MPL=fc9b69d995d92b1f2dbd42dfc94b sender=Bank_HSBC_H2H processed
2026-06-04T14:03:12.149Z ERROR [IF_Delivery_Tracking] MPL=0b38099fe1bf2475305b33735a7f sender=Ariba_Network processed
2026-10-05T03:17:32.021Z INFO  [IF_Delivery_Tracking] MPL=6c02f4ecb9bdf3c86500442abf8e sender=Ariba_Network processed
2026-05-23T07:45:08.728Z WARN  [IF_Delivery_Tracking] MPL=75b3d361ffe016699c730eeefd04 sender=Salesforce_CRM processed
2026-05-23T22:02:36.507Z ERROR [IF_Invoice_Post] MPL=12d8d64da6f115d1e65212d7d516 sender=SuccessFactors_EC processed
2026-09-28T17:39:50.739Z INFO  [IF_PurchaseOrder_Ariba] MPL=7e901ca553afca3aa0c9e2590fd7 sender=SAP_S4HANA_PRD processed
2026-09-20T18:45:01.366Z ERROR [IF_Invoice_Post] MPL=e934b070c95612d01560e3f012e7 sender=Salesforce_CRM processed
2026-09-02T12:52:19.546Z ERROR [IF_Invoice_Post] MPL=2c51b0507633d5be691a3e100ec6 sender=SAP_S4HANA_PRD processed
2026-09-13T19:57:57.636Z INFO  [IF_PurchaseOrder_Ariba] MPL=de433c56394174ae5279ea6df70b sender=SuccessFactors_EC processed
2026-05-16T00:35:01.343Z WARN  [IF_BusinessPartner_Sync] MPL=b391784bb683117ab4a8a4a88e46 sender=Concur_Expense processed
2026-06-04T00:39:55.652Z ERROR [IF_Delivery_Tracking] MPL=80777b2d0e27f3d525c6b5f36bc3 sender=Salesforce_CRM processed
2026-07-25T08:18:15.345Z ERROR [IF_Delivery_Tracking] MPL=b503e492e64e56093f4621ac1cbc sender=SuccessFactors_EC processed
2026-03-05T16:51:20.074Z ERROR [IF_BusinessPartner_Sync] MPL=a4996202187128057626bc3528e4 sender=Bank_HSBC_H2H processed
2026-07-21T20:45:00.232Z ERROR [IF_Invoice_Post] MPL=1a48797192647db4459677ebf45b sender=SAP_S4HANA_PRD processed
2026-02-14T00:42:14.378Z WARN  [IF_Invoice_Post] MPL=3f2561c6aae59e9edabf884e51a8 sender=Concur_Expense processed
2026-03-23T03:45:55.136Z WARN  [IF_Employee_Delta_Sync] MPL=277bb8bef1bf2079c9aebea96029 sender=SuccessFactors_EC processed
2026-03-19T07:16:15.813Z INFO  [IF_Material_Master_Replication] MPL=1c7678dd6ccc1fee861609e670dc sender=Concur_Expense processed