2026-03-13T11:46:42.562Z ERROR [IF_Payment_Status_Bank] MPL=7b192b31d7ebb95c9f6ac6af2a14 sender=SAP_S4HANA_PRD processed
2026-06-18T19:33:47.855Z WARN  [IF_Invoice_Post] MPL=c03b709d6825bc152da3afabc0aa sender=Salesforce_CRM processed
2026-04-04T07:42:23.026Z WARN  [IF_Material_Master_Replication] MPL=0351e8ceb3f4a34ae1f81ba991c9 sender=Salesforce_CRM processed
2026-07-24T22:41:25.224Z INFO  [IF_Invoice_Post] MPL=cf8d40731e2f5f2acc467f886f85 sender=SuccessFactors_EC processed
2026-06-24T16:03:59.383Z WARN  [IF_Invoice_Post] MPL=74b1f571a2135e5212b6147dc2ce sender=SuccessFactors_EC processed
2026-07-19T13:48:40.389Z INFO  [IF_Material_Master_Replication] MPL=23c3e39fb9f2b0b6184d251859e4 sender=Bank_HSBC_H2H processed
2026-09-30T01:25:52.470Z INFO  [IF_Employee_Delta_Sync] MPL=de1ccf144c11f7ac4c348d803164 sender=Salesforce_CRM processed
2026-02-17T19:25:26.780Z WARN  [IF_Invoice_Post] MPL=2ca062f2181145d03bcbcb2acad6 sender=SAP_S4HANA_PRD processed
2026-03-09T07:52:37.006Z ERROR [IF_Invoice_Post] MPL=dd36f704e64343f844606ad59264 sender=Ariba_Network processed
2026-05-10T14:56:43.612Z INFO  [IF_Invoice_Post] MPL=9f41c7f187fbc2ff9d4cb1f6b96c sender=Ariba_Network processed
2026-10-02T03:20:18.555Z INFO  [IF_BusinessPartner_Sync] MPL=ad7f01464f5798b0c35b95f17925 sender=Ariba_Network processed
2026-04-15T10:16:33.158Z WARN  [IF_Sales_Order_Create] MPL=f050900695227c4b26a7e10c7849 sender=Concur_Expense processed
2026-02-22T06:38:02.781Z INFO  [IF_Sales_Order_Create] MPL=6cd2f7b662f38227e9f22525a443 sender=Workday_HCM processed
2026-08-16T07:28:20.862Z INFO  [IF_Employee_Delta_Sync] MPL=969f5deb814d91ab25a3c55f65b8 sender=Workday_HCM processed
2026-09-27T11:40:39.381Z WARN  [IF_BusinessPartner_Sync] MPL=6d5b88b31eccc6c39e4c96a7616b sender=Ariba_Network processed
2026-03-27T17:29:23.082Z INFO  [IF_Material_Master_Replication] MPL=8382913382e03aead4ade4c70b16 sender=Bank_HSBC_H2H processed
2026-09-10T04:56:38.539Z ERROR [IF_PurchaseOrder_Ariba] MPL=79b156c0b5c15dcfb1920ada2e01 sender=Salesforce_CRM processed
2026-03-19T22:04:58.679Z ERROR [IF_PurchaseOrder_Ariba] MPL=e28b227e3df3f1e8d01a47bdd05c sender=Salesforce_CRM processed
2026-06-24T20:14:36.883Z INFO  [IF_Delivery_Tracking] MPL=d0b1b7a73149b76468b4e17f4b15 sender=SAP_S4HANA_PRD processed
2026-01-19T12:22:56.431Z ERROR [IF_BusinessPartner_Sync] MPL=dd64b97550a72db9cf27dda7d8cf sender=Workday_HCM processed
2026-04-22T16:32:50.437Z WARN  [IF_Invoice_Post] MPL=05adfea942c09de02f5a482db39a sender=Workday_HCM processed
2026-04-30T04:47:02.895Z WARN  [IF_Payment_Status_Bank] MPL=2ae5e9491c833d140e4741e5f796 sender=SAP_S4HANA_PRD processed
2026-01-06T00:44:55.439Z ERROR [IF_Material_Master_Replication] MPL=7f410fe74e27434716626b09442d sender=Salesforce_CRM processed
2026-05-14T09:07:14.485Z INFO  [IF_Payment_Status_Bank] MPL=fd5249962b7ec841f189912dfde3 sender=SuccessFactors_EC processed
2026-01-23T02:49:29.104Z ERROR [IF_BusinessPartner_Sync] MPL=3697f7ea426996b4816c21a3be9a sender=Salesforce_CRM processed
2026-08-07T12:59:11.867Z WARN  [IF_Material_Master_Replication] MPL=d82a9a3aadce6009cb45f85c55ce sender=DHL_Logistics processed
2026-09-02T12:00:34.345Z WARN  [IF_Invoice_Post] MPL=d0f6b475a7258bcbbe0107d8f49d sender=Ariba_Network processed
2026-05-06T07:55:47.546Z INFO  [IF_PurchaseOrder_Ariba] MPL=92ea29de3abc2ba336be97c818ac sender=Ariba_Network processed
2026-06-15T05:20:02.374Z INFO  [IF_PurchaseOrder_Ariba] MPL=64615ace9d29efb3ab10007d24d5 sender=SuccessFactors_EC processed
2026-07-02T06:43:00.208Z INFO  [IF_Payment_Status_Bank] MPL=4848c69ebad7d125f02874a5e178 sender=SuccessFactors_EC processed
2026-08-31T08:34:40.580Z INFO  [IF_Payment_Status_Bank] MPL=7863c81e035eebe1273a8493a7a6 sender=DHL_Logistics processed
2026-03-26T00:32:02.023Z INFO  [IF_PurchaseOrder_Ariba] MPL=032b0101d1bb3e9b2a9679556c2b sender=Salesforce_CRM processed
2026-08-27T22:35:04.263Z WARN  [IF_Employee_Delta_Sync] MPL=1e4725070e076013b139b91c2786 sender=Bank_HSBC_H2H processed
2026-07-17T22:13:56.500Z INFO  [IF_Employee_Delta_Sync] MPL=7b8a54e5e01b3f778b7c154c9774 sender=Bank_HSBC_H2H processed
2026-02-08T15:00:57.401Z WARN  [IF_Employee_Delta_Sync] MPL=2183dd79ba712d94e89d62a5e245 sender=Ariba_Network processed
2026-01-02T06:52:12.339Z WARN  [IF_Material_Master_Replication] MPL=16dca5920f97a54643afad1f2cad sender=Concur_Expense processed
2026-03-20T05:53:23.756Z WARN  [IF_Employee_Delta_Sync] MPL=52984d0e6aec0fc11940df5b874e sender=SAP_S4HANA_PRD processed
2026-03-21T09:34:01.361Z ERROR [IF_Payment_Status_Bank] MPL=c887659ab1d533596d54fee66a97 sender=SAP_S4HANA_PRD processed
2026-01-02T20:12:26.044Z WARN  [IF_Delivery_Tracking] MPL=7c2af0415facc25d539b5586ef12 sender=SAP_S4HANA_PRD processed
2026-03-05T21:17:56.938Z ERROR [IF_Material_Master_Replication] MPL=2a106fe3876cf8847d2acf300a4c sender=Bank_HSBC_H2H processed
2026-06-19T18:18:41.767Z WARN  [IF_Delivery_Tracking] MPL=44670ade0ed1c0887cf5b9e6c732 sender=SuccessFactors_EC processed
2026-03-15T04:15:49.519Z INFO  [IF_PurchaseOrder_Ariba] MPL=d31365699771fa9cd9ba610188c6 sender=SuccessFactors_EC processed
2026-08-12T21:11:17.080Z WARN  [IF_Delivery_Tracking] MPL=9c69a8933662d20948a9eb31a0be sender=Workday_HCM processed
2026-08-17T13:23:42.027Z WARN  [IF_PurchaseOrder_Ariba] MPL=4616b943dbe71e303753c4e92735 sender=Ariba_Network processed
2026-01-01T14:36:05.486Z WARN  [IF_Payment_Status_Bank] MPL=c7d11b328671dedf8dceb46e5790 sender=Concur_Expense processed
2026-08-07T20:49:55.039Z INFO  [IF_Sales_Order_Create] MPL=ef90c6636f7a6636bb3b4234069a sender=DHL_Logistics processed
2026-08-14T11:06:27.117Z INFO  [IF_Employee_Delta_Sync] MPL=96add0eabecc637f1421a242a257 sender=SuccessFactors_EC processed
2026-09-05T08:46:14.022Z ERROR [IF_PurchaseOrder_Ariba] MPL=5d11f281a2bb1b7a70201dd60955 sender=Ariba_Network processed
2026-05-19T11:30:41.082Z ERROR [IF_Invoice_Post] MPL=a1d3376dc73407d1d9728dfc9d72 sender=SAP_S4HANA_PRD processed
2026-08-22T18:15:39.863Z INFO  [IF_Invoice_Post] MPL=ac48ae84b40f0f5fd234c69a1682 sender=Concur_Expense processed
2026-09-05T09:06:16.729Z ERROR [IF_Payment_Status_Bank] MPL=ee0202ff633bd73ffd72de06be87 sender=SuccessFactors_EC processed
2026-02-06T19:20:34.155Z WARN  [IF_BusinessPartner_Sync] MPL=5003a835bb0fdb7db59d758179e0 sender=Ariba_Network processed
2026-04-13T07:47:14.028Z ERROR [IF_BusinessPartner_Sync] MPL=00c200eba7b70a12198617951e61 sender=Bank_HSBC_H2H processed
2026-09-07T01:37:45.835Z WARN  [IF_BusinessPartner_Sync] MPL=f39867fa2dc3e52c56c54abdad18 sender=SuccessFactors_EC processed
2026-01-06T03:53:57.051Z WARN  [IF_Sales_Order_Create] MPL=79189ee111aced594f22f6263c08 sender=Ariba_Network processed
2026-08-23T14:41:31.746Z INFO  [IF_Material_Master_Replication] MPL=62642c6a9f4212578c3922ba558f sender=DHL_Logistics processed
2026-06-28T12:45:34.857Z INFO  [IF_Delivery_Tracking] MPL=01fc4526cdf7598322b5349bd097 sender=Workday_HCM processed
2026-01-08T09:48:39.828Z ERROR [IF_Payment_Status_Bank] MPL=40c21328c1e7b34fe5a50c2bea6d sender=Salesforce_CRM processed
2026-08-07T14:05:00.193Z ERROR [IF_Delivery_Tracking] MPL=84fceb5c806e38af413cc3dfbd52 sender=Ariba_Network processed
2026-03-26T08:14:23.103Z INFO  [IF_PurchaseOrder_Ariba] MPL=71f9bed780949e3ab3997e40a849 sender=Workday_HCM processed
2026-01-29T12:49:18.443Z INFO  [IF_Payment_Status_Bank] MPL=a8923bef5b31bc9929a9f7f27fef sender=SuccessFactors_EC processed
2026-03-21T07:35:09.545Z INFO  [IF_Employee_Delta_Sync] MPL=4710db58c5c2e02a3c03d67730b0 sender=SuccessFactors_EC processed
2026-01-16T01:20:28.865Z ERROR [IF_Invoice_Post] MPL=73d593e44d84a756041176e0ee8f sender=Salesforce_CRM processed
2026-05-07T06:10:09.504Z ERROR [IF_Delivery_Tracking] MPL=5990ad64afb4d4618c96c35f8cee sender=SuccessFactors_EC processed
2026-08-21T06:13:59.049Z ERROR [IF_BusinessPartner_Sync] MPL=4ea095206a0e879172fa84d15217 sender=Ariba_Network processed
2026-09-22T22:28:21.659Z ERROR [IF_Payment_Status_Bank] MPL=f3a6d36a3c58fcbd5c176c9f3a06 sender=SuccessFactors_EC processed