2026-08-16T09:27:58.778Z WARN  [IF_Employee_Delta_Sync] MPL=faa5a6b05dc9bb8cf9ea708de081 sender=Ariba_Network processed
2026-06-11T08:04:00.266Z ERROR [IF_BusinessPartner_Sync] MPL=9c50760f3bc3cd1907230133fc58 sender=Concur_Expense processed
2026-04-25T06:50:49.477Z WARN  [IF_Payment_Status_Bank] MPL=9902d54f076b30349fb541ece5c2 sender=SuccessFactors_EC processed
2026-04-13T22:08:11.696Z INFO  [IF_Sales_Order_Create] MPL=57bfb5b609547633b8e497cc3509 sender=Salesforce_CRM processed
2026-01-12T08:59:25.604Z WARN  [IF_Material_Master_Replication] MPL=e2b919a2ce6dd8eb5284c520395e sender=SAP_S4HANA_PRD processed
2026-06-28T05:28:59.548Z WARN  [IF_Employee_Delta_Sync] MPL=30200287f7c8c3b4505973b87554 sender=DHL_Logistics processed
2026-10-04T13:33:16.756Z INFO  [IF_Payment_Status_Bank] MPL=51fae18f315baa3159780776ac13 sender=Ariba_Network processed
2026-03-11T22:43:00.854Z WARN  [IF_PurchaseOrder_Ariba] MPL=b604ceaa20e97c821fcda0e68fc7 sender=SAP_S4HANA_PRD processed
2026-01-27T12:16:59.971Z ERROR [IF_Invoice_Post] MPL=5f559ce7bbbcabd95a6d696d67f1 sender=Bank_HSBC_H2H processed
2026-08-20T13:51:35.866Z WARN  [IF_Delivery_Tracking] MPL=76810cf5886ca7bb0df37e2a5f5d sender=Salesforce_CRM processed
2026-01-04T20:01:58.800Z WARN  [IF_Invoice_Post] MPL=02d9efe3086801dbddec914264b1 sender=SuccessFactors_EC processed
2026-09-12T18:52:40.480Z ERROR [IF_BusinessPartner_Sync] MPL=7d9c57615f17ea137483d197e845 sender=Salesforce_CRM processed
2026-05-05T21:44:00.215Z WARN  [IF_Employee_Delta_Sync] MPL=0a4f2f7c644ee2cfbb751c15edd0 sender=SAP_S4HANA_PRD processed
2026-05-22T01:25:49.229Z INFO  [IF_BusinessPartner_Sync] MPL=4086d672cb21f98d9e96d7d8ecee sender=Workday_HCM processed
2026-03-14T10:29:13.350Z WARN  [IF_Invoice_Post] MPL=cc351a68ba1a9ac8641d799fe31e sender=SuccessFactors_EC processed
2026-09-06T19:41:43.135Z INFO  [IF_PurchaseOrder_Ariba] MPL=1a20fc0766637888222911fee8ef sender=DHL_Logistics processed
2026-07-04T10:58:33.118Z INFO  [IF_Invoice_Post] MPL=bec36b3420f54285b621fc746a9a sender=Salesforce_CRM processed
2026-02-06T02:26:20.251Z WARN  [IF_BusinessPartner_Sync] MPL=596bc950e8c4dcd731d961e4d382 sender=SAP_S4HANA_PRD processed
2026-09-21T02:48:56.409Z ERROR [IF_BusinessPartner_Sync] MPL=ce1fb521546ebb3112438732c411 sender=Workday_HCM processed
2026-03-11T00:32:08.253Z WARN  [IF_Employee_Delta_Sync] MPL=4f28d84a00787881e0d8ceaafcff sender=SAP_S4HANA_PRD processed
2026-04-08T10:11:39.887Z WARN  [IF_Invoice_Post] MPL=e8bbb3ab9f0283c83601320722fe sender=DHL_Logistics processed
2026-08-05T09:27:44.376Z INFO  [IF_Invoice_Post] MPL=62205cde9d8028204ebd03034e85 sender=SAP_S4HANA_PRD processed
2026-07-20T09:00:17.358Z INFO  [IF_BusinessPartner_Sync] MPL=d9f0dfc9d82bdd23a28c1257a703 sender=Concur_Expense processed
2026-05-03T19:03:49.392Z ERROR [IF_Delivery_Tracking] MPL=03b2dd55853357379eabaea362b5 sender=Bank_HSBC_H2H processed
2026-07-09T23:51:35.327Z INFO  [IF_PurchaseOrder_Ariba] MPL=d2fc62af19aab48b55e9d73277b3 sender=Workday_HCM processed
2026-02-11T18:15:22.393Z ERROR [IF_Delivery_Tracking] MPL=f1a090d8f8ca935a6030be00ad49 sender=Ariba_Network processed
2026-05-29T12:42:40.845Z WARN  [IF_Sales_Order_Create] MPL=a104f984c1f982a8f2e255b91ef5 sender=SAP_S4HANA_PRD processed
2026-07-09T05:16:24.740Z WARN  [IF_Invoice_Post] MPL=7adbafa893c61ce973dbaa156c2b sender=DHL_Logistics processed
2026-04-27T03:34:55.368Z ERROR [IF_PurchaseOrder_Ariba] MPL=d02fae30bdfc900e7a348590e61f sender=Ariba_Network processed
2026-05-22T10:35:41.782Z WARN  [IF_Sales_Order_Create] MPL=48406be72cb09c0087592560ab7f sender=Bank_HSBC_H2H processed
2026-04-22T10:17:04.733Z INFO  [IF_Payment_Status_Bank] MPL=49b1f43b59762a5a3ccca0bb3930 sender=SuccessFactors_EC processed
2026-08-31T00:30:33.432Z ERROR [IF_Payment_Status_Bank] MPL=66a8b4058a8a5ca709dba4366db5 sender=Concur_Expense processed
2026-07-04T04:54:03.704Z ERROR [IF_BusinessPartner_Sync] MPL=c6b8ff2c0f3b38b272b267c8031b sender=Bank_HSBC_H2H processed
2026-06-06T18:35:56.153Z ERROR [IF_Employee_Delta_Sync] MPL=43bb676e1b40accf86eeca26bb58 sender=SuccessFactors_EC processed
2026-02-25T13:01:04.541Z INFO  [IF_Invoice_Post] MPL=516425f5f2c508183bbe39874e11 sender=Ariba_Network processed
2026-02-28T13:13:03.904Z ERROR [IF_Payment_Status_Bank] MPL=9f1f042458de96ad619fb181f594 sender=SuccessFactors_EC processed