2026-08-10T03:19:46.959Z ERROR [IF_Sales_Order_Create] MPL=5da76341f52451e4ec2e7b623f86 sender=SuccessFactors_EC processed
2026-02-05T11:13:33.706Z INFO  [IF_Material_Master_Replication] MPL=73fc2585223e44c3cbf5c9a55198 sender=SAP_S4HANA_PRD processed
2026-04-29T17:00:46.225Z ERROR [IF_Material_Master_Replication] MPL=ccc9c2cf6c62a8a87a210ea942ee sender=Salesforce_CRM processed
2026-03-21T22:30:44.639Z INFO  [IF_BusinessPartner_Sync] MPL=8dc5e1a3034dc15c4749372ac5ae sender=Concur_Expense processed
2026-08-17T12:19:14.425Z WARN  [IF_Material_Master_Replication] MPL=aa91d448532804aff334298fdbc5 sender=Ariba_Network processed
2026-07-10T02:52:58.889Z ERROR [IF_Employee_Delta_Sync] MPL=b62bd04981093ed191d181c61c34 sender=Salesforce_CRM processed
2026-03-08T13:42:23.012Z ERROR [IF_Payment_Status_Bank] MPL=8ef6dc4fd45ed860c1fddd02a724 sender=Concur_Expense processed
2026-07-14T10:11:35.281Z INFO  [IF_Invoice_Post] MPL=06f32d6b5524c2ed76d5b80b5b11 sender=SuccessFactors_EC processed
2026-05-26T07:45:39.299Z ERROR [IF_PurchaseOrder_Ariba] MPL=9e2471a31233d88659bc8d020495 sender=SAP_S4HANA_PRD processed
2026-03-16T20:21:33.336Z WARN  [IF_Employee_Delta_Sync] MPL=f94acb0e79efe9394c181016e1ae sender=Workday_HCM processed
2026-03-07T18:46:23.248Z WARN  [IF_BusinessPartner_Sync] MPL=4adbbc761cb657e322d1d2b3677c sender=Ariba_Network processed
2026-06-12T09:50:02.236Z ERROR [IF_Sales_Order_Create] MPL=f77e541ff39bf1d746a37c7d73ed sender=DHL_Logistics processed
2026-02-18T17:16:02.068Z ERROR [IF_Invoice_Post] MPL=85f5b80a9f70d05290644864e7f5 sender=Bank_HSBC_H2H processed
2026-04-20T15:20:42.040Z ERROR [IF_PurchaseOrder_Ariba] MPL=0b70c2e790eec2ce46e33734dd6e sender=Ariba_Network processed
2026-03-21T09:49:05.946Z INFO  [IF_Employee_Delta_Sync] MPL=da2678ec62c5aae15f969ea44c5b sender=Concur_Expense processed
2026-06-11T22:54:10.398Z ERROR [IF_Delivery_Tracking] MPL=567da400213d03cb8a40777fe79d sender=DHL_Logistics processed
2026-09-05T03:32:23.523Z WARN  [IF_Invoice_Post] MPL=1993119e1284a54d168068a44642 sender=Workday_HCM processed
2026-04-17T16:50:39.858Z ERROR [IF_PurchaseOrder_Ariba] MPL=7660508c95b566b62219cea80e05 sender=Salesforce_CRM processed
2026-09-12T19:53:29.383Z WARN  [IF_Sales_Order_Create] MPL=3379cdca58564c5039091fa03da8 sender=Concur_Expense processed
2026-07-30T17:20:34.516Z ERROR [IF_Invoice_Post] MPL=495e5a1b7054553f88dd74fb00b4 sender=Concur_Expense processed
2026-06-24T08:41:32.324Z ERROR [IF_Payment_Status_Bank] MPL=aebfaa48a816cb8b467354e9ca98 sender=Ariba_Network processed
2026-01-30T07:21:58.521Z WARN  [IF_Material_Master_Replication] MPL=85bbad6a30f810c6fb56b90628c4 sender=SAP_S4HANA_PRD processed
2026-05-04T17:57:16.897Z WARN  [IF_Sales_Order_Create] MPL=787842cbbc57fe44deb2bffd8c87 sender=Workday_HCM processed
2026-04-06T12:28:17.338Z INFO  [IF_PurchaseOrder_Ariba] MPL=29065121c6c2c351301e1eee5f9f sender=SAP_S4HANA_PRD processed
2026-05-03T18:11:09.455Z ERROR [IF_Invoice_Post] MPL=e1c11b41c79ef8a868a7f24ded65 sender=DHL_Logistics processed
2026-04-06T14:06:33.378Z ERROR [IF_Delivery_Tracking] MPL=17542b0ffcbe2da2754238d87954 sender=SAP_S4HANA_PRD processed
2026-05-23T13:29:43.300Z INFO  [IF_Material_Master_Replication] MPL=12a15e99646fe1d03dae7058e1c3 sender=SAP_S4HANA_PRD processed
2026-08-13T14:08:34.669Z WARN  [IF_Invoice_Post] MPL=49e9faa9f8ca7ca0edcfc44306bb sender=Ariba_Network processed
2026-05-09T10:41:47.757Z INFO  [IF_PurchaseOrder_Ariba] MPL=29f978b52f973911d1082bad7665 sender=Concur_Expense processed
2026-05-02T01:19:38.890Z ERROR [IF_PurchaseOrder_Ariba] MPL=7b9d9edc3caf5fb76d4c134d27e7 sender=Salesforce_CRM processed
2026-02-23T17:35:09.290Z WARN  [IF_Material_Master_Replication] MPL=3d138fb0c36ffde64dd46cfeed18 sender=SAP_S4HANA_PRD processed
2026-09-14T14:18:00.126Z WARN  [IF_Sales_Order_Create] MPL=ff7fd7793bf674b7c44b7e925ba7 sender=SuccessFactors_EC processed
2026-02-11T05:45:02.647Z ERROR [IF_BusinessPartner_Sync] MPL=0b8cd7aa788f3aabf129a084af17 sender=DHL_Logistics processed
2026-05-14T23:13:35.816Z ERROR [IF_BusinessPartner_Sync] MPL=08c5731bb5cd688ac78e9d12bf6f sender=Workday_HCM processed
2026-05-02T02:43:19.484Z ERROR [IF_PurchaseOrder_Ariba] MPL=e8e06bc619cb672c59beb3efe43d sender=Concur_Expense processed
2026-02-02T03:30:31.319Z ERROR [IF_Delivery_Tracking] MPL=c3ea348ca8dd851c192403970e68 sender=Concur_Expense processed
2026-01-17T22:10:04.646Z INFO  [IF_PurchaseOrder_Ariba] MPL=9df99d07076acfcea4ee78f4e511 sender=Concur_Expense processed
2026-03-12T20:18:18.792Z INFO  [IF_Material_Master_Replication] MPL=e804e05fc39099b71978362b5079 sender=Bank_HSBC_H2H processed
2026-02-02T21:12:30.123Z WARN  [IF_Invoice_Post] MPL=9332e80deebf692a31f53c80ede9 sender=Concur_Expense processed
2026-04-01T09:44:38.042Z ERROR [IF_Invoice_Post] MPL=9945fcc4b593fed07319b17d551d sender=Bank_HSBC_H2H processed
2026-05-25T12:22:41.675Z WARN  [IF_Payment_Status_Bank] MPL=7c0536b2bf28232b2e7dd58aec77 sender=SAP_S4HANA_PRD processed
2026-02-12T23:23:58.516Z INFO  [IF_Sales_Order_Create] MPL=306e96da30e1efac5420f654e548 sender=Bank_HSBC_H2H processed
2026-08-11T23:50:02.590Z ERROR [IF_Delivery_Tracking] MPL=4dd1fa79973c9932c40747f624a5 sender=SAP_S4HANA_PRD processed
2026-06-05T18:56:33.808Z WARN  [IF_Sales_Order_Create] MPL=ba7a67315ca07800837ed12d21cd sender=Workday_HCM processed
2026-01-05T18:28:35.760Z ERROR [IF_Sales_Order_Create] MPL=b6a98cc9cc55529dcc4a6b77e4d5 sender=Workday_HCM processed
2026-07-04T08:07:53.915Z ERROR [IF_Material_Master_Replication] MPL=a39add01190997b2b75a68b48245 sender=SAP_S4HANA_PRD processed
2026-09-28T00:37:15.427Z INFO  [IF_BusinessPartner_Sync] MPL=4d0335e525a780a39f2051d3ffa9 sender=Salesforce_CRM processed
2026-06-14T22:10:14.218Z WARN  [IF_Delivery_Tracking] MPL=f8c22fc79e381872834a56e53fd9 sender=Salesforce_CRM processed
2026-01-07T01:36:40.443Z INFO  [IF_Invoice_Post] MPL=ec229adc1d655410fb86bd8220c3 sender=Ariba_Network processed