2026-07-25T16:15:30.506Z INFO  [IF_Delivery_Tracking] MPL=f09a8ed4c5b201155071ffee9058 sender=Ariba_Network processed
2026-07-21T05:31:18.866Z WARN  [IF_Delivery_Tracking] MPL=f6ffbd2e93d6291099b7ba922c30 sender=SAP_S4HANA_PRD processed
2026-04-19T20:18:10.458Z ERROR [IF_Sales_Order_Create] MPL=a266f92c2f8c50607d511f6057fa sender=Bank_HSBC_H2H processed
2026-02-08T10:37:01.779Z INFO  [IF_Material_Master_Replication] MPL=c358826af7042947f5e50f910715 sender=Concur_Expense processed
2026-06-28T07:19:02.774Z ERROR [IF_Payment_Status_Bank] MPL=0307d667fb3b26e4a1769fa05a7f sender=Ariba_Network processed
2026-09-07T00:45:45.904Z WARN  [IF_PurchaseOrder_Ariba] MPL=d1f0fafffb50a417dab33aed87d6 sender=Salesforce_CRM processed
2026-01-02T10:15:35.374Z ERROR [IF_Material_Master_Replication] MPL=45a7e00ebd3f27ba81ac5f6a81e5 sender=Concur_Expense processed
2026-04-17T01:55:57.474Z ERROR [IF_Payment_Status_Bank] MPL=bf6cb1ea4154b4690594e553ca1b sender=Concur_Expense processed
2026-03-18T08:15:26.544Z ERROR [IF_Material_Master_Replication] MPL=f99d41395489bd54becf4283a500 sender=Concur_Expense processed
2026-03-16T13:11:27.159Z INFO  [IF_Material_Master_Replication] MPL=887d85d8f80ba5b2280979cdee2c sender=Ariba_Network processed
2026-04-12T04:30:48.019Z INFO  [IF_Employee_Delta_Sync] MPL=491e934082a077c39e6a4f3ca92d sender=Bank_HSBC_H2H processed
2026-02-01T17:02:36.901Z INFO  [IF_Invoice_Post] MPL=da8f86ca8e5f6dc3dce0850445eb sender=Salesforce_CRM processed
2026-09-11T22:29:01.062Z INFO  [IF_PurchaseOrder_Ariba] MPL=108caacfd96a84a12562c1861c5b sender=SAP_S4HANA_PRD processed
2026-06-21T23:31:50.468Z INFO  [IF_Material_Master_Replication] MPL=169cc42fd0be55c813c42c40855a sender=SAP_S4HANA_PRD processed
2026-04-10T03:40:58.066Z ERROR [IF_Invoice_Post] MPL=0a93257c85355c2afba504aba062 sender=Concur_Expense processed
2026-02-12T18:16:36.676Z INFO  [IF_Material_Master_Replication] MPL=fd1fddb529e37bcde5931ce600a8 sender=SAP_S4HANA_PRD processed
2026-03-20T19:59:45.725Z ERROR [IF_Employee_Delta_Sync] MPL=22c1c5aa914be864c07d3e2966f0 sender=SuccessFactors_EC processed
2026-09-07T11:21:37.093Z ERROR [IF_PurchaseOrder_Ariba] MPL=76fbf385fa7bff546d098511d9ab sender=Concur_Expense processed
2026-03-31T07:26:58.418Z ERROR [IF_BusinessPartner_Sync] MPL=b35bd310538e118db2a477a939ee sender=Salesforce_CRM processed
2026-06-06T11:33:24.870Z ERROR [IF_Sales_Order_Create] MPL=aecacf18e5b4d692412e3192c43f sender=Salesforce_CRM processed
2026-09-29T13:11:25.732Z ERROR [IF_Employee_Delta_Sync] MPL=484356df220d81cf3059ad85dfd9 sender=SuccessFactors_EC processed
2026-08-14T04:57:09.952Z ERROR [IF_Employee_Delta_Sync] MPL=0cc8cb1f7e1880ee5587906a2dc8 sender=Bank_HSBC_H2H processed
2026-06-09T19:52:16.760Z INFO  [IF_Payment_Status_Bank] MPL=44f2dd34e520342bf83c1052a1c6 sender=SAP_S4HANA_PRD processed
2026-07-10T08:19:07.727Z WARN  [IF_Delivery_Tracking] MPL=c72a84854bedde6b7fbac6159c86 sender=DHL_Logistics processed
2026-09-24T21:45:38.237Z ERROR [IF_BusinessPartner_Sync] MPL=275db4df5621eba3ef0119ee5247 sender=DHL_Logistics processed
2026-01-11T04:59:59.022Z WARN  [IF_Employee_Delta_Sync] MPL=079f460b7a28b7f35ff7d9d29796 sender=DHL_Logistics processed
2026-05-18T17:09:02.780Z WARN  [IF_Sales_Order_Create] MPL=a5a05c4b91ff9f88d61c05dc79a6 sender=Ariba_Network processed
2026-09-01T01:42:46.868Z WARN  [IF_BusinessPartner_Sync] MPL=859a52b20833628810ae8a35edc4 sender=Bank_HSBC_H2H processed
2026-04-20T13:18:27.960Z ERROR [IF_Material_Master_Replication] MPL=3242bb489b4a5298523d54b90ce3 sender=Bank_HSBC_H2H processed
2026-03-07T01:23:54.450Z WARN  [IF_Sales_Order_Create] MPL=b64d7da5caf11cc3e9f95ffb18d1 sender=SuccessFactors_EC processed
2026-02-20T08:01:32.919Z WARN  [IF_Payment_Status_Bank] MPL=2ea8eabddbeea0be9a3af07513a8 sender=SAP_S4HANA_PRD processed
2026-03-01T19:48:24.779Z ERROR [IF_Invoice_Post] MPL=586193f4ad5e18df24fdfea563b7 sender=Salesforce_CRM processed
2026-07-18T04:24:25.654Z WARN  [IF_Employee_Delta_Sync] MPL=2535e8bb785d8a7a168d2be96670 sender=Salesforce_CRM processed
2026-05-02T03:34:06.918Z INFO  [IF_Delivery_Tracking] MPL=43cfe94366a6d77db22375a9cb22 sender=Salesforce_CRM processed
2026-05-20T21:08:00.176Z WARN  [IF_Invoice_Post] MPL=02e35656850eca8a26a9d3806b58 sender=Salesforce_CRM processed
2026-04-08T23:41:55.201Z ERROR [IF_BusinessPartner_Sync] MPL=259dcf04dbdd7dc8a80c2ea66883 sender=Workday_HCM processed
2026-07-20T22:08:53.030Z ERROR [IF_Payment_Status_Bank] MPL=84ce65f82b81b29fb97252146bbc sender=SuccessFactors_EC processed
2026-08-15T09:19:01.045Z INFO  [IF_Sales_Order_Create] MPL=d82a373388c9a91b96528e706e10 sender=Ariba_Network processed
2026-01-07T06:39:24.113Z ERROR [IF_Delivery_Tracking] MPL=e547345fa33db3d0f8146059c8af sender=Ariba_Network processed
2026-04-01T19:53:45.168Z INFO  [IF_BusinessPartner_Sync] MPL=c6c672f94c67bbfbdc62af22a19b sender=Concur_Expense processed
2026-08-07T20:04:24.719Z INFO  [IF_Employee_Delta_Sync] MPL=1998bb2a16d7c793fe60dd588482 sender=Bank_HSBC_H2H processed
2026-01-23T15:04:05.663Z INFO  [IF_Sales_Order_Create] MPL=14d092ec3b3d6f1bf3043cb2c32e sender=Concur_Expense processed
2026-02-09T21:39:02.461Z WARN  [IF_BusinessPartner_Sync] MPL=a060a6ddfb6d1440c56049d8d6a0 sender=DHL_Logistics processed
2026-02-24T13:52:31.913Z ERROR [IF_Payment_Status_Bank] MPL=8e5897273d7d48602bdd0ffad713 sender=Salesforce_CRM processed
2026-02-16T08:28:13.462Z INFO  [IF_Material_Master_Replication] MPL=d009d90d5a086ddff3dae27758bf sender=Bank_HSBC_H2H processed
2026-04-11T03:26:16.698Z ERROR [IF_Employee_Delta_Sync] MPL=65c6410e919d4b17d1f824f4454f sender=SuccessFactors_EC processed
2026-06-04T04:08:19.182Z ERROR [IF_BusinessPartner_Sync] MPL=cc5d72b1850f78e5127046982658 sender=SuccessFactors_EC processed
2026-02-26T16:01:34.885Z ERROR [IF_PurchaseOrder_Ariba] MPL=332eeb6c5fdacd95806b7be775dd sender=Concur_Expense processed
2026-08-05T10:40:58.222Z ERROR [IF_Employee_Delta_Sync] MPL=3ec79d7e829b2ceeb1e374215768 sender=DHL_Logistics processed
2026-09-08T06:35:27.315Z ERROR [IF_Invoice_Post] MPL=430b2bef3a303a113c1ea8e18434 sender=SuccessFactors_EC processed
2026-04-27T15:14:14.651Z WARN  [IF_Material_Master_Replication] MPL=7b8b75cf928fbaabccc359a8bdab sender=Salesforce_CRM processed
2026-04-01T19:31:56.921Z ERROR [IF_BusinessPartner_Sync] MPL=81ce4efa0ee07ab3553670bd4cbb sender=Ariba_Network processed
2026-07-15T18:02:33.981Z WARN  [IF_PurchaseOrder_Ariba] MPL=5fd964d19a168839cce871646d7c sender=Bank_HSBC_H2H processed
2026-02-27T09:53:45.470Z ERROR [IF_Delivery_Tracking] MPL=eedfa52a28cb0fc177a57d21611e sender=SAP_S4HANA_PRD processed
2026-05-04T22:47:16.571Z ERROR [IF_Payment_Status_Bank] MPL=54ece1a027ea3a63fb23995f1131 sender=Bank_HSBC_H2H processed
2026-02-12T08:52:42.101Z INFO  [IF_Employee_Delta_Sync] MPL=4dc1a107994318aa64b305fc6782 sender=Concur_Expense processed
2026-05-12T23:36:29.563Z ERROR [IF_Delivery_Tracking] MPL=6cb606eaa1c13ca613f597d4a8dc sender=DHL_Logistics processed
2026-04-24T00:11:07.381Z ERROR [IF_Employee_Delta_Sync] MPL=002eadf68b05b71e35a5397a7e11 sender=Concur_Expense processed
2026-05-21T22:16:07.656Z WARN  [IF_BusinessPartner_Sync] MPL=d0d7aa1a03f27aff5e87b4202f10 sender=Salesforce_CRM processed
2026-08-28T08:52:46.555Z INFO  [IF_Payment_Status_Bank] MPL=d91e1480713a8580a19242869b14 sender=Salesforce_CRM processed
2026-07-18T16:35:09.998Z ERROR [IF_Material_Master_Replication] MPL=f9ed02a449e2dd9a1fb76ba70a89 sender=Ariba_Network processed
2026-01-03T23:54:20.258Z INFO  [IF_PurchaseOrder_Ariba] MPL=efa8d5fc8e96a30aebac31923b2c sender=SAP_S4HANA_PRD processed
2026-09-04T16:19:53.522Z INFO  [IF_Payment_Status_Bank] MPL=e39c2545b4b2232a99e46d20789d sender=SuccessFactors_EC processed