2026-07-10T17:59:15.854Z WARN  [IF_Sales_Order_Create] MPL=c2fd4e7e0fc3abe46d0fd0675ecf sender=Ariba_Network processed
2026-01-14T02:55:46.855Z WARN  [IF_Sales_Order_Create] MPL=58dec8bd53015c6fc5abb84f7760 sender=SuccessFactors_EC processed
2026-09-13T07:27:21.612Z INFO  [IF_Sales_Order_Create] MPL=e9b4a82f526b5ed7a959c63976e0 sender=Salesforce_CRM processed
2026-04-05T08:04:05.595Z ERROR [IF_PurchaseOrder_Ariba] MPL=16b00a94f429b22a2e7b9a5886cc sender=Concur_Expense processed
2026-08-28T09:50:13.667Z WARN  [IF_Employee_Delta_Sync] MPL=e6560605973ec2970f89c9a1101e sender=SAP_S4HANA_PRD processed
2026-05-14T18:05:54.154Z INFO  [IF_Delivery_Tracking] MPL=76609ecdc54237d70121e09d4b10 sender=Workday_HCM processed
2026-08-07T03:01:16.769Z WARN  [IF_Sales_Order_Create] MPL=795db4dec0a9502c243df952b040 sender=Bank_HSBC_H2H processed
2026-09-26T06:02:36.679Z WARN  [IF_BusinessPartner_Sync] MPL=4a4b44c46960e44e522a72713ae0 sender=SAP_S4HANA_PRD processed
2026-04-22T19:19:46.089Z WARN  [IF_PurchaseOrder_Ariba] MPL=83042eaebcc229c2e3e23ed7e66b sender=Concur_Expense processed
2026-03-17T06:51:42.595Z INFO  [IF_Invoice_Post] MPL=c76033d6be7cae2a51f97b4bdc84 sender=Ariba_Network processed
2026-02-04T20:35:43.620Z INFO  [IF_Sales_Order_Create] MPL=da6b56633f0e11ad577b3cbd7d47 sender=Ariba_Network processed
2026-08-01T00:14:44.997Z WARN  [IF_PurchaseOrder_Ariba] MPL=7df0ac62def390a79962e76b6dbd sender=Concur_Expense processed
2026-02-02T06:00:12.171Z INFO  [IF_BusinessPartner_Sync] MPL=fbd18d7ce9392bda1bea29b04634 sender=Salesforce_CRM processed
2026-01-05T16:46:23.019Z WARN  [IF_BusinessPartner_Sync] MPL=2d1ed82bb581aabba2c7726b2bf6 sender=Workday_HCM processed
2026-09-05T15:56:56.186Z ERROR [IF_Payment_Status_Bank] MPL=724bf0f9d4b3fb86155c18fc188e sender=Bank_HSBC_H2H processed
2026-05-11T13:46:05.288Z ERROR [IF_Delivery_Tracking] MPL=cc2a37e5a70bc67d5f238b45ea3c sender=SuccessFactors_EC processed
2026-02-22T03:03:59.482Z ERROR [IF_PurchaseOrder_Ariba] MPL=13288900ff535ee5881ef1f49234 sender=Ariba_Network processed
2026-09-21T13:17:48.159Z WARN  [IF_Invoice_Post] MPL=62a228528c78f9fd1bb20567ada4 sender=Ariba_Network processed
2026-08-30T06:52:09.163Z INFO  [IF_Material_Master_Replication] MPL=1d2375e10fab7c1bbf6d136acd1b sender=SuccessFactors_EC processed
2026-08-28T05:56:41.285Z WARN  [IF_PurchaseOrder_Ariba] MPL=5f19ee18b08f55b9e26723decde3 sender=Ariba_Network processed
2026-02-27T20:55:33.988Z ERROR [IF_Material_Master_Replication] MPL=48684880224396f6b586f30a6a62 sender=Workday_HCM processed
2026-05-04T03:50:48.490Z ERROR [IF_Invoice_Post] MPL=5c1f351b88861875631e0e1a6e40 sender=Bank_HSBC_H2H processed
2026-09-24T11:50:18.030Z ERROR [IF_BusinessPartner_Sync] MPL=a2602d9cd892534a2a3d1ec7ccf2 sender=SuccessFactors_EC processed
2026-05-07T01:30:10.314Z INFO  [IF_BusinessPartner_Sync] MPL=881bea45ab4e1536c232eb035ec6 sender=Workday_HCM processed
2026-04-18T07:39:17.432Z INFO  [IF_Employee_Delta_Sync] MPL=9dfdf4666a4331581b7604ddbca2 sender=DHL_Logistics processed
2026-02-23T06:01:24.758Z WARN  [IF_Payment_Status_Bank] MPL=e52aa1050b14f3ab6827e79cda08 sender=DHL_Logistics processed
2026-03-26T18:38:51.119Z INFO  [IF_Delivery_Tracking] MPL=f926d2409b0fda7a638e8bfb3f24 sender=SAP_S4HANA_PRD processed
2026-06-25T18:36:37.743Z WARN  [IF_Invoice_Post] MPL=fb7c9ddfcad6e32c4c7ee39ede85 sender=Ariba_Network processed
2026-06-15T11:27:59.108Z ERROR [IF_Material_Master_Replication] MPL=ab281f0562d34f45aecfef81600d sender=Ariba_Network processed
2026-01-14T07:57:51.557Z ERROR [IF_Delivery_Tracking] MPL=5db03d3f75632d09c4a3451b7063 sender=Workday_HCM processed
2026-04-20T10:38:26.518Z ERROR [IF_Payment_Status_Bank] MPL=89ec398ae1a1ac541dc6b3eb8822 sender=DHL_Logistics processed
2026-09-21T13:42:14.584Z WARN  [IF_Sales_Order_Create] MPL=6122aab50ea3f08017d48ece3f9b sender=Bank_HSBC_H2H processed
2026-09-06T17:48:10.709Z INFO  [IF_Delivery_Tracking] MPL=c27b3d876078a4324b20485c8c87 sender=Concur_Expense processed
2026-01-29T19:57:18.534Z WARN  [IF_Sales_Order_Create] MPL=ecacd7ad2781527ce200521c0250 sender=Concur_Expense processed
2026-09-09T14:48:18.718Z WARN  [IF_Material_Master_Replication] MPL=656a2ae0a2274964ff32955c3f73 sender=Bank_HSBC_H2H processed
2026-04-29T16:48:55.385Z ERROR [IF_Payment_Status_Bank] MPL=3d5acc71c679af99ac1c7ea2f419 sender=Bank_HSBC_H2H processed
2026-09-11T04:05:37.006Z WARN  [IF_Delivery_Tracking] MPL=ff83d3b59967e5f28f3831f7bb90 sender=Workday_HCM processed
2026-08-10T11:43:53.035Z ERROR [IF_Material_Master_Replication] MPL=3807896783b4f05c6f3136a92e17 sender=SuccessFactors_EC processed
2026-07-15T05:42:09.180Z INFO  [IF_Delivery_Tracking] MPL=b1bc9897fcd7b18293caba059fbb sender=Salesforce_CRM processed
2026-05-06T23:35:09.248Z INFO  [IF_Sales_Order_Create] MPL=d170bff68bac27d80e23f7ade2fb sender=Bank_HSBC_H2H processed
2026-05-13T04:45:23.607Z WARN  [IF_PurchaseOrder_Ariba] MPL=ec9fd2eb245f2c75ac7dd063cf14 sender=Salesforce_CRM processed
2026-07-14T02:35:35.547Z WARN  [IF_Material_Master_Replication] MPL=c48e3022a1cbbf7d46a61a0d70a8 sender=DHL_Logistics processed
2026-02-26T13:06:25.031Z ERROR [IF_Invoice_Post] MPL=612d8ccfb809f3d59e0423357cc8 sender=SuccessFactors_EC processed
2026-05-02T21:06:25.445Z WARN  [IF_Employee_Delta_Sync] MPL=06a290c0fc2184fc99a4472c1576 sender=DHL_Logistics processed
2026-03-08T01:19:47.024Z ERROR [IF_Sales_Order_Create] MPL=f5c9731cb9834a851156e9785369 sender=SAP_S4HANA_PRD processed
2026-09-10T04:46:10.302Z INFO  [IF_PurchaseOrder_Ariba] MPL=1c367b96e4cc5e72b9c160c66952 sender=Ariba_Network processed
2026-09-18T08:25:33.375Z INFO  [IF_Employee_Delta_Sync] MPL=15790f8d295db2c6c8db9680508c sender=SuccessFactors_EC processed
2026-06-13T00:40:48.426Z WARN  [IF_Payment_Status_Bank] MPL=bb6cdf4b8790e8a20976abd9ee34 sender=DHL_Logistics processed
2026-05-17T03:39:56.196Z WARN  [IF_Payment_Status_Bank] MPL=d5684b895c52807f8c58a1c979a7 sender=SAP_S4HANA_PRD processed
2026-05-07T09:02:25.240Z WARN  [IF_BusinessPartner_Sync] MPL=8421817e333b4331a9160e62e768 sender=Bank_HSBC_H2H processed
2026-07-30T09:45:24.728Z INFO  [IF_BusinessPartner_Sync] MPL=30a6cdb67200c93341467a779669 sender=Bank_HSBC_H2H processed
2026-04-28T10:17:06.914Z INFO  [IF_Sales_Order_Create] MPL=08235e6660792fa50aefe22c53a6 sender=DHL_Logistics processed
2026-02-09T16:15:31.144Z INFO  [IF_Payment_Status_Bank] MPL=70cd9f33dccce9765bcf9550cf8b sender=Bank_HSBC_H2H processed
2026-01-10T12:23:29.519Z INFO  [IF_Payment_Status_Bank] MPL=5dea14e49343435725e8d8947a58 sender=Workday_HCM processed
2026-02-10T16:14:55.578Z WARN  [IF_Sales_Order_Create] MPL=0093f6158299312a3c655b466c74 sender=Bank_HSBC_H2H processed
2026-07-02T00:33:55.324Z ERROR [IF_Sales_Order_Create] MPL=d29cc5c0b6e6a013ec338f6ca694 sender=SAP_S4HANA_PRD processed
2026-01-13T08:47:53.099Z WARN  [IF_Payment_Status_Bank] MPL=7e44825b2fb4ea02beeb3379a598 sender=SuccessFactors_EC processed
2026-09-08T21:29:29.019Z ERROR [IF_PurchaseOrder_Ariba] MPL=4803b9b548a8bbadd29cecd0a090 sender=Workday_HCM processed
2026-03-31T04:10:39.857Z WARN  [IF_Employee_Delta_Sync] MPL=f4396051bbd1869164c4e873bdb4 sender=DHL_Logistics processed
2026-05-24T02:30:03.838Z INFO  [IF_Sales_Order_Create] MPL=e884f68d74288ba2771aa60f4393 sender=SAP_S4HANA_PRD processed
2026-04-19T22:50:15.817Z INFO  [IF_BusinessPartner_Sync] MPL=b75d5350479b02f9306372bcb053 sender=Ariba_Network processed
2026-05-30T15:12:52.564Z ERROR [IF_Payment_Status_Bank] MPL=93a0c1c819f43c33da8fdfa2edeb sender=Bank_HSBC_H2H processed