2026-08-28T05:46:43.783Z WARN  [IF_Delivery_Tracking] MPL=67978e60aea45585fb65c241896d sender=SuccessFactors_EC processed
2026-06-24T12:26:03.152Z INFO  [IF_Payment_Status_Bank] MPL=a4d31aad38c7933d5da0a4ca5032 sender=Concur_Expense processed
2026-05-30T12:36:52.448Z INFO  [IF_Material_Master_Replication] MPL=b09f05acd81e261aff001a313f67 sender=Bank_HSBC_H2H processed
2026-08-27T02:37:56.613Z WARN  [IF_Invoice_Post] MPL=241faaacc3eaa2cd46d9beab86f0 sender=DHL_Logistics processed
2026-07-17T14:51:38.913Z WARN  [IF_BusinessPartner_Sync] MPL=19c45fc6837ee4219021cb3dce39 sender=Ariba_Network processed
2026-06-17T04:59:20.630Z INFO  [IF_Employee_Delta_Sync] MPL=80316430a65638cf1bf777c7a40a sender=SAP_S4HANA_PRD processed
2026-09-08T02:59:32.740Z WARN  [IF_BusinessPartner_Sync] MPL=f4776c5a69ba01facfa474a6449d sender=DHL_Logistics processed
2026-06-13T14:39:21.857Z INFO  [IF_Employee_Delta_Sync] MPL=8d24111f9f5672fe87b622981629 sender=Salesforce_CRM processed
2026-03-18T09:52:56.759Z INFO  [IF_BusinessPartner_Sync] MPL=bad9d813dbd98ac30b92739a0dd6 sender=Salesforce_CRM processed
2026-08-18T11:06:42.568Z ERROR [IF_Employee_Delta_Sync] MPL=83b658a103e51dcd5da508138126 sender=DHL_Logistics processed
2026-09-24T07:55:08.035Z ERROR [IF_Material_Master_Replication] MPL=04d9baf26eb9c65cc6a870ccbd87 sender=SAP_S4HANA_PRD processed
2026-04-28T17:23:23.519Z WARN  [IF_Employee_Delta_Sync] MPL=f023a823f75991d4aeeea688ebd0 sender=Salesforce_CRM processed
2026-02-12T11:39:05.366Z ERROR [IF_Material_Master_Replication] MPL=c66f258a53af268f6ade6b66d00b sender=Bank_HSBC_H2H processed
2026-07-16T09:29:44.901Z INFO  [IF_Material_Master_Replication] MPL=58d616d4ccecc0adfd3785aff5f0 sender=SuccessFactors_EC processed
2026-06-06T18:01:32.033Z ERROR [IF_Delivery_Tracking] MPL=b677255fa41a105586567ef42a64 sender=SuccessFactors_EC processed
2026-03-08T19:28:01.235Z INFO  [IF_BusinessPartner_Sync] MPL=e92d58b37f18ce1df03fcfdd53ac sender=SuccessFactors_EC processed
2026-02-03T05:55:17.047Z ERROR [IF_Invoice_Post] MPL=22188010a2624475e6c43ebf2f4d sender=Workday_HCM processed
2026-08-21T13:06:40.478Z WARN  [IF_PurchaseOrder_Ariba] MPL=cae8e4edcba1626872d6d96e6030 sender=Concur_Expense processed
2026-06-27T17:48:58.056Z ERROR [IF_BusinessPartner_Sync] MPL=c295aba9c6599ebfb097cce31974 sender=SuccessFactors_EC processed
2026-02-21T00:56:05.313Z INFO  [IF_PurchaseOrder_Ariba] MPL=dd40c7f24c7c2541e0617712d2f3 sender=Workday_HCM processed
2026-05-12T04:17:16.699Z ERROR [IF_Employee_Delta_Sync] MPL=36b383587ccc492264913273794f sender=Workday_HCM processed
2026-01-05T04:56:38.279Z ERROR [IF_Invoice_Post] MPL=7aeb5602ea009bbe0761b124583d sender=Bank_HSBC_H2H processed
2026-04-26T10:12:51.995Z WARN  [IF_Sales_Order_Create] MPL=5e62292e9679253ee42255a72648 sender=DHL_Logistics processed
2026-08-05T05:04:27.626Z ERROR [IF_Employee_Delta_Sync] MPL=941169a87bc0fea588851abf62f4 sender=Concur_Expense processed
2026-03-17T03:38:30.345Z WARN  [IF_Sales_Order_Create] MPL=f3b28191523f68ed1d2d053c02ba sender=DHL_Logistics processed
2026-01-25T01:16:38.174Z ERROR [IF_PurchaseOrder_Ariba] MPL=926ba63143407fce943272c1c753 sender=SAP_S4HANA_PRD processed
2026-08-11T14:22:06.070Z WARN  [IF_Employee_Delta_Sync] MPL=a939050c0c678249434c54dec9fd sender=Bank_HSBC_H2H processed
2026-09-26T13:11:53.022Z INFO  [IF_Invoice_Post] MPL=cefbbb8ff840abe1d1ebffadd46b sender=Bank_HSBC_H2H processed
2026-05-19T22:42:34.999Z ERROR [IF_PurchaseOrder_Ariba] MPL=e6141caefe5e5eb8b452660ec16b sender=SAP_S4HANA_PRD processed
2026-09-19T10:23:22.532Z ERROR [IF_Material_Master_Replication] MPL=04eef51cfe876adac462554593de sender=SuccessFactors_EC processed
2026-01-19T07:38:44.110Z WARN  [IF_Material_Master_Replication] MPL=384a02c08af62505e8305c925030 sender=DHL_Logistics processed
2026-02-08T10:18:30.059Z INFO  [IF_PurchaseOrder_Ariba] MPL=89672ae8218356b3507f29b790ab sender=Ariba_Network processed
2026-01-03T12:02:02.905Z ERROR [IF_Payment_Status_Bank] MPL=55267a41ac2199f716776667b16f sender=SuccessFactors_EC processed
2026-03-05T20:43:14.310Z WARN  [IF_BusinessPartner_Sync] MPL=ffed61ceca076315522b4772adf4 sender=SAP_S4HANA_PRD processed
2026-04-04T19:11:31.674Z ERROR [IF_Employee_Delta_Sync] MPL=eb35ae7d9a27452d68f8d731ff56 sender=Salesforce_CRM processed
2026-03-17T22:55:47.562Z INFO  [IF_Employee_Delta_Sync] MPL=93c9e35cad2ede7e5a0a71bad0b7 sender=Ariba_Network processed
2026-04-01T14:11:13.299Z ERROR [IF_BusinessPartner_Sync] MPL=10ad4c77c459a5d6e1b18cf77eeb sender=Workday_HCM processed
2026-08-11T14:51:08.874Z INFO  [IF_Payment_Status_Bank] MPL=84b9bc1a6e986c3783bebf9036c4 sender=Workday_HCM processed
2026-02-03T03:21:22.931Z WARN  [IF_Sales_Order_Create] MPL=017b8fb24cbbc0bbc29b0bb9d431 sender=Salesforce_CRM processed
2026-08-21T23:26:06.802Z WARN  [IF_Payment_Status_Bank] MPL=cad8424af4d31620380a89182c15 sender=Workday_HCM processed
2026-07-07T13:13:59.964Z WARN  [IF_BusinessPartner_Sync] MPL=8a7b908472b0a486443ed629d479 sender=DHL_Logistics processed
2026-04-27T22:19:13.724Z INFO  [IF_BusinessPartner_Sync] MPL=b45ff421d0d10191687cd6b070d7 sender=Concur_Expense processed
2026-04-05T03:32:19.724Z ERROR [IF_Payment_Status_Bank] MPL=00cc3bfcd14b4a2835c9fb7b0071 sender=Ariba_Network processed
2026-06-25T21:27:19.773Z INFO  [IF_Material_Master_Replication] MPL=9d662ad6baef7812411501f66c26 sender=DHL_Logistics processed
2026-07-19T17:58:52.985Z WARN  [IF_Invoice_Post] MPL=b55772dece47472502c530cccfb9 sender=DHL_Logistics processed
2026-06-25T01:27:00.427Z WARN  [IF_Delivery_Tracking] MPL=454cca7817cbbbd3f1bcbb927644 sender=Workday_HCM processed
2026-02-15T05:27:21.162Z INFO  [IF_Payment_Status_Bank] MPL=02d43bf26bc7c49e3883fa921b30 sender=Ariba_Network processed
2026-07-24T23:13:25.323Z WARN  [IF_Delivery_Tracking] MPL=ba0f238182044a34a0327409ce3d sender=Concur_Expense processed
2026-03-28T10:52:49.147Z ERROR [IF_Delivery_Tracking] MPL=ffb23ee1d96bdf1c13fde58eda92 sender=Salesforce_CRM processed
2026-01-11T05:31:59.549Z INFO  [IF_Delivery_Tracking] MPL=d9d095eca7c6a81aef288c3656bc sender=Workday_HCM processed
2026-09-20T15:55:10.132Z ERROR [IF_Payment_Status_Bank] MPL=5e90e0b642564374377e1f83ee7a sender=Ariba_Network processed
2026-10-02T17:39:47.053Z WARN  [IF_Sales_Order_Create] MPL=7fce5343e1da40c35067a47dfa57 sender=Ariba_Network processed
2026-04-28T15:20:42.214Z INFO  [IF_Invoice_Post] MPL=2b4e533fc26abdd93fd61efac77d sender=Concur_Expense processed
2026-02-27T01:05:29.461Z INFO  [IF_Payment_Status_Bank] MPL=113791300fffb58ca6e527a42036 sender=Salesforce_CRM processed
2026-03-20T10:16:52.931Z ERROR [IF_Payment_Status_Bank] MPL=d30d7471438b5376a72d01483bff sender=Salesforce_CRM processed
2026-03-29T22:42:45.998Z ERROR [IF_Invoice_Post] MPL=4fc30fa301b4e9c252071cfe90d3 sender=SAP_S4HANA_PRD processed
2026-07-13T12:11:49.147Z ERROR [IF_PurchaseOrder_Ariba] MPL=4981bda57271ae0a54ba9429f1d2 sender=Workday_HCM processed
2026-05-10T07:38:21.350Z INFO  [IF_PurchaseOrder_Ariba] MPL=76e62ddbbc474eef673b5baa42a5 sender=SAP_S4HANA_PRD processed