2026-05-08T23:00:47.470Z ERROR [IF_Employee_Delta_Sync] MPL=e5b291ead4056ce5759556edebb9 sender=Concur_Expense processed
2026-08-28T19:59:10.547Z INFO  [IF_Sales_Order_Create] MPL=aa9556ac9a0b5eab57eeb95b84d0 sender=SuccessFactors_EC processed
2026-02-10T21:47:41.007Z WARN  [IF_BusinessPartner_Sync] MPL=d3e616ce7485a177e4aa43a00165 sender=DHL_Logistics processed
2026-06-14T15:01:21.624Z INFO  [IF_PurchaseOrder_Ariba] MPL=0571591b791a3c597e8b548a1338 sender=Concur_Expense processed
2026-08-01T16:48:43.437Z ERROR [IF_Sales_Order_Create] MPL=888e3b45d741262a7f2bccdfb478 sender=SuccessFactors_EC processed
2026-10-05T12:40:48.785Z WARN  [IF_Delivery_Tracking] MPL=6c430fcb3aa2dcb7d1e56a6deebd sender=Concur_Expense processed
2026-08-03T15:34:12.663Z INFO  [IF_BusinessPartner_Sync] MPL=d82893070eea01c7bcb1c63881de sender=DHL_Logistics processed
2026-01-19T22:03:04.063Z INFO  [IF_PurchaseOrder_Ariba] MPL=d6c17a98f062aeeb828dd9dc2dca sender=Salesforce_CRM processed
2026-05-26T22:34:55.324Z ERROR [IF_Employee_Delta_Sync] MPL=d87ee1a028f45f335f2eed39c9ad sender=Salesforce_CRM processed
2026-02-18T19:08:20.271Z ERROR [IF_Employee_Delta_Sync] MPL=e578ca66df24f7b5f6c26c174d21 sender=DHL_Logistics processed
2026-06-02T06:51:04.543Z ERROR [IF_Employee_Delta_Sync] MPL=2eee4618f7a331c9878301f65f1c sender=SuccessFactors_EC processed
2026-08-21T06:06:27.679Z ERROR [IF_PurchaseOrder_Ariba] MPL=ee4215ccd4cbd55806f60273cb03 sender=Workday_HCM processed
2026-09-04T14:07:07.284Z INFO  [IF_Sales_Order_Create] MPL=14b19a4630b85637f3cd6d8a90b8 sender=Bank_HSBC_H2H processed
2026-01-06T15:19:05.976Z ERROR [IF_Delivery_Tracking] MPL=f3e7b9baefe17bf1d00268374308 sender=SuccessFactors_EC processed
2026-09-09T23:12:38.249Z WARN  [IF_PurchaseOrder_Ariba] MPL=e33a657757ad1f6f2fe4624b5b69 sender=Ariba_Network processed
2026-09-22T11:41:05.858Z INFO  [IF_BusinessPartner_Sync] MPL=3b07b08edfe9dad4ed4d29a2c1ff sender=Concur_Expense processed
2026-08-19T20:40:37.195Z WARN  [IF_Delivery_Tracking] MPL=b0d4ce251807ee9a70b25ebeabaf sender=SuccessFactors_EC processed
2026-05-07T02:00:28.630Z WARN  [IF_Delivery_Tracking] MPL=81a638c51c089f02441df9c7c253 sender=SuccessFactors_EC processed
2026-01-17T01:40:22.335Z WARN  [IF_BusinessPartner_Sync] MPL=860c98993bf3cb6db328f5940480 sender=DHL_Logistics processed
2026-08-05T05:59:41.613Z INFO  [IF_Sales_Order_Create] MPL=7ee9f8e55a50434c3f50c080d306 sender=Bank_HSBC_H2H processed
2026-01-24T03:42:36.822Z INFO  [IF_PurchaseOrder_Ariba] MPL=0fc00d0f92a0ff2b122f018df69e sender=SuccessFactors_EC processed
2026-01-06T15:45:21.226Z INFO  [IF_Payment_Status_Bank] MPL=3590daf9c68f15717166f4649f47 sender=Bank_HSBC_H2H processed
2026-07-23T01:33:37.085Z ERROR [IF_Material_Master_Replication] MPL=9df2e91e04be533ad14271da46dd sender=SuccessFactors_EC processed
2026-08-22T03:21:47.074Z ERROR [IF_Invoice_Post] MPL=195551172e94ee0191bb60bdf6d0 sender=Bank_HSBC_H2H processed
2026-08-13T06:37:00.729Z ERROR [IF_Employee_Delta_Sync] MPL=67354171fa9e7425c78ffb8cc0bd sender=Workday_HCM processed
2026-03-03T19:48:04.213Z ERROR [IF_PurchaseOrder_Ariba] MPL=ed65c95578212a97f440db4b0ac5 sender=Workday_HCM processed
2026-09-14T06:41:37.986Z ERROR [IF_Delivery_Tracking] MPL=19e39f41e0bb1954db3781d91dbf sender=SuccessFactors_EC processed
2026-08-14T13:19:21.782Z ERROR [IF_Payment_Status_Bank] MPL=bad5144c43dd3263d140096db2c9 sender=Ariba_Network processed
2026-06-09T18:55:17.022Z WARN  [IF_Material_Master_Replication] MPL=465af69240e8e19a15f0efdfa643 sender=Concur_Expense processed
2026-09-19T18:15:01.599Z ERROR [IF_PurchaseOrder_Ariba] MPL=77de013d11703d6da467f570b5b9 sender=Concur_Expense processed
2026-08-09T23:29:12.208Z WARN  [IF_Sales_Order_Create] MPL=b6dfca47c6889ef4aea865740f4c sender=SuccessFactors_EC processed
2026-03-04T18:20:20.583Z INFO  [IF_Invoice_Post] MPL=f42625c7eab016a750790e3fefda sender=SAP_S4HANA_PRD processed
2026-07-01T01:31:13.153Z ERROR [IF_Sales_Order_Create] MPL=8487ad9183c9f7e561e8d964ceb0 sender=Ariba_Network processed
2026-02-21T19:06:32.513Z WARN  [IF_Sales_Order_Create] MPL=7068ea52ceff43f121d25defa185 sender=SuccessFactors_EC processed
2026-05-21T01:09:17.444Z ERROR [IF_Material_Master_Replication] MPL=869f9e1c412f51daee495aef1ba1 sender=Concur_Expense processed
2026-07-19T19:51:09.393Z WARN  [IF_Payment_Status_Bank] MPL=98946efde401caa88573d6d65a6a sender=Concur_Expense processed
2026-02-23T16:13:06.449Z INFO  [IF_Material_Master_Replication] MPL=847c0d5b50217cd1dddd6be96163 sender=Ariba_Network processed
2026-07-05T20:52:59.655Z ERROR [IF_Employee_Delta_Sync] MPL=f8935ddeb5e410e19be6459bca5f sender=SuccessFactors_EC processed
2026-09-01T13:15:09.201Z INFO  [IF_Payment_Status_Bank] MPL=07bbb21dcd56f74167ab5de9f3c7 sender=SAP_S4HANA_PRD processed
2026-04-12T12:45:53.144Z ERROR [IF_Delivery_Tracking] MPL=f2d751ab3ce8fbdd2591c598145f sender=DHL_Logistics processed
2026-08-13T07:33:37.142Z ERROR [IF_PurchaseOrder_Ariba] MPL=538a875b1ea7ccaac8e1eafc00e6 sender=DHL_Logistics processed
2026-07-15T19:00:01.835Z ERROR [IF_Material_Master_Replication] MPL=5beba694c6a402df9d4d3d75e710 sender=Bank_HSBC_H2H processed
2026-08-22T12:43:33.591Z ERROR [IF_Delivery_Tracking] MPL=ea53ad6dd20f5ea483160ae435e2 sender=Salesforce_CRM processed
2026-09-20T06:47:56.404Z INFO  [IF_Invoice_Post] MPL=8ce1eb8904118416356df4da6ef7 sender=Bank_HSBC_H2H processed
2026-01-13T23:52:26.209Z WARN  [IF_Delivery_Tracking] MPL=a8de35ae8fc0d1c0d841b350058f sender=Ariba_Network processed
2026-05-01T10:03:25.858Z INFO  [IF_Invoice_Post] MPL=2758b5bbee50ca9394624b919e0c sender=DHL_Logistics processed
2026-05-20T11:45:40.848Z INFO  [IF_BusinessPartner_Sync] MPL=7307a0b6b216127a7ec565935e01 sender=Ariba_Network processed
2026-09-10T04:08:32.911Z WARN  [IF_Material_Master_Replication] MPL=ed9c0cb10e8980db957be8659fb2 sender=DHL_Logistics processed
2026-03-03T10:42:03.892Z ERROR [IF_BusinessPartner_Sync] MPL=8805939c21855158674b24e53598 sender=Bank_HSBC_H2H processed
2026-02-14T18:33:16.748Z WARN  [IF_Delivery_Tracking] MPL=5640e82d82723a288550381c67c5 sender=SAP_S4HANA_PRD processed
2026-01-01T10:12:56.056Z WARN  [IF_PurchaseOrder_Ariba] MPL=0f479295869df5c00490f2c2c5d9 sender=Workday_HCM processed
2026-06-10T03:46:33.308Z WARN  [IF_Payment_Status_Bank] MPL=bbdedc0dcba174d9072552a651ec sender=Bank_HSBC_H2H processed
2026-08-08T03:39:24.022Z ERROR [IF_Material_Master_Replication] MPL=f6b72033102a51e30f1222efaf9f sender=DHL_Logistics processed
2026-06-02T23:16:05.393Z WARN  [IF_PurchaseOrder_Ariba] MPL=c690061450be2a5555ccae39eca2 sender=Bank_HSBC_H2H processed
2026-07-17T10:37:41.777Z ERROR [IF_Invoice_Post] MPL=95e8849de29b2987cbd07395fe5a sender=Bank_HSBC_H2H processed
2026-09-14T18:44:26.659Z INFO  [IF_Material_Master_Replication] MPL=ed5f13a2dce2cae033a16f5bd2de sender=DHL_Logistics processed
2026-01-28T04:00:56.593Z WARN  [IF_Payment_Status_Bank] MPL=3b434330826aa82c360d8361d6ea sender=Workday_HCM processed
2026-07-11T02:11:47.780Z INFO  [IF_PurchaseOrder_Ariba] MPL=90752b6c01e87d5c529e9b97d777 sender=Concur_Expense processed
2026-09-09T03:43:22.384Z INFO  [IF_Delivery_Tracking] MPL=d9a22239e3afd8dd031e69e6d5ed sender=Salesforce_CRM processed
2026-03-25T18:15:56.222Z ERROR [IF_Material_Master_Replication] MPL=32d7f630320ba2fa8702105f8693 sender=SuccessFactors_EC processed
2026-06-08T22:44:29.367Z INFO  [IF_Delivery_Tracking] MPL=3882e400904dfa33b834c81497e9 sender=SAP_S4HANA_PRD processed
2026-01-25T13:09:48.880Z ERROR [IF_Delivery_Tracking] MPL=4c5a0827021fe4d1b0888651e0e7 sender=SuccessFactors_EC processed
2026-09-10T21:14:09.060Z WARN  [IF_Sales_Order_Create] MPL=0b80d3d5b03a7381483a432e5d8c sender=Bank_HSBC_H2H processed
2026-09-20T21:28:14.454Z ERROR [IF_Delivery_Tracking] MPL=18b948f41e50fadbf0d104b102ce sender=Workday_HCM processed
2026-06-20T03:16:09.231Z WARN  [IF_Sales_Order_Create] MPL=59e18e07851be78ae77e13489d9d sender=Workday_HCM processed
2026-03-06T11:37:39.764Z INFO  [IF_Payment_Status_Bank] MPL=cacad5c698be8c6583c2a9119b60 sender=Ariba_Network processed