2026-02-20T07:28:03.421Z WARN  [IF_Material_Master_Replication] MPL=7b23fb9676a34773cc09ea0892ff sender=Ariba_Network processed
2026-02-28T12:50:47.709Z WARN  [IF_Invoice_Post] MPL=30ed8163e2e5b1760e582c21e244 sender=Workday_HCM processed
2026-07-19T11:19:00.861Z INFO  [IF_Sales_Order_Create] MPL=0b9fdbaa29b5518c931d6974e321 sender=Salesforce_CRM processed
2026-04-09T18:14:20.942Z INFO  [IF_Delivery_Tracking] MPL=c1ccce601e2bb9579cf11f29e9d8 sender=Bank_HSBC_H2H processed
2026-08-07T10:37:22.150Z INFO  [IF_Payment_Status_Bank] MPL=2f55739f3515c97fa0c9aa3f87b5 sender=Ariba_Network processed
2026-07-14T18:19:13.981Z ERROR [IF_Payment_Status_Bank] MPL=ef9ec720d6ed891e8ef49e7fdf0f sender=Ariba_Network processed
2026-03-13T08:34:39.676Z ERROR [IF_Employee_Delta_Sync] MPL=78b2779fe05ee3fa34fdbdb1b6a3 sender=Workday_HCM processed
2026-02-15T09:14:49.218Z WARN  [IF_PurchaseOrder_Ariba] MPL=16cd1a50592f9a1d365184fe4c4d sender=SuccessFactors_EC processed
2026-03-14T09:56:50.931Z WARN  [IF_Sales_Order_Create] MPL=58c0db68d7eb3b5d94e98be2b5fd sender=DHL_Logistics processed
2026-08-16T02:37:59.445Z ERROR [IF_Employee_Delta_Sync] MPL=7dbb84847c7ee90d5ef025462328 sender=SuccessFactors_EC processed
2026-08-13T21:49:15.309Z ERROR [IF_Employee_Delta_Sync] MPL=cef64ec2c0e2ea6e484333f28357 sender=Bank_HSBC_H2H processed
2026-09-29T08:23:05.683Z WARN  [IF_BusinessPartner_Sync] MPL=e7bb87be76aaa5ca29ad483f736e sender=Ariba_Network processed
2026-08-09T01:00:38.561Z WARN  [IF_Delivery_Tracking] MPL=200457317d105dd52cd02848c8f1 sender=SuccessFactors_EC processed
2026-06-07T10:42:07.684Z INFO  [IF_Employee_Delta_Sync] MPL=334c444ce3b9c1b2f05fc4d3c1af sender=Concur_Expense processed
2026-01-04T17:13:28.876Z INFO  [IF_Sales_Order_Create] MPL=1141710221e8b001958ae8eebc20 sender=Ariba_Network processed
2026-05-05T02:09:03.194Z WARN  [IF_Sales_Order_Create] MPL=a165db9d11d448cfb122b29cdcad sender=Workday_HCM processed
2026-09-20T04:03:57.029Z INFO  [IF_Payment_Status_Bank] MPL=956bd551729a307827cec1a2037a sender=Workday_HCM processed
2026-01-02T11:55:01.815Z INFO  [IF_PurchaseOrder_Ariba] MPL=1b0a41def8c5efcb0fff432c6188 sender=Ariba_Network processed
2026-09-08T06:44:57.642Z INFO  [IF_PurchaseOrder_Ariba] MPL=341ef7f1f6603eb8beaf3f93130f sender=DHL_Logistics processed
2026-07-19T10:07:49.294Z INFO  [IF_Sales_Order_Create] MPL=476f7683c63607d70a558d98f7aa sender=Workday_HCM processed
2026-04-19T21:06:01.672Z WARN  [IF_Sales_Order_Create] MPL=02fe5358147382995f1300865a8b sender=SAP_S4HANA_PRD processed
2026-09-08T11:14:55.574Z ERROR [IF_Invoice_Post] MPL=7e67c8b41895f3851721324907d3 sender=SAP_S4HANA_PRD processed
2026-08-31T01:05:31.225Z INFO  [IF_Material_Master_Replication] MPL=28a234cabe6ee4354eb306d1d28e sender=SuccessFactors_EC processed
2026-07-06T00:46:57.540Z WARN  [IF_Sales_Order_Create] MPL=6683cf9972d25e3c59363b66055c sender=Bank_HSBC_H2H processed
2026-01-27T01:10:32.547Z ERROR [IF_Payment_Status_Bank] MPL=d49f91dc9eb7225def569c8ba6f0 sender=Concur_Expense processed
2026-09-19T18:44:34.510Z ERROR [IF_BusinessPartner_Sync] MPL=bc7b2fa791aa8b855af97214b0e9 sender=Workday_HCM processed
2026-07-27T20:52:39.064Z INFO  [IF_BusinessPartner_Sync] MPL=a604d99f6c97c5375ddbd2364dec sender=DHL_Logistics processed
2026-08-28T23:53:09.610Z INFO  [IF_Material_Master_Replication] MPL=bf25720d81b34550dd311910307f sender=Ariba_Network processed
2026-07-10T05:09:10.342Z WARN  [IF_Payment_Status_Bank] MPL=380f8bd013eac9fe3a61977a4192 sender=DHL_Logistics processed
2026-03-18T01:58:41.714Z ERROR [IF_PurchaseOrder_Ariba] MPL=7a0f49fff05d8a930a42a9b037d5 sender=Concur_Expense processed
2026-01-27T04:58:28.009Z WARN  [IF_Invoice_Post] MPL=be79ac80b9a456b313abac13c126 sender=Salesforce_CRM processed
2026-03-19T14:38:03.651Z INFO  [IF_Sales_Order_Create] MPL=5844e690bfcd325e21ea2d7f4575 sender=Bank_HSBC_H2H processed
2026-07-08T05:02:09.397Z INFO  [IF_Sales_Order_Create] MPL=8a3f58d858cf1ed03fdcf405c8f5 sender=Salesforce_CRM processed
2026-05-26T10:45:30.916Z INFO  [IF_BusinessPartner_Sync] MPL=d3002976e88acd3951f45f4e2496 sender=DHL_Logistics processed
2026-06-17T12:51:35.480Z ERROR [IF_BusinessPartner_Sync] MPL=e0183f2595983d0a049a6ce41f95 sender=Workday_HCM processed
2026-04-28T14:05:49.112Z WARN  [IF_Payment_Status_Bank] MPL=a4b95e08f56a99b8c67d1e53173a sender=Workday_HCM processed
2026-01-17T12:24:31.173Z WARN  [IF_Delivery_Tracking] MPL=56635efe34e7b6ecf2105ae0d6f8 sender=SuccessFactors_EC processed
2026-01-03T23:10:38.130Z WARN  [IF_Sales_Order_Create] MPL=11aa6f61fe3b663b0585f0c14fcd sender=Ariba_Network processed
2026-04-19T22:50:04.249Z WARN  [IF_BusinessPartner_Sync] MPL=f36a6cc8c1d9b31093cf4f44fd71 sender=SuccessFactors_EC processed
2026-04-11T08:05:11.522Z WARN  [IF_Payment_Status_Bank] MPL=c197dc94ce002690f82a694ac4af sender=Salesforce_CRM processed
2026-02-27T15:26:29.197Z WARN  [IF_Material_Master_Replication] MPL=e6ecc734e2a8f1534471e3dadbc0 sender=Bank_HSBC_H2H processed
2026-08-26T13:58:05.342Z ERROR [IF_Delivery_Tracking] MPL=01431c03a68c405b45bfbe572369 sender=Workday_HCM processed
2026-08-14T13:22:16.194Z WARN  [IF_PurchaseOrder_Ariba] MPL=6eedd8d7bbf84c5b34ecf0917684 sender=Workday_HCM processed
2026-05-20T11:02:08.850Z INFO  [IF_Invoice_Post] MPL=7d3616dedb36ffa3c6e6699295ab sender=Bank_HSBC_H2H processed
2026-08-19T04:46:47.726Z INFO  [IF_BusinessPartner_Sync] MPL=4ab31567152980908d4f290e2a60 sender=Ariba_Network processed
2026-06-24T00:00:36.952Z INFO  [IF_PurchaseOrder_Ariba] MPL=d0211f0cbf48e058df6f6c98d9dd sender=Ariba_Network processed
2026-08-28T09:02:12.305Z INFO  [IF_Payment_Status_Bank] MPL=fe6265a338826f626d47448c557c sender=SuccessFactors_EC processed
2026-05-31T01:18:19.677Z ERROR [IF_Delivery_Tracking] MPL=7b7bf79984f02e6409a931d6343f sender=Salesforce_CRM processed
2026-01-30T11:51:21.716Z WARN  [IF_Invoice_Post] MPL=4e026272f7bcd8e4f4eefd997da0 sender=Ariba_Network processed
2026-03-27T04:29:07.352Z INFO  [IF_Delivery_Tracking] MPL=03fbef46c62a63a3bc23eea3afea sender=SuccessFactors_EC processed
2026-03-26T05:59:38.232Z INFO  [IF_Invoice_Post] MPL=71dcb832e151c42444d3826f4a55 sender=Concur_Expense processed
2026-09-28T17:58:27.304Z ERROR [IF_PurchaseOrder_Ariba] MPL=f36c097680b7805a6ee43fe33e59 sender=SAP_S4HANA_PRD processed
2026-07-10T06:49:09.890Z ERROR [IF_Payment_Status_Bank] MPL=380b1d87c9f9227dc93ddf04054f sender=SuccessFactors_EC processed
2026-01-30T20:49:52.387Z INFO  [IF_Delivery_Tracking] MPL=cf6706b9d5d4a80cb14c614d1d57 sender=DHL_Logistics processed
2026-06-02T06:46:55.546Z WARN  [IF_Delivery_Tracking] MPL=3b7987de1cfde778d6a1307db234 sender=Ariba_Network processed
2026-08-16T19:38:07.196Z WARN  [IF_Sales_Order_Create] MPL=7c4e05170f04b17dbefef0a6d7dc sender=DHL_Logistics processed
2026-09-14T19:08:34.108Z WARN  [IF_Invoice_Post] MPL=5e4f4e0d0539e1100f7218579528 sender=Bank_HSBC_H2H processed
2026-01-03T01:52:56.184Z ERROR [IF_Invoice_Post] MPL=f71a03d33d9047e95cef9fcab735 sender=Salesforce_CRM processed
2026-09-15T10:16:15.563Z WARN  [IF_PurchaseOrder_Ariba] MPL=d68c0dfe46743e7c1aeb6d9c5898 sender=SuccessFactors_EC processed
2026-04-19T09:10:31.011Z INFO  [IF_Payment_Status_Bank] MPL=543b2a9f4f5f2cb7887618d7208e sender=SAP_S4HANA_PRD processed
2026-10-03T04:20:25.080Z WARN  [IF_Invoice_Post] MPL=bb69d2e719026945a28beb4792ce sender=SAP_S4HANA_PRD processed
2026-07-03T20:10:03.435Z ERROR [IF_Delivery_Tracking] MPL=ed4b646baf83297c002d7215e6f7 sender=Bank_HSBC_H2H processed
2026-09-28T00:57:44.835Z WARN  [IF_Payment_Status_Bank] MPL=8334aad67e6295f3a4b376dc9ab5 sender=SAP_S4HANA_PRD processed
2026-08-09T19:02:41.000Z INFO  [IF_Payment_Status_Bank] MPL=86635bf6e6db6d8aed67dd2170e1 sender=DHL_Logistics processed
2026-02-02T20:25:11.276Z INFO  [IF_Delivery_Tracking] MPL=e0de814f5080904c267e1d03a083 sender=Ariba_Network processed
2026-03-17T14:07:00.738Z WARN  [IF_Sales_Order_Create] MPL=d89d6ac40e032cfd5aab73679dcf sender=Bank_HSBC_H2H processed