2026-01-03T20:20:07.588Z WARN  [IF_PurchaseOrder_Ariba] MPL=2b4cd10561b7b3c05a49087127eb sender=SuccessFactors_EC processed
2026-05-25T02:21:56.621Z ERROR [IF_Invoice_Post] MPL=72674fe50d3e9a0e4698756cc8e7 sender=Ariba_Network processed
2026-04-26T17:02:44.543Z WARN  [IF_Employee_Delta_Sync] MPL=f5b5d6b5fae83b4e785f6b477cd5 sender=Bank_HSBC_H2H processed
2026-02-12T03:41:08.988Z WARN  [IF_Material_Master_Replication] MPL=9e17dc6b3c0c4f4b5f309491454b sender=Bank_HSBC_H2H processed
2026-06-24T03:09:51.989Z WARN  [IF_Payment_Status_Bank] MPL=bc4b3857c7ccd124ae664d8046a6 sender=Salesforce_CRM processed
2026-08-02T01:16:14.804Z INFO  [IF_Employee_Delta_Sync] MPL=03e600156dc2637b5cc7e4cd78a4 sender=Ariba_Network processed
2026-08-17T07:05:08.182Z INFO  [IF_Material_Master_Replication] MPL=0d269de8a23e8acbcfa97c5c09f4 sender=Ariba_Network processed
2026-07-28T21:36:35.613Z INFO  [IF_Material_Master_Replication] MPL=8b567ba4fb4c832f6bf61b8ec52f sender=Bank_HSBC_H2H processed
2026-04-25T02:11:44.921Z WARN  [IF_BusinessPartner_Sync] MPL=5ff9abc3a904e5c56a8a0de378c4 sender=Salesforce_CRM processed
2026-09-15T13:07:24.658Z WARN  [IF_BusinessPartner_Sync] MPL=b0af77857f4f06be8cba6b9d5aa2 sender=SuccessFactors_EC processed
2026-09-04T02:59:54.485Z WARN  [IF_Employee_Delta_Sync] MPL=3e0c68752dde8620afde0cb8ea63 sender=SAP_S4HANA_PRD processed
2026-07-04T11:26:16.551Z ERROR [IF_Employee_Delta_Sync] MPL=6f5803acd2a26d936323ca28ab49 sender=Concur_Expense processed
2026-07-15T06:49:07.105Z ERROR [IF_Invoice_Post] MPL=47fcd952855e1e423c544235ed62 sender=Ariba_Network processed
2026-09-26T15:55:07.378Z INFO  [IF_PurchaseOrder_Ariba] MPL=c83fd76b0e8e5ff53431457e9b0e sender=SuccessFactors_EC processed
2026-07-15T19:07:24.929Z ERROR [IF_Material_Master_Replication] MPL=89f1fea409bcf0ff1194bd801fdf sender=Salesforce_CRM processed
2026-07-13T22:36:49.893Z INFO  [IF_Payment_Status_Bank] MPL=7d69b083b95f6700872624b9a9aa sender=DHL_Logistics processed
2026-03-31T13:16:43.087Z INFO  [IF_PurchaseOrder_Ariba] MPL=0e597aebdd86314fcc5377c86055 sender=SAP_S4HANA_PRD processed
2026-09-26T22:50:03.240Z INFO  [IF_BusinessPartner_Sync] MPL=9ef67e63ae61320a07161c4c9e19 sender=Concur_Expense processed
2026-01-04T06:04:44.588Z WARN  [IF_Payment_Status_Bank] MPL=5240f8e1283eb17c72528bb00bda sender=Workday_HCM processed
2026-04-18T17:19:21.986Z ERROR [IF_Payment_Status_Bank] MPL=6af925d15dcb3bb0cfcac57543f2 sender=SAP_S4HANA_PRD processed
2026-03-21T13:07:58.159Z WARN  [IF_Material_Master_Replication] MPL=259156606bbee5ed74b4948487ba sender=Salesforce_CRM processed
2026-03-11T16:52:03.560Z WARN  [IF_PurchaseOrder_Ariba] MPL=f0451dd7956c1adcf13fd0e52f0b sender=Bank_HSBC_H2H processed
2026-04-16T02:28:17.776Z WARN  [IF_Sales_Order_Create] MPL=556040166f3ea45b5c2dadd6a9df sender=Workday_HCM processed
2026-06-15T02:25:56.853Z ERROR [IF_Invoice_Post] MPL=7a0e328cc79bc6c75b873a84443c sender=Concur_Expense processed
2026-06-10T16:39:27.656Z ERROR [IF_Delivery_Tracking] MPL=70cc4483bf984a4fbc2d1347a949 sender=Bank_HSBC_H2H processed
2026-06-30T17:05:47.058Z WARN  [IF_Payment_Status_Bank] MPL=2da989aae02c9163e597af483cc9 sender=Workday_HCM processed
2026-07-08T10:14:05.704Z INFO  [IF_Delivery_Tracking] MPL=a23bce7c39be76d3019224da89d9 sender=Salesforce_CRM processed
2026-02-19T00:55:06.759Z INFO  [IF_Invoice_Post] MPL=2e0d138aeeb06ed107626cf71617 sender=SuccessFactors_EC processed
2026-03-02T14:41:42.430Z ERROR [IF_Employee_Delta_Sync] MPL=b13bbb07bed7b0f53fc3fc98bfd8 sender=SuccessFactors_EC processed
2026-07-17T10:09:26.484Z WARN  [IF_Delivery_Tracking] MPL=a57302f73404ab3516b9491c0010 sender=SAP_S4HANA_PRD processed
2026-04-06T16:12:11.886Z WARN  [IF_Payment_Status_Bank] MPL=651c4e89d8e69219a0981a7d9692 sender=Concur_Expense processed
2026-09-06T01:59:26.735Z ERROR [IF_Material_Master_Replication] MPL=ec19add1f70abb514e3e8cb41b9d sender=SuccessFactors_EC processed
2026-02-08T10:06:38.415Z ERROR [IF_Employee_Delta_Sync] MPL=1c759a64f1c7b91f97f81d143dad sender=SuccessFactors_EC processed
2026-01-12T09:40:07.177Z INFO  [IF_BusinessPartner_Sync] MPL=616baf7dccd03501a271a0900112 sender=Bank_HSBC_H2H processed
2026-01-15T19:18:44.898Z ERROR [IF_PurchaseOrder_Ariba] MPL=87e2bc494e20cad6946dd88d5e3b sender=Concur_Expense processed
2026-09-04T20:22:13.235Z INFO  [IF_Material_Master_Replication] MPL=4717c0b7e5aa20016a9aa638e862 sender=SAP_S4HANA_PRD processed
2026-05-08T02:07:56.296Z ERROR [IF_Payment_Status_Bank] MPL=88ca0ad0b242d4b68ab724497c05 sender=Concur_Expense processed
2026-08-10T22:30:19.222Z WARN  [IF_BusinessPartner_Sync] MPL=56feb87f2375571924092d2c4e8f sender=Concur_Expense processed
2026-06-14T06:41:41.901Z WARN  [IF_Employee_Delta_Sync] MPL=d409a304fe8c6c8946a21c61695a sender=Bank_HSBC_H2H processed
2026-01-08T19:16:40.954Z WARN  [IF_Delivery_Tracking] MPL=a4a3edca2b723ddadf536a9d87b5 sender=Ariba_Network processed
2026-08-13T05:35:53.658Z ERROR [IF_Invoice_Post] MPL=d85e65cdb49a5ad9706544cf4aba sender=DHL_Logistics processed
2026-07-31T08:09:41.693Z ERROR [IF_Material_Master_Replication] MPL=65411e11d81015a42e5f1ddf96e1 sender=SAP_S4HANA_PRD processed
2026-05-24T23:57:08.007Z WARN  [IF_Sales_Order_Create] MPL=bc0e8093d8295cb38c284177be75 sender=SAP_S4HANA_PRD processed
2026-08-26T20:23:52.703Z ERROR [IF_BusinessPartner_Sync] MPL=b68b56f92bc137f6a75166b7aca4 sender=SAP_S4HANA_PRD processed
2026-02-08T20:13:51.163Z WARN  [IF_Delivery_Tracking] MPL=9ab6bdb124ed078076cbc2a21b09 sender=Ariba_Network processed
2026-09-20T19:36:53.406Z WARN  [IF_Delivery_Tracking] MPL=3452adee511531f97f233170fdc0 sender=Workday_HCM processed
2026-09-29T08:03:09.119Z ERROR [IF_PurchaseOrder_Ariba] MPL=e240bd69a15c17a7194af88d86a3 sender=Salesforce_CRM processed
2026-03-25T19:48:24.141Z INFO  [IF_Invoice_Post] MPL=cc87e70ec3b0e0affea75df6036f sender=Ariba_Network processed
2026-03-02T22:37:51.723Z ERROR [IF_Sales_Order_Create] MPL=26c2c661e1a86588d046999cd49d sender=SAP_S4HANA_PRD processed
2026-05-29T08:06:59.157Z WARN  [IF_Sales_Order_Create] MPL=e9117a403ad26b0220603924762d sender=Concur_Expense processed
2026-02-03T19:27:53.956Z INFO  [IF_Payment_Status_Bank] MPL=a3a9783e9ac4fadc13798d642091 sender=Concur_Expense processed
2026-02-08T09:03:14.980Z ERROR [IF_Delivery_Tracking] MPL=465936fb6b2e41e1b26526e9cea9 sender=SAP_S4HANA_PRD processed
2026-01-14T11:33:52.816Z WARN  [IF_Delivery_Tracking] MPL=7298c49bcaf18357aa4b8b62f5a8 sender=Ariba_Network processed
2026-04-26T19:42:27.842Z WARN  [IF_Invoice_Post] MPL=f214c8a09b8871379084c36f541d sender=Concur_Expense processed
2026-08-26T08:59:10.933Z INFO  [IF_PurchaseOrder_Ariba] MPL=5e54fd503b93fcd1fb4bf7bfd833 sender=SAP_S4HANA_PRD processed
2026-07-04T15:27:47.386Z ERROR [IF_Sales_Order_Create] MPL=677c12e8ded594afe7636ceac261 sender=DHL_Logistics processed
2026-01-19T14:26:49.217Z INFO  [IF_Invoice_Post] MPL=b21db1c52d239ed1e606f611ddc7 sender=Concur_Expense processed
2026-01-28T08:42:37.257Z WARN  [IF_Invoice_Post] MPL=156479ad520986fcbf7c0cea8ab4 sender=Bank_HSBC_H2H processed
2026-07-23T18:00:56.414Z ERROR [IF_Delivery_Tracking] MPL=f3040d7bc01293264af219d41e30 sender=DHL_Logistics processed
2026-02-06T03:26:15.223Z WARN  [IF_Delivery_Tracking] MPL=e32d04e38a2add8e1227d31e3c86 sender=Ariba_Network processed
2026-09-22T13:55:05.328Z ERROR [IF_BusinessPartner_Sync] MPL=467636e76ca734b2b17460ddbe02 sender=Concur_Expense processed
2026-07-14T15:33:29.182Z ERROR [IF_Sales_Order_Create] MPL=81a6af39f68bfd7cb8835c1cfa9b sender=Ariba_Network processed
2026-08-11T02:25:16.795Z ERROR [IF_Sales_Order_Create] MPL=866dd835cedbc3d85ccfefed3e2b sender=Ariba_Network processed
2026-06-27T18:46:53.584Z ERROR [IF_Employee_Delta_Sync] MPL=11c74d1d29f0d6399a4779a0366c sender=Salesforce_CRM processed
2026-05-27T07:41:33.981Z WARN  [IF_Invoice_Post] MPL=1c445aca91dc983590a603660862 sender=SuccessFactors_EC processed
2026-03-03T07:12:18.222Z WARN  [IF_BusinessPartner_Sync] MPL=5e455b30e5ff56fc8921879b55d4 sender=SuccessFactors_EC processed