2026-07-24T06:41:24.903Z INFO  [IF_Invoice_Post] MPL=01dd4082c8c9d7b29d9941278d86 sender=Bank_HSBC_H2H processed
2026-01-10T09:50:40.047Z INFO  [IF_Delivery_Tracking] MPL=77543bc50cd18c814f01b1dc3593 sender=Salesforce_CRM processed
2026-07-26T06:24:30.941Z INFO  [IF_Sales_Order_Create] MPL=b2d483d6aee20d075e0e7f8a4ebf sender=Workday_HCM processed
2026-08-21T06:40:43.435Z INFO  [IF_PurchaseOrder_Ariba] MPL=b0d32b2842e2e9265f7af10b62fb sender=Concur_Expense processed
2026-09-22T22:00:23.519Z ERROR [IF_Sales_Order_Create] MPL=0f6532ea759503c1ed5aa02bb681 sender=Concur_Expense processed
2026-01-10T14:10:27.116Z ERROR [IF_Payment_Status_Bank] MPL=8a61f652e741e0e5ffc463b15211 sender=DHL_Logistics processed
2026-01-12T13:05:54.132Z ERROR [IF_Payment_Status_Bank] MPL=a9a1a240b6a85de4c3a104b19fd1 sender=Workday_HCM processed
2026-01-19T20:26:40.598Z INFO  [IF_Sales_Order_Create] MPL=7440253e4718745181c067009274 sender=Concur_Expense processed
2026-01-20T07:37:42.418Z WARN  [IF_BusinessPartner_Sync] MPL=54c160a1780d9af0e56dad269567 sender=SAP_S4HANA_PRD processed
2026-09-12T21:24:00.312Z INFO  [IF_Material_Master_Replication] MPL=1446b21a42f2252bff53538eab3f sender=SuccessFactors_EC processed
2026-07-31T17:17:12.273Z WARN  [IF_Employee_Delta_Sync] MPL=a2b637dcc76fa9fedf23acc58fd1 sender=SuccessFactors_EC processed
2026-07-22T23:40:53.168Z INFO  [IF_Delivery_Tracking] MPL=75faf97b278b8b63b0ca171410d1 sender=Concur_Expense processed
2026-08-04T17:44:08.245Z INFO  [IF_Employee_Delta_Sync] MPL=b64bcddf659891fa2e96041bf6a0 sender=Ariba_Network processed
2026-01-22T13:13:10.648Z WARN  [IF_Sales_Order_Create] MPL=1727f08704ac825612e9bfce2ad4 sender=Salesforce_CRM processed
2026-05-02T23:08:03.986Z INFO  [IF_Sales_Order_Create] MPL=310a3bbc41554d09aa27e5aacccf sender=Bank_HSBC_H2H processed
2026-04-29T08:26:19.985Z INFO  [IF_Material_Master_Replication] MPL=0099246251d18f9f24c77a0ce659 sender=SuccessFactors_EC processed
2026-07-26T02:58:03.857Z INFO  [IF_PurchaseOrder_Ariba] MPL=763541c2893acf82e208ed99f6c9 sender=Bank_HSBC_H2H processed
2026-08-05T10:36:09.471Z ERROR [IF_Sales_Order_Create] MPL=f6d975ee0e6c797e2b2838c0cea8 sender=Ariba_Network processed
2026-01-17T20:24:38.139Z ERROR [IF_Payment_Status_Bank] MPL=77ecbea28fd567683c49068e882b sender=Workday_HCM processed
2026-08-03T11:05:48.792Z ERROR [IF_PurchaseOrder_Ariba] MPL=4be85eb76663ad746280c6124bc3 sender=Ariba_Network processed
2026-07-26T12:35:07.195Z WARN  [IF_Employee_Delta_Sync] MPL=c9ca9cfaf4593abde2fdf899f1a7 sender=SuccessFactors_EC processed
2026-02-05T23:04:38.462Z ERROR [IF_Sales_Order_Create] MPL=e6989d7f9eff12ea98add0463e2b sender=DHL_Logistics processed
2026-09-20T14:19:12.632Z INFO  [IF_Invoice_Post] MPL=9cc47ea35d7e001842f0fdef1fa8 sender=Concur_Expense processed
2026-07-10T19:02:52.310Z ERROR [IF_Invoice_Post] MPL=61406f3ff8b16b56c7b0b2d73195 sender=Workday_HCM processed
2026-05-06T08:19:25.638Z WARN  [IF_Invoice_Post] MPL=5faa3fdc5f91124957d5ced93dbe sender=DHL_Logistics processed
2026-06-10T19:08:50.406Z WARN  [IF_Sales_Order_Create] MPL=c915cb74ee440e176bd4a73afc3f sender=Ariba_Network processed
2026-09-12T01:52:50.386Z ERROR [IF_PurchaseOrder_Ariba] MPL=dd83e7756380d09dfe52a7d64511 sender=Salesforce_CRM processed
2026-02-20T07:11:42.520Z ERROR [IF_PurchaseOrder_Ariba] MPL=ac7157b42a221af77bf9c534e79e sender=Bank_HSBC_H2H processed
2026-09-09T15:16:14.813Z WARN  [IF_Employee_Delta_Sync] MPL=08e1cf980ddb8df2779eea0b3c44 sender=Bank_HSBC_H2H processed
2026-08-27T14:02:00.943Z INFO  [IF_Delivery_Tracking] MPL=cabbff294a7ecffd2636d20064c8 sender=Workday_HCM processed
2026-05-23T00:56:36.880Z INFO  [IF_Employee_Delta_Sync] MPL=b3bd17c56c2dc4345aaf24481ac9 sender=Bank_HSBC_H2H processed
2026-07-13T15:04:40.093Z INFO  [IF_PurchaseOrder_Ariba] MPL=fdcdc86351695d8682a316fcdce3 sender=Concur_Expense processed
2026-07-22T16:34:51.675Z ERROR [IF_Payment_Status_Bank] MPL=1708e2ad90ca324ea8626a4f23f9 sender=Bank_HSBC_H2H processed
2026-03-06T00:56:08.848Z INFO  [IF_Sales_Order_Create] MPL=b668d7942f35d343e5e1f3c968b1 sender=Salesforce_CRM processed
2026-02-13T07:51:14.911Z ERROR [IF_BusinessPartner_Sync] MPL=8ad12d8386470a263efbfbd01440 sender=SAP_S4HANA_PRD processed
2026-02-26T10:04:42.722Z INFO  [IF_Employee_Delta_Sync] MPL=abff6a33605a5c13f2b860520c9a sender=Bank_HSBC_H2H processed
2026-02-20T08:59:53.808Z INFO  [IF_Material_Master_Replication] MPL=2f52352f5e4df076914e21a69398 sender=SuccessFactors_EC processed
2026-07-25T06:31:41.648Z ERROR [IF_BusinessPartner_Sync] MPL=6b1029784cd043fd6c480d964b1d sender=SuccessFactors_EC processed
2026-01-27T23:35:06.829Z ERROR [IF_Invoice_Post] MPL=caf0d9105422194e96ea9a03c169 sender=Ariba_Network processed
2026-05-01T22:10:41.990Z INFO  [IF_Invoice_Post] MPL=cb586cd78dac4c9d48255b7af7b4 sender=SAP_S4HANA_PRD processed
2026-05-13T20:13:18.437Z ERROR [IF_Delivery_Tracking] MPL=eb1a46226870784a3438f10efe21 sender=SAP_S4HANA_PRD processed
2026-02-02T18:28:42.973Z WARN  [IF_Invoice_Post] MPL=4c2c6ff70dc4d8495f9f2605624b sender=Bank_HSBC_H2H processed
2026-08-16T01:21:12.564Z INFO  [IF_Payment_Status_Bank] MPL=b73c1547557787277faed550c358 sender=Salesforce_CRM processed
2026-05-02T17:32:11.893Z WARN  [IF_Delivery_Tracking] MPL=b48b58786feb46dbe9daf5fc5f44 sender=SuccessFactors_EC processed
2026-06-17T10:54:48.016Z INFO  [IF_Invoice_Post] MPL=0809f50a5828a09f90f4fc080ff0 sender=Workday_HCM processed
2026-04-18T19:57:44.791Z INFO  [IF_PurchaseOrder_Ariba] MPL=bfa327767347c23a6a02f7acbfa4 sender=DHL_Logistics processed
2026-07-09T21:53:12.353Z ERROR [IF_Employee_Delta_Sync] MPL=63c42b03bba8af6d7e30d8717817 sender=SuccessFactors_EC processed
2026-07-20T19:00:39.586Z WARN  [IF_Payment_Status_Bank] MPL=40559f3068a083c8d5c083d3560a sender=Workday_HCM processed
2026-03-24T23:36:39.686Z WARN  [IF_PurchaseOrder_Ariba] MPL=630d5c4d533bccd2adc4f6557089 sender=SAP_S4HANA_PRD processed
2026-06-07T21:59:06.984Z INFO  [IF_Delivery_Tracking] MPL=22458620c1b83e3811275ee0552c sender=DHL_Logistics processed
2026-08-25T03:23:29.475Z INFO  [IF_Sales_Order_Create] MPL=f820ab4b0c8c9d379a383cb9945c sender=Workday_HCM processed