2026-08-13T01:52:03.784Z ERROR [IF_Invoice_Post] MPL=88b236d70a09e4aea1feb863df9c sender=Salesforce_CRM processed
2026-07-02T08:14:50.159Z ERROR [IF_Invoice_Post] MPL=714853bbdd445fdd2e08e3ad9ff0 sender=Concur_Expense processed
2026-09-17T15:53:08.711Z WARN  [IF_Employee_Delta_Sync] MPL=72127723cb5ec86fe44d4ac3c35e sender=Bank_HSBC_H2H processed
2026-04-10T00:03:31.614Z WARN  [IF_Delivery_Tracking] MPL=c10bd4e9598e1ca66b0c148362f9 sender=Salesforce_CRM processed
2026-07-14T13:10:22.773Z INFO  [IF_Sales_Order_Create] MPL=57384d89d6a9adc8627b7128fbc2 sender=Salesforce_CRM processed
2026-05-27T07:26:07.824Z WARN  [IF_Employee_Delta_Sync] MPL=76b13a3d879f28180704c7d81600 sender=Workday_HCM processed
2026-09-10T05:05:53.090Z INFO  [IF_Material_Master_Replication] MPL=57eed399382c99d9918bc8ddcf3b sender=Concur_Expense processed
2026-04-26T05:44:54.703Z INFO  [IF_BusinessPartner_Sync] MPL=977ed7f12ec1e24f05ba9be55af4 sender=Salesforce_CRM processed
2026-03-10T04:02:55.440Z WARN  [IF_Sales_Order_Create] MPL=cdb081e5c14a11aed396d390c1c3 sender=SAP_S4HANA_PRD processed
2026-09-15T02:19:07.591Z ERROR [IF_Material_Master_Replication] MPL=0f965fa8f031a73d371a6d4fb569 sender=SuccessFactors_EC processed
2026-03-26T07:01:27.451Z WARN  [IF_PurchaseOrder_Ariba] MPL=1d9f11986b327816bae91e2f5d22 sender=DHL_Logistics processed
2026-05-26T02:43:40.092Z INFO  [IF_Invoice_Post] MPL=bf2ded9e5b5dabb2bb2f3be4c175 sender=SAP_S4HANA_PRD processed
2026-05-10T17:40:27.646Z ERROR [IF_Employee_Delta_Sync] MPL=71c5bfb74ce515f8369298f4b8de sender=Concur_Expense processed
2026-02-27T18:52:49.016Z WARN  [IF_Material_Master_Replication] MPL=a2f14b0e7d0953cf5c856fbac69b sender=Concur_Expense processed
2026-06-02T02:43:46.197Z ERROR [IF_BusinessPartner_Sync] MPL=058f33f86c240b236371d9f91549 sender=SuccessFactors_EC processed
2026-07-25T12:49:54.191Z ERROR [IF_BusinessPartner_Sync] MPL=933e963b92a8317b88e8e94c4de4 sender=Salesforce_CRM processed
2026-01-13T03:58:27.545Z INFO  [IF_Payment_Status_Bank] MPL=4b8f3fb77c4e2339a454e2545963 sender=Concur_Expense processed
2026-07-25T04:51:42.492Z ERROR [IF_Material_Master_Replication] MPL=3bfd231cb0d385117dac68c1bbc9 sender=Salesforce_CRM processed
2026-08-29T09:15:32.665Z WARN  [IF_Payment_Status_Bank] MPL=ff0361cc995d6a2d81b493477e02 sender=SuccessFactors_EC processed
2026-06-11T01:52:24.068Z INFO  [IF_Invoice_Post] MPL=48619fc9196e0c09dac3f07a97ad sender=Ariba_Network processed
2026-05-31T06:59:08.893Z WARN  [IF_PurchaseOrder_Ariba] MPL=09e226710da235782d0ae1a0de16 sender=Concur_Expense processed
2026-07-19T10:43:43.194Z WARN  [IF_PurchaseOrder_Ariba] MPL=ea3d5df58cfff94ae8fa19177643 sender=Ariba_Network processed
2026-07-12T23:08:13.414Z ERROR [IF_Invoice_Post] MPL=66316d215ba5a96e15a990f9bc62 sender=SAP_S4HANA_PRD processed
2026-05-08T18:16:16.073Z INFO  [IF_Payment_Status_Bank] MPL=a6628b8000d92021b4e0e742cff7 sender=DHL_Logistics processed
2026-04-27T10:50:30.661Z INFO  [IF_Delivery_Tracking] MPL=62f13c78df5607df48ecfdfc9095 sender=Workday_HCM processed
2026-09-04T20:35:23.664Z INFO  [IF_Delivery_Tracking] MPL=ab073d5f5535ef0be71ea3f69028 sender=SuccessFactors_EC processed
2026-09-11T04:24:31.671Z ERROR [IF_Invoice_Post] MPL=06adcafccbd4896e7de8d9150489 sender=Concur_Expense processed
2026-04-27T18:42:44.681Z ERROR [IF_Material_Master_Replication] MPL=226c2dfe483c57cb8e86983ade7b sender=Concur_Expense processed
2026-01-09T03:20:49.147Z ERROR [IF_Sales_Order_Create] MPL=53d94289c173d40b2eb79362ecc8 sender=SuccessFactors_EC processed
2026-02-22T15:43:29.294Z ERROR [IF_Employee_Delta_Sync] MPL=4a9b85d7ae1a114997f528de76d2 sender=Workday_HCM processed
2026-03-10T22:55:29.698Z ERROR [IF_PurchaseOrder_Ariba] MPL=4298b238a66f922ceae10b9e3cd2 sender=Workday_HCM processed