2026-06-17T07:41:29.300Z ERROR [IF_Employee_Delta_Sync] MPL=b5c5c61e02064f77b129d4ad87a1 sender=Ariba_Network processed
2026-07-09T16:02:26.457Z ERROR [IF_Delivery_Tracking] MPL=6d356fef5bc13cf7bd4bb5f7870b sender=DHL_Logistics processed
2026-09-27T20:07:09.230Z INFO  [IF_BusinessPartner_Sync] MPL=2050dfa97f35a345c2b3bf611b14 sender=SuccessFactors_EC processed
2026-01-17T00:13:17.266Z INFO  [IF_Employee_Delta_Sync] MPL=d60bbfdd66527a08cf5db991a54a sender=Concur_Expense processed
2026-05-25T05:33:00.287Z WARN  [IF_BusinessPartner_Sync] MPL=0a3f0fb63e2b4abf384113662ccf sender=Concur_Expense processed
2026-03-26T03:30:26.162Z WARN  [IF_BusinessPartner_Sync] MPL=b1ef94637f526f98d5ed6067c936 sender=SuccessFactors_EC processed
2026-01-07T01:53:02.463Z INFO  [IF_Employee_Delta_Sync] MPL=342bbe9798905b2fb11eb536f411 sender=Salesforce_CRM processed
2026-04-08T11:20:46.193Z ERROR [IF_BusinessPartner_Sync] MPL=fc3fba411d04c3a6b3b48e968f9a sender=Workday_HCM processed
2026-07-22T06:15:49.239Z INFO  [IF_Delivery_Tracking] MPL=4cba7b473abf0d0354179eebe0c0 sender=DHL_Logistics processed
2026-07-01T12:09:52.808Z WARN  [IF_Material_Master_Replication] MPL=8ad2379e4aa2f5129dd6e53c30fc sender=Bank_HSBC_H2H processed
2026-02-04T19:12:33.957Z INFO  [IF_Invoice_Post] MPL=31bc7dca7207937400ba69147159 sender=Salesforce_CRM processed
2026-06-07T23:46:26.509Z ERROR [IF_Sales_Order_Create] MPL=4469e62f5c58ac9a710f5ca403c3 sender=DHL_Logistics processed
2026-03-03T22:19:33.780Z ERROR [IF_PurchaseOrder_Ariba] MPL=7314381eceff9661514bdebe6690 sender=Concur_Expense processed
2026-05-18T12:54:49.607Z INFO  [IF_Delivery_Tracking] MPL=a1cd097e2a30d0c613e0aa6fa4e2 sender=Ariba_Network processed
2026-03-11T17:44:46.595Z WARN  [IF_Material_Master_Replication] MPL=0c82cfad06263d9b333a0fb050e0 sender=Concur_Expense processed
2026-06-07T05:23:08.332Z WARN  [IF_Sales_Order_Create] MPL=1dc6aac93d494ff959a88b3fca6d sender=Bank_HSBC_H2H processed
2026-05-09T14:55:36.057Z INFO  [IF_Material_Master_Replication] MPL=f8d0dc8944f5d8b55f5dfe3a10f7 sender=Bank_HSBC_H2H processed
2026-01-27T02:06:54.731Z WARN  [IF_Sales_Order_Create] MPL=b958eed87311b39e211ab3e05c94 sender=SuccessFactors_EC processed
2026-06-14T00:53:49.151Z ERROR [IF_Sales_Order_Create] MPL=73a1612168e6fb53ef274f0f11d1 sender=Ariba_Network processed
2026-01-15T19:38:31.221Z INFO  [IF_Delivery_Tracking] MPL=864cc22ed151768f3e9b9a1f3bde sender=Bank_HSBC_H2H processed
2026-05-04T07:59:45.596Z INFO  [IF_Invoice_Post] MPL=6f4de7fb33726a58b043ff464ddd sender=Bank_HSBC_H2H processed
2026-02-21T16:52:37.081Z ERROR [IF_Invoice_Post] MPL=7d0f4d422acac2a9a6ba561e78be sender=Salesforce_CRM processed
2026-03-24T10:07:21.912Z WARN  [IF_BusinessPartner_Sync] MPL=e28d82cd07e2b52c0261e9d8167d sender=Bank_HSBC_H2H processed
2026-02-19T08:53:50.118Z WARN  [IF_BusinessPartner_Sync] MPL=6c24c22cceffb9d5506075bf08c8 sender=Bank_HSBC_H2H processed
2026-08-18T15:10:36.616Z ERROR [IF_Delivery_Tracking] MPL=97b0ae0ff4f27689fa08cc9261dd sender=SuccessFactors_EC processed
2026-02-26T05:05:23.599Z ERROR [IF_PurchaseOrder_Ariba] MPL=1190e0253e4491337ee06218d150 sender=Bank_HSBC_H2H processed
2026-09-29T11:27:03.967Z ERROR [IF_Employee_Delta_Sync] MPL=554ce1d8a1c544fa52284e6e7055 sender=Workday_HCM processed
2026-02-17T17:33:23.377Z INFO  [IF_BusinessPartner_Sync] MPL=0e8ed1a326f7d89747c2d5b30a64 sender=Salesforce_CRM processed
2026-09-29T05:40:36.701Z WARN  [IF_Employee_Delta_Sync] MPL=e0d52945b6cd1449ac0cccc8d871 sender=Bank_HSBC_H2H processed
2026-01-30T22:06:57.565Z ERROR [IF_PurchaseOrder_Ariba] MPL=f9892f3fbec6331c1c99db028e3e sender=Salesforce_CRM processed
2026-07-19T02:47:28.766Z INFO  [IF_Employee_Delta_Sync] MPL=21744a9f71e983e856bf9aedb098 sender=Ariba_Network processed
2026-04-14T12:51:36.852Z ERROR [IF_Material_Master_Replication] MPL=72a4124c993525af80e873b94a42 sender=Salesforce_CRM processed
2026-03-09T18:26:14.080Z ERROR [IF_Sales_Order_Create] MPL=3ce44fc79c58d354151cbdc895ef sender=SuccessFactors_EC processed
2026-01-27T21:31:56.454Z ERROR [IF_Material_Master_Replication] MPL=defd5ae90c88ed3294d7a672cd52 sender=Concur_Expense processed
2026-09-21T13:14:44.139Z ERROR [IF_Delivery_Tracking] MPL=396dfbcd8a952f943b87afc0954b sender=Salesforce_CRM processed
2026-05-10T16:06:11.767Z WARN  [IF_Delivery_Tracking] MPL=c81670c3912af3c530e0960f08d6 sender=Ariba_Network processed
2026-04-17T06:56:22.442Z WARN  [IF_BusinessPartner_Sync] MPL=0802f22a1fcab3a39a01dfd7f068 sender=SAP_S4HANA_PRD processed
2026-05-09T17:30:27.672Z WARN  [IF_Delivery_Tracking] MPL=f128831de37260734bdc3bc7499f sender=Bank_HSBC_H2H processed
2026-08-01T17:44:09.083Z WARN  [IF_Sales_Order_Create] MPL=4a1f15e2ee4f8b19da37ab4aeaa3 sender=SAP_S4HANA_PRD processed
2026-07-06T18:57:01.993Z INFO  [IF_Payment_Status_Bank] MPL=b6edbc9989e8eca7fed6ab85a7f0 sender=SuccessFactors_EC processed
2026-06-13T07:00:22.139Z ERROR [IF_Material_Master_Replication] MPL=3799cfce4baa89ea66e37bf8ee77 sender=Bank_HSBC_H2H processed
2026-04-27T05:21:32.891Z WARN  [IF_Payment_Status_Bank] MPL=3b6ef82644bb6e3f32e184426d8c sender=Ariba_Network processed