2026-01-27T03:21:01.785Z INFO  [IF_Payment_Status_Bank] MPL=0c71575f8ac6ae9fa5438ac97a37 sender=DHL_Logistics processed
2026-07-27T11:03:22.071Z ERROR [IF_Payment_Status_Bank] MPL=8e69a57318cd245b943130e968ac sender=Workday_HCM processed
2026-02-03T23:40:48.205Z WARN  [IF_Payment_Status_Bank] MPL=62900a7a6771d8234581f09db3dd sender=Workday_HCM processed
2026-09-25T21:26:02.087Z INFO  [IF_Employee_Delta_Sync] MPL=0cb989b05094b8c7306386b41b01 sender=Salesforce_CRM processed
2026-08-22T22:12:57.849Z ERROR [IF_Payment_Status_Bank] MPL=37ebdf02e262e492e3276eedef11 sender=Ariba_Network processed
2026-02-19T10:52:36.447Z ERROR [IF_BusinessPartner_Sync] MPL=8c50be19432a996771985b35f870 sender=DHL_Logistics processed
2026-08-09T23:05:02.017Z WARN  [IF_Employee_Delta_Sync] MPL=8ea19eff88e32672c405177bea7f sender=SuccessFactors_EC processed
2026-08-16T15:42:06.019Z WARN  [IF_BusinessPartner_Sync] MPL=70d3feb7b16c107cce52086672d5 sender=DHL_Logistics processed
2026-02-23T06:30:23.709Z INFO  [IF_Material_Master_Replication] MPL=bf32b0b7db0a799924fa65e0d2b9 sender=Bank_HSBC_H2H processed
2026-01-07T03:18:41.812Z WARN  [IF_Employee_Delta_Sync] MPL=0f2581a3476aec1275001a34bfc3 sender=Concur_Expense processed
2026-09-07T18:22:04.878Z WARN  [IF_Employee_Delta_Sync] MPL=4144b2a5010180d3cad0db8c0532 sender=Ariba_Network processed
2026-05-12T06:13:48.884Z ERROR [IF_Invoice_Post] MPL=db8f51b5333a468ba67afd9e7e90 sender=Ariba_Network processed
2026-01-05T13:57:38.666Z ERROR [IF_Payment_Status_Bank] MPL=2f53679cb8f5be1b821c16adc14c sender=Salesforce_CRM processed
2026-02-05T07:58:07.133Z ERROR [IF_Invoice_Post] MPL=947ad7adcbdc92786fe764c8ae13 sender=DHL_Logistics processed
2026-07-06T04:12:17.990Z ERROR [IF_Sales_Order_Create] MPL=f72248ebd5c72053a15be6f344dc sender=SAP_S4HANA_PRD processed
2026-05-31T17:24:52.722Z ERROR [IF_Invoice_Post] MPL=2ac083424547c923ee271af10e40 sender=Workday_HCM processed
2026-08-31T18:17:36.809Z WARN  [IF_Invoice_Post] MPL=9b81453a830318cce04760335cd8 sender=Concur_Expense processed
2026-05-22T05:03:38.102Z WARN  [IF_Invoice_Post] MPL=05d80f6cdc2d2d6acc1704511419 sender=SuccessFactors_EC processed
2026-01-29T04:27:26.524Z INFO  [IF_Sales_Order_Create] MPL=c1e22ae8f53a54d2e0b1abe65a2c sender=SAP_S4HANA_PRD processed
2026-02-08T04:31:40.136Z ERROR [IF_Delivery_Tracking] MPL=3ca0b4fc48b7cbfb7370591c7843 sender=Ariba_Network processed
2026-07-07T20:16:57.922Z INFO  [IF_Delivery_Tracking] MPL=2166963a29542f14ee801cfd26c8 sender=DHL_Logistics processed
2026-04-07T06:32:50.539Z INFO  [IF_Sales_Order_Create] MPL=bae9ef01f52bbe33b7a37397787f sender=Concur_Expense processed
2026-01-03T00:15:21.843Z INFO  [IF_Delivery_Tracking] MPL=4e49f58acfb09e4993279b3f22b1 sender=SuccessFactors_EC processed
2026-01-24T14:04:13.077Z INFO  [IF_Invoice_Post] MPL=00f05c16a0fe760e33c3d76ed6e9 sender=Bank_HSBC_H2H processed
2026-07-12T17:57:31.671Z INFO  [IF_PurchaseOrder_Ariba] MPL=1dbba2b0a87b455496ce43b8dc07 sender=Bank_HSBC_H2H processed
2026-06-13T10:06:11.093Z INFO  [IF_BusinessPartner_Sync] MPL=def593d362315231ca952d0ade9c sender=Salesforce_CRM processed
2026-01-28T03:24:03.907Z INFO  [IF_Sales_Order_Create] MPL=6dfe925991309bd5549d147ff852 sender=SAP_S4HANA_PRD processed
2026-07-11T04:14:34.115Z INFO  [IF_BusinessPartner_Sync] MPL=091db5e41fae510e85fbb519759b sender=Workday_HCM processed
2026-07-03T05:47:11.412Z WARN  [IF_BusinessPartner_Sync] MPL=4a5d9114e9e35feebd60aa40d003 sender=Concur_Expense processed
2026-05-25T02:41:32.299Z ERROR [IF_Employee_Delta_Sync] MPL=738448dd1bbcbab8035cee878231 sender=SuccessFactors_EC processed
2026-04-30T17:10:33.748Z INFO  [IF_Employee_Delta_Sync] MPL=e9903dcb56dfc440bf2c4b8735fa sender=Salesforce_CRM processed
2026-07-21T10:58:33.739Z INFO  [IF_Invoice_Post] MPL=0b4cf03cee48a6eae2976b772a50 sender=SuccessFactors_EC processed
2026-07-13T02:13:24.701Z WARN  [IF_Invoice_Post] MPL=c827ece92e2627078694f87ec776 sender=Workday_HCM processed
2026-06-27T08:26:15.574Z WARN  [IF_Delivery_Tracking] MPL=f03eeb043abaa2ddd32899e0e7da sender=Concur_Expense processed
2026-08-08T06:03:13.425Z INFO  [IF_Employee_Delta_Sync] MPL=1f34af0e4addab10812956a097cf sender=SAP_S4HANA_PRD processed
2026-03-25T21:55:55.845Z WARN  [IF_Employee_Delta_Sync] MPL=b1aaadad853d720cb7fc22442d70 sender=SAP_S4HANA_PRD processed
2026-06-07T16:26:00.634Z ERROR [IF_BusinessPartner_Sync] MPL=72f934558b472addf6948bf4122e sender=Bank_HSBC_H2H processed
2026-01-23T16:11:30.163Z INFO  [IF_PurchaseOrder_Ariba] MPL=a94b380cd6ca7d0248358b060bc5 sender=SuccessFactors_EC processed
2026-03-08T14:50:38.513Z WARN  [IF_BusinessPartner_Sync] MPL=86d715753e044e98f39092e437cb sender=Workday_HCM processed
2026-02-19T15:35:45.268Z ERROR [IF_Delivery_Tracking] MPL=ebbcd9ea5739bf72bef766cd6a9b sender=Workday_HCM processed
2026-05-05T12:27:33.081Z INFO  [IF_Payment_Status_Bank] MPL=00666f96c593a0acac20411b7fd3 sender=Ariba_Network processed
2026-09-24T09:13:14.539Z ERROR [IF_BusinessPartner_Sync] MPL=5f3d6c7bc9a2a044c118c386b56b sender=Workday_HCM processed
2026-03-11T13:29:40.965Z ERROR [IF_Material_Master_Replication] MPL=16dff126cd215f850ae1005feae4 sender=Workday_HCM processed
2026-08-07T14:37:58.343Z WARN  [IF_BusinessPartner_Sync] MPL=0f272c94c681119a1b838a7648a6 sender=SAP_S4HANA_PRD processed
2026-06-30T22:35:57.860Z WARN  [IF_Sales_Order_Create] MPL=4f4b1d9b0d163d42e1f7d87637be sender=Ariba_Network processed
2026-01-08T19:55:34.283Z WARN  [IF_PurchaseOrder_Ariba] MPL=afcfc77df7d74faf084d4aa5b6a7 sender=Salesforce_CRM processed
2026-01-25T23:18:22.746Z ERROR [IF_Payment_Status_Bank] MPL=454a4710c688d870b669a7b67d9b sender=Concur_Expense processed
2026-09-17T22:40:50.241Z WARN  [IF_Payment_Status_Bank] MPL=479fdf9134bad5abc43e2fdf9e6d sender=Concur_Expense processed
2026-03-04T07:57:08.499Z INFO  [IF_Material_Master_Replication] MPL=699c93c4a2baca4e8506bd7f986b sender=DHL_Logistics processed
2026-08-24T23:41:19.015Z ERROR [IF_Sales_Order_Create] MPL=a851c0aa89438662719382e35482 sender=Workday_HCM processed
2026-01-01T00:54:28.201Z INFO  [IF_BusinessPartner_Sync] MPL=2960e02d29ebdb339e5d30ea3659 sender=Bank_HSBC_H2H processed
2026-09-13T00:31:34.768Z ERROR [IF_Invoice_Post] MPL=9a4ede699dd71b4478d2b627bef2 sender=DHL_Logistics processed
2026-06-13T14:30:10.941Z ERROR [IF_Invoice_Post] MPL=27111d46d56d58facab6a3428879 sender=Workday_HCM processed
2026-04-07T02:30:04.944Z WARN  [IF_PurchaseOrder_Ariba] MPL=986e05d61ae93ead9078f87922a7 sender=Ariba_Network processed
2026-04-15T01:22:40.970Z WARN  [IF_Invoice_Post] MPL=a45974edf34b07e61ada6dd7702e sender=Salesforce_CRM processed
2026-03-04T22:41:06.691Z INFO  [IF_Delivery_Tracking] MPL=8eaea13200aa1d0126dadbd98ac2 sender=Salesforce_CRM processed
2026-04-10T09:58:22.951Z WARN  [IF_Employee_Delta_Sync] MPL=2895df25671fb158a7a7e962475e sender=Ariba_Network processed
2026-05-22T01:35:04.123Z WARN  [IF_Delivery_Tracking] MPL=8a3d6c960aa2a3db15f2bd5e53c1 sender=Bank_HSBC_H2H processed
2026-04-12T03:08:04.441Z INFO  [IF_Delivery_Tracking] MPL=1e174c440c93bf5d8b3f3a66ecda sender=Ariba_Network processed
2026-09-29T07:43:35.972Z WARN  [IF_Employee_Delta_Sync] MPL=6237958a0fc15aac95784629f824 sender=Workday_HCM processed
2026-05-23T12:34:25.039Z WARN  [IF_Material_Master_Replication] MPL=b9ba6424f904e44e76da4229f626 sender=Ariba_Network processed