2026-05-21T19:14:29.653Z WARN  [IF_Material_Master_Replication] MPL=abdf566c942b470d9ec30ba565b1 sender=Ariba_Network processed
2026-05-13T15:30:03.648Z INFO  [IF_BusinessPartner_Sync] MPL=289b19b1ca062612829963dd7232 sender=Concur_Expense processed
2026-06-28T04:51:53.567Z INFO  [IF_Delivery_Tracking] MPL=a24b25f34c5c2e8688a945c0ce4a sender=DHL_Logistics processed
2026-03-24T14:31:52.898Z ERROR [IF_Employee_Delta_Sync] MPL=3aa52163fe83e285fb4a99d2e13b sender=Salesforce_CRM processed
2026-07-17T17:54:14.775Z ERROR [IF_Delivery_Tracking] MPL=974d1533489b94b84c97036ba441 sender=Bank_HSBC_H2H processed
2026-01-27T00:26:11.237Z INFO  [IF_Material_Master_Replication] MPL=c43657731744b6b53842f02319d3 sender=Bank_HSBC_H2H processed
2026-08-22T08:03:50.792Z ERROR [IF_Delivery_Tracking] MPL=6360d8245b4d50f22ce5b54664bc sender=Workday_HCM processed
2026-08-16T04:57:28.762Z INFO  [IF_Sales_Order_Create] MPL=39c40e3545be76f2f112cd5edeb5 sender=Workday_HCM processed
2026-06-02T04:04:28.026Z INFO  [IF_Sales_Order_Create] MPL=92fe9c17ab9b3694ea7da6087eed sender=Salesforce_CRM processed
2026-03-07T03:32:46.728Z WARN  [IF_Delivery_Tracking] MPL=e211a286ebeadcb2e98dda72bb6d sender=Concur_Expense processed
2026-01-12T16:09:33.038Z ERROR [IF_Sales_Order_Create] MPL=d0f6df710b9494ebd0ba45a45a2c sender=Concur_Expense processed
2026-05-21T18:12:49.071Z WARN  [IF_Employee_Delta_Sync] MPL=0522828899580c44fbf8f8a89023 sender=Workday_HCM processed
2026-03-18T07:34:04.639Z ERROR [IF_Employee_Delta_Sync] MPL=ec1e82c30ae90f867573189e96ce sender=Ariba_Network processed
2026-08-16T12:05:20.735Z WARN  [IF_PurchaseOrder_Ariba] MPL=7635598dc924556403b23916fb38 sender=Workday_HCM processed
2026-03-20T16:22:34.477Z ERROR [IF_Delivery_Tracking] MPL=7e6b84be5caa67b478e92839c7c0 sender=Bank_HSBC_H2H processed
2026-01-06T17:34:50.520Z INFO  [IF_Sales_Order_Create] MPL=7a9d1633ece7c3c789a04ab88341 sender=Concur_Expense processed
2026-05-15T06:31:18.554Z WARN  [IF_Material_Master_Replication] MPL=4d88d667a076c64bbceaa9645275 sender=DHL_Logistics processed
2026-02-09T06:30:39.983Z ERROR [IF_Material_Master_Replication] MPL=be7935e3a0a882c8b54f87eb2c9e sender=Ariba_Network processed
2026-09-10T18:16:34.778Z ERROR [IF_Material_Master_Replication] MPL=244d85dd0a3a924791c6bfa70482 sender=SuccessFactors_EC processed
2026-04-02T16:03:29.941Z ERROR [IF_Payment_Status_Bank] MPL=8f2ae13d4f5522c855a4a5f33aac sender=Workday_HCM processed
2026-08-23T10:41:28.176Z ERROR [IF_Material_Master_Replication] MPL=fcc0b8acd2dc74551b042029a824 sender=Bank_HSBC_H2H processed
2026-05-13T04:41:47.592Z WARN  [IF_Material_Master_Replication] MPL=965513e2adbc1c1d6a3b2fe4bfda sender=Ariba_Network processed
2026-04-10T03:32:06.403Z WARN  [IF_Employee_Delta_Sync] MPL=e09002afbffda91e09396a1a0bce sender=Ariba_Network processed
2026-01-10T17:28:20.021Z INFO  [IF_Payment_Status_Bank] MPL=490d4c97de7eb173373d165e8363 sender=Ariba_Network processed
2026-05-12T11:27:15.107Z ERROR [IF_Sales_Order_Create] MPL=f2c0e651efa2282ae5c75947a966 sender=SuccessFactors_EC processed
2026-04-14T02:10:35.692Z WARN  [IF_PurchaseOrder_Ariba] MPL=b49b9fe66b75875a9a9e6193f434 sender=Bank_HSBC_H2H processed
2026-09-18T16:11:00.183Z ERROR [IF_Employee_Delta_Sync] MPL=1c514d4d4db59b5683a5662e8c08 sender=DHL_Logistics processed
2026-03-11T05:20:00.328Z ERROR [IF_PurchaseOrder_Ariba] MPL=b196cf075f419e166b1d40b55f18 sender=SAP_S4HANA_PRD processed
2026-03-13T21:25:09.157Z WARN  [IF_Employee_Delta_Sync] MPL=0277c429f75654055677975c9520 sender=Concur_Expense processed