2026-05-13T09:17:09.126Z ERROR [IF_Delivery_Tracking] MPL=34d1d7ea804336e338078739255e sender=Salesforce_CRM processed
2026-01-06T18:45:52.618Z WARN  [IF_Material_Master_Replication] MPL=cf0c004ca02c51538c5033ca76b4 sender=Concur_Expense processed
2026-04-04T23:33:25.387Z ERROR [IF_Material_Master_Replication] MPL=648217093e9fecdfa586336cae6a sender=DHL_Logistics processed
2026-06-04T17:27:18.158Z ERROR [IF_Sales_Order_Create] MPL=ee2e2ea13fc157f8bc99410e586c sender=Salesforce_CRM processed
2026-01-19T15:04:59.009Z WARN  [IF_BusinessPartner_Sync] MPL=10916bd34fb3bbe810b2159f9786 sender=SAP_S4HANA_PRD processed
2026-02-17T04:42:25.769Z ERROR [IF_Invoice_Post] MPL=cb1d6f024d876a01b3bf8538d82f sender=DHL_Logistics processed
2026-02-16T06:06:35.838Z WARN  [IF_Delivery_Tracking] MPL=39bca0dc7d0f2117b1be373b1453 sender=Salesforce_CRM processed
2026-01-06T08:03:44.405Z ERROR [IF_PurchaseOrder_Ariba] MPL=d5a8446ad6836350edf6686bc5aa sender=Ariba_Network processed
2026-02-05T01:51:49.372Z WARN  [IF_Material_Master_Replication] MPL=7b4e891d8b5074c05022d5425e4c sender=SuccessFactors_EC processed
2026-08-05T14:03:13.050Z INFO  [IF_Payment_Status_Bank] MPL=cfa2f23f552f36b3d1866f03dcf2 sender=Salesforce_CRM processed
2026-06-30T22:34:52.801Z WARN  [IF_Delivery_Tracking] MPL=af15212dd5a3ecccb313cfbca091 sender=Bank_HSBC_H2H processed
2026-03-12T21:34:11.952Z INFO  [IF_PurchaseOrder_Ariba] MPL=4e9914a262d983d143d8912e18c5 sender=Ariba_Network processed
2026-05-15T03:56:13.862Z ERROR [IF_BusinessPartner_Sync] MPL=499f902d2f16ce52118ec134c71b sender=SuccessFactors_EC processed
2026-06-14T07:13:59.261Z ERROR [IF_Payment_Status_Bank] MPL=1e36e4ef9e484459207d74e58b2b sender=Workday_HCM processed
2026-03-12T21:45:29.176Z WARN  [IF_Material_Master_Replication] MPL=ea57ab33503f02e66a7db0e0f479 sender=Concur_Expense processed
2026-10-02T19:33:40.399Z ERROR [IF_Employee_Delta_Sync] MPL=48c52c6a8811b3e66b59e25e7151 sender=Concur_Expense processed
2026-08-06T17:01:56.081Z ERROR [IF_Material_Master_Replication] MPL=2ca150adceb8ca0b626ea2597cec sender=SuccessFactors_EC processed
2026-07-11T03:34:03.288Z INFO  [IF_BusinessPartner_Sync] MPL=e0caab1b4158619cc3fafd88842a sender=DHL_Logistics processed
2026-06-10T02:21:18.301Z WARN  [IF_Invoice_Post] MPL=754aff3689086be4c9b65828f25e sender=Ariba_Network processed
2026-07-31T11:08:45.765Z WARN  [IF_Material_Master_Replication] MPL=2cb2c9b8c1826ca529684f2b9b22 sender=SuccessFactors_EC processed
2026-02-07T14:22:23.514Z INFO  [IF_Employee_Delta_Sync] MPL=25d1d13b4315862345f5d1022b3f sender=Ariba_Network processed
2026-03-16T21:43:02.520Z ERROR [IF_Employee_Delta_Sync] MPL=a51c66f85327fc838700442e4ac2 sender=Bank_HSBC_H2H processed
2026-06-18T11:41:26.298Z ERROR [IF_Payment_Status_Bank] MPL=0ffb14a69e7eb07c17ba02f9e12b sender=Salesforce_CRM processed
2026-07-05T07:16:42.092Z INFO  [IF_BusinessPartner_Sync] MPL=3a88df8a187158b5e9e933fe7ef3 sender=Concur_Expense processed
2026-01-17T16:00:22.643Z INFO  [IF_Invoice_Post] MPL=875869b2b2e4e217ed6ca6a4b457 sender=Bank_HSBC_H2H processed
2026-01-21T13:38:51.091Z INFO  [IF_Payment_Status_Bank] MPL=d3146f8c573d79a42174c47ef502 sender=DHL_Logistics processed
2026-09-13T03:19:02.840Z WARN  [IF_Sales_Order_Create] MPL=7711396db35955a19ed4a6f9f706 sender=Ariba_Network processed
2026-03-08T03:41:08.278Z INFO  [IF_Material_Master_Replication] MPL=11c1915afe549b161bb9137e412d sender=SuccessFactors_EC processed
2026-01-21T09:35:31.750Z ERROR [IF_Invoice_Post] MPL=2c0e60c4548799fa862ccef6c19b sender=DHL_Logistics processed
2026-09-02T20:32:38.150Z ERROR [IF_PurchaseOrder_Ariba] MPL=9663357733c3ebbe1ccaf9db1edb sender=Salesforce_CRM processed
2026-04-02T07:22:35.277Z ERROR [IF_Invoice_Post] MPL=812852cdbbac413887a696a1a627 sender=Ariba_Network processed
2026-03-13T23:33:55.310Z INFO  [IF_Invoice_Post] MPL=49d5110a5016edd89956f7704ae6 sender=SuccessFactors_EC processed
2026-04-06T16:29:13.102Z INFO  [IF_Invoice_Post] MPL=74e587b28c4afbb46414d549abdb sender=SuccessFactors_EC processed
2026-05-29T00:52:19.627Z ERROR [IF_BusinessPartner_Sync] MPL=71a98272a9d414f7e77495510f3a sender=SuccessFactors_EC processed
2026-03-03T20:56:08.763Z WARN  [IF_Delivery_Tracking] MPL=b69b666022a87fc480d6a67ecf99 sender=Bank_HSBC_H2H processed
2026-08-03T20:36:52.640Z ERROR [IF_Employee_Delta_Sync] MPL=e36fcbd4299778968a338e63450a sender=Workday_HCM processed
2026-06-22T07:02:12.503Z INFO  [IF_BusinessPartner_Sync] MPL=3ea7ec3c8a4391ec73df0ca1f8de sender=SuccessFactors_EC processed
2026-06-02T15:46:32.264Z INFO  [IF_Payment_Status_Bank] MPL=89dce2d8ce008e869a0d46bd09e1 sender=DHL_Logistics processed
2026-08-12T19:59:53.238Z WARN  [IF_Delivery_Tracking] MPL=de7f73287d3bac65a35415e321d3 sender=Salesforce_CRM processed
2026-07-16T18:01:12.598Z INFO  [IF_BusinessPartner_Sync] MPL=6b4bf423cb29e52df2b9b306c7f6 sender=SuccessFactors_EC processed
2026-09-20T17:55:46.151Z INFO  [IF_Employee_Delta_Sync] MPL=210d829f22532dbad058586d7a47 sender=DHL_Logistics processed
2026-03-16T09:49:51.650Z ERROR [IF_PurchaseOrder_Ariba] MPL=b56164cbc71ed85ac78d84379bbd sender=Bank_HSBC_H2H processed
2026-05-11T01:41:09.850Z ERROR [IF_Invoice_Post] MPL=102420f262e61f6427c073322c7a sender=SuccessFactors_EC processed