2026-04-10T23:59:07.796Z ERROR [IF_Sales_Order_Create] MPL=da5eea28b55af026f86abb0d7f93 sender=Salesforce_CRM processed
2026-09-10T07:12:00.979Z ERROR [IF_Sales_Order_Create] MPL=e24c659656b2b6156a06865f10c5 sender=Bank_HSBC_H2H processed
2026-08-12T19:48:36.947Z ERROR [IF_Material_Master_Replication] MPL=d2a4e032d08e8daea20db51b13a7 sender=SuccessFactors_EC processed
2026-03-15T14:42:28.010Z WARN  [IF_Material_Master_Replication] MPL=1db747c4eecff14be0f0aaa04d34 sender=Workday_HCM processed
2026-07-21T08:16:27.417Z ERROR [IF_Material_Master_Replication] MPL=0684af666fd479097c309d74b463 sender=Ariba_Network processed
2026-09-24T04:47:47.554Z INFO  [IF_Employee_Delta_Sync] MPL=9af02bb8a607937198ac6a1ecfde sender=SAP_S4HANA_PRD processed
2026-02-28T11:20:41.142Z WARN  [IF_BusinessPartner_Sync] MPL=55f93916661bdf8fe965313277de sender=Bank_HSBC_H2H processed
2026-02-04T20:25:41.379Z INFO  [IF_Invoice_Post] MPL=032c3248df3a5502571b1cb5dc87 sender=Workday_HCM processed
2026-09-22T07:23:47.541Z ERROR [IF_BusinessPartner_Sync] MPL=f561b5bf46d9f23540751b45e182 sender=Salesforce_CRM processed
2026-05-12T18:05:30.390Z WARN  [IF_Delivery_Tracking] MPL=a0e4cbf268ef3da0f91d4d6a99a4 sender=Ariba_Network processed
2026-07-01T08:07:08.068Z INFO  [IF_Sales_Order_Create] MPL=da53bcb8fe784e84a1ac1a435167 sender=Salesforce_CRM processed
2026-06-17T16:35:47.262Z WARN  [IF_Payment_Status_Bank] MPL=ebacc12f33e51dc4eb195cc94e56 sender=Workday_HCM processed
2026-06-28T15:13:57.275Z ERROR [IF_Material_Master_Replication] MPL=103a5916444facda8e8f760ee907 sender=SAP_S4HANA_PRD processed
2026-04-22T17:28:35.998Z INFO  [IF_Invoice_Post] MPL=91561cfe46547d191e7470438855 sender=Workday_HCM processed
2026-06-20T10:08:59.570Z WARN  [IF_BusinessPartner_Sync] MPL=9f592dd12cd74437a9b003e1a7b1 sender=Bank_HSBC_H2H processed
2026-07-27T02:57:41.804Z WARN  [IF_PurchaseOrder_Ariba] MPL=a0e27071738f39dca386e4bb105a sender=Concur_Expense processed
2026-01-16T16:58:22.656Z ERROR [IF_PurchaseOrder_Ariba] MPL=dffaafbf29045318c86c13fd3866 sender=Salesforce_CRM processed
2026-02-15T14:14:26.733Z INFO  [IF_PurchaseOrder_Ariba] MPL=3f840d3f5c15646e007c63a09cb3 sender=SuccessFactors_EC processed
2026-07-23T19:58:29.310Z ERROR [IF_Sales_Order_Create] MPL=5fc42a09bf1dbfbdc2b1444e5632 sender=Salesforce_CRM processed
2026-09-06T11:30:21.576Z INFO  [IF_Employee_Delta_Sync] MPL=81623e9521ef2fca0d33fead4e39 sender=SuccessFactors_EC processed
2026-02-14T02:10:44.825Z INFO  [IF_Invoice_Post] MPL=8728b5857b2ccb89814f7be4eb3c sender=SAP_S4HANA_PRD processed
2026-04-30T03:21:19.380Z INFO  [IF_Delivery_Tracking] MPL=c892914a12b47065656039d4f403 sender=SAP_S4HANA_PRD processed
2026-09-19T15:12:30.499Z INFO  [IF_Employee_Delta_Sync] MPL=de6a8137d8be48a0853e0b1af29c sender=SAP_S4HANA_PRD processed
2026-05-22T08:35:47.206Z ERROR [IF_PurchaseOrder_Ariba] MPL=c6924e0f506ecc97f3185c091941 sender=Salesforce_CRM processed
2026-08-05T00:15:36.414Z WARN  [IF_BusinessPartner_Sync] MPL=28da18cf743e4d758ad8833c2b32 sender=Concur_Expense processed
2026-05-12T02:49:30.122Z ERROR [IF_BusinessPartner_Sync] MPL=82a95e35bfcc8f813d9a95a46963 sender=Salesforce_CRM processed
2026-08-24T16:10:10.458Z ERROR [IF_Invoice_Post] MPL=27859908bdb46e1c59f24167fdf4 sender=SuccessFactors_EC processed
2026-01-10T17:37:16.688Z INFO  [IF_Invoice_Post] MPL=983b075fc7213d09bc8f4613f0ff sender=Ariba_Network processed
2026-03-25T23:39:34.668Z INFO  [IF_Material_Master_Replication] MPL=796f6bdcfa2c387c80dc9482b9ef sender=Ariba_Network processed
2026-06-13T00:15:04.406Z INFO  [IF_Sales_Order_Create] MPL=fc274e81ea8a0800ce66851d46d4 sender=Workday_HCM processed
2026-02-16T22:13:51.390Z ERROR [IF_Payment_Status_Bank] MPL=354149a47aaf8b78f7d2b8a75510 sender=SuccessFactors_EC processed
2026-08-08T01:57:58.730Z WARN  [IF_Material_Master_Replication] MPL=9234cc6481d30de19ef856b3e9eb sender=Bank_HSBC_H2H processed
2026-08-13T00:34:18.089Z INFO  [IF_PurchaseOrder_Ariba] MPL=a5cb74942ec4a482d26fce8968e1 sender=Workday_HCM processed
2026-02-08T16:28:40.316Z INFO  [IF_Payment_Status_Bank] MPL=545f8b457078e42b33bdf1b29bc9 sender=Ariba_Network processed
2026-05-08T16:52:53.232Z WARN  [IF_Payment_Status_Bank] MPL=5a62b27e2ac599d4ad7180376c70 sender=Ariba_Network processed
2026-02-28T10:45:16.496Z WARN  [IF_BusinessPartner_Sync] MPL=07b348f05debe2178bba1372f1b3 sender=Concur_Expense processed
2026-07-26T14:00:41.940Z WARN  [IF_Invoice_Post] MPL=6a1e6d50ca041ca94b1ef77cbb81 sender=Bank_HSBC_H2H processed
2026-06-10T15:26:47.192Z INFO  [IF_Invoice_Post] MPL=acf1e0d488b472d3e272f9a54757 sender=Bank_HSBC_H2H processed
2026-09-05T05:09:09.587Z WARN  [IF_Employee_Delta_Sync] MPL=c2c1df819d3dedcf58d76a463655 sender=Ariba_Network processed
2026-03-05T00:48:24.739Z INFO  [IF_Invoice_Post] MPL=5932e3354396479a9baad44e2b1d sender=SAP_S4HANA_PRD processed
2026-06-07T07:43:28.562Z ERROR [IF_Material_Master_Replication] MPL=f14532e23bbde5f0ccf97d4cfed4 sender=Salesforce_CRM processed
2026-08-17T00:23:33.281Z INFO  [IF_BusinessPartner_Sync] MPL=760c42841258246384a39465e97f sender=SuccessFactors_EC processed
2026-01-28T23:29:28.784Z ERROR [IF_PurchaseOrder_Ariba] MPL=8b47331200057f6998af69145e7a sender=SuccessFactors_EC processed