2026-01-23T21:04:23.171Z INFO  [IF_BusinessPartner_Sync] MPL=d368cfc637ead78bdf88c987cd52 sender=Bank_HSBC_H2H processed
2026-06-27T05:02:12.957Z INFO  [IF_Payment_Status_Bank] MPL=ccc7fb8729a56661ba8a6ca19552 sender=Bank_HSBC_H2H processed
2026-01-06T08:45:15.164Z INFO  [IF_PurchaseOrder_Ariba] MPL=d69e413bd63ebced4bdb12919c3e sender=Concur_Expense processed
2026-09-19T09:46:37.052Z WARN  [IF_BusinessPartner_Sync] MPL=276b82d8ea3b2dff522af842e1af sender=Bank_HSBC_H2H processed
2026-02-09T15:01:37.948Z WARN  [IF_PurchaseOrder_Ariba] MPL=08b5575467b3f78eba1beddd7919 sender=Ariba_Network processed
2026-05-08T13:25:40.293Z WARN  [IF_Invoice_Post] MPL=ca05e7ebb40c293b076e9b8b689c sender=DHL_Logistics processed
2026-03-19T20:43:57.059Z WARN  [IF_Employee_Delta_Sync] MPL=283a6078d2bf5e7eb5b72ad977c1 sender=Workday_HCM processed
2026-01-01T21:36:58.200Z INFO  [IF_PurchaseOrder_Ariba] MPL=c0301e785fa0d9b0dc48a67d146a sender=Bank_HSBC_H2H processed
2026-01-14T06:43:05.932Z WARN  [IF_Delivery_Tracking] MPL=09c55efdb9076b00e08c86914207 sender=Bank_HSBC_H2H processed
2026-09-21T11:08:50.255Z ERROR [IF_Sales_Order_Create] MPL=b1a7a2d770a86290bc1df5827826 sender=Workday_HCM processed
2026-03-25T15:30:06.836Z INFO  [IF_Payment_Status_Bank] MPL=540e13ffb77706ce596d21098d87 sender=Workday_HCM processed
2026-08-14T21:35:16.693Z INFO  [IF_Delivery_Tracking] MPL=a289978806a16477322f51882a04 sender=Bank_HSBC_H2H processed
2026-05-23T21:52:21.983Z ERROR [IF_BusinessPartner_Sync] MPL=fb57288a4ec413e997b5da3ab63e sender=SuccessFactors_EC processed
2026-08-22T18:36:29.616Z WARN  [IF_Delivery_Tracking] MPL=c523ab23d7bc4df8a9a03f193a1a sender=Ariba_Network processed
2026-06-15T04:28:27.816Z WARN  [IF_PurchaseOrder_Ariba] MPL=d0eb054727200605d1583d34891c sender=Bank_HSBC_H2H processed
2026-03-17T16:25:13.932Z INFO  [IF_Payment_Status_Bank] MPL=39687a6d25a671456d8e56b387f5 sender=Ariba_Network processed
2026-03-13T02:00:35.473Z ERROR [IF_Delivery_Tracking] MPL=4be4d61b74da01add3b627560aeb sender=Workday_HCM processed
2026-06-11T19:09:58.259Z ERROR [IF_PurchaseOrder_Ariba] MPL=199c49551f946891eeaa85673d18 sender=Ariba_Network processed
2026-09-25T22:16:49.493Z WARN  [IF_Employee_Delta_Sync] MPL=34161fbaa2fb1d27759fa5eda907 sender=DHL_Logistics processed
2026-04-28T01:08:59.306Z INFO  [IF_Invoice_Post] MPL=7418094b4d01da76615789ecd480 sender=Concur_Expense processed
2026-01-03T10:16:16.519Z ERROR [IF_Delivery_Tracking] MPL=13fcc87fe1cded716af33940e017 sender=Salesforce_CRM processed
2026-01-02T06:25:31.711Z ERROR [IF_Material_Master_Replication] MPL=b04ae528941ccf3d3f2f31e1d046 sender=DHL_Logistics processed
2026-04-17T04:33:01.244Z INFO  [IF_Material_Master_Replication] MPL=0b6881d0094f4e1fdd28f2b74287 sender=Salesforce_CRM processed
2026-03-27T10:56:42.762Z WARN  [IF_Delivery_Tracking] MPL=a4b11f92f953d2fdfe92aa1d94c0 sender=Salesforce_CRM processed
2026-05-04T18:53:08.583Z INFO  [IF_Material_Master_Replication] MPL=ac76f51454d28717d8e19809f50b sender=DHL_Logistics processed
2026-09-14T03:45:11.766Z ERROR [IF_BusinessPartner_Sync] MPL=1bd830e6ea56f72c5562a62eb471 sender=Salesforce_CRM processed
2026-08-04T02:13:46.622Z INFO  [IF_PurchaseOrder_Ariba] MPL=64833d4b4859b55ea96518b59a38 sender=Concur_Expense processed
2026-08-16T22:13:39.098Z WARN  [IF_Sales_Order_Create] MPL=0980bffc18e639174a10f9321a91 sender=Bank_HSBC_H2H processed
2026-06-13T05:23:55.380Z INFO  [IF_Material_Master_Replication] MPL=b41ed2c25f84e0db6428ad6fbfd4 sender=Workday_HCM processed
2026-08-27T19:38:30.593Z ERROR [IF_Employee_Delta_Sync] MPL=882974369fea9489439100ac1d0b sender=Concur_Expense processed
2026-09-26T08:12:48.497Z INFO  [IF_Sales_Order_Create] MPL=ba1142bf105de25d7064758d6244 sender=Bank_HSBC_H2H processed
2026-08-20T06:18:52.016Z INFO  [IF_Employee_Delta_Sync] MPL=bf1f1a55fbcfe94a1a40c32cf948 sender=DHL_Logistics processed
2026-09-24T12:28:16.798Z WARN  [IF_Material_Master_Replication] MPL=93df5f625f6d68901429285cab66 sender=DHL_Logistics processed
2026-01-09T21:24:12.428Z ERROR [IF_Payment_Status_Bank] MPL=4797a1787860532999d8a9883fc1 sender=Concur_Expense processed
2026-09-12T19:48:23.421Z WARN  [IF_Sales_Order_Create] MPL=b9e75313a5659a117648f11fd421 sender=Salesforce_CRM processed
2026-01-20T03:55:01.522Z ERROR [IF_Delivery_Tracking] MPL=6aeb982c97f9e7b5524b4f6efa31 sender=SuccessFactors_EC processed
2026-06-26T18:37:36.579Z WARN  [IF_Delivery_Tracking] MPL=00420a320a0de2dac0a155047756 sender=Concur_Expense processed
2026-06-16T13:08:25.631Z WARN  [IF_Sales_Order_Create] MPL=3b0f9940f599e3a02d021c21cb88 sender=SAP_S4HANA_PRD processed
2026-05-07T19:49:15.932Z ERROR [IF_Material_Master_Replication] MPL=ad77bb5273b3bdab458d6bdb6868 sender=SAP_S4HANA_PRD processed
2026-04-04T09:13:00.830Z WARN  [IF_PurchaseOrder_Ariba] MPL=6cd7a4fae84d8824ec2c398106ae sender=Salesforce_CRM processed
2026-06-25T06:44:54.489Z WARN  [IF_Sales_Order_Create] MPL=010bc9aa046a41d12a8583353a73 sender=Workday_HCM processed