2026-08-11T11:10:33.614Z INFO  [IF_PurchaseOrder_Ariba] MPL=29a6812620a5ba8cc1b52b73f13d sender=Ariba_Network processed
2026-06-09T02:20:47.697Z ERROR [IF_Invoice_Post] MPL=e98500d2cbb24b4cfc4deb0cc35e sender=SAP_S4HANA_PRD processed
2026-05-24T05:48:12.762Z WARN  [IF_Sales_Order_Create] MPL=ff01ff317b7e4bd051585deeef45 sender=Salesforce_CRM processed
2026-06-25T14:37:58.273Z INFO  [IF_Material_Master_Replication] MPL=c945b45383fb9f3e5ee99a7a356d sender=DHL_Logistics processed
2026-08-12T03:14:41.954Z WARN  [IF_Delivery_Tracking] MPL=381a947365cf422b57907ebc936c sender=Salesforce_CRM processed
2026-08-08T18:22:53.904Z WARN  [IF_Delivery_Tracking] MPL=f3c8dc2992d4f7f2dee05335ee7a sender=Workday_HCM processed
2026-07-18T10:59:15.966Z INFO  [IF_Payment_Status_Bank] MPL=36e5c5dc30d6f7ca90d1346f03b0 sender=Workday_HCM processed
2026-02-04T12:58:35.605Z INFO  [IF_BusinessPartner_Sync] MPL=ef145810d0e06fefd9b3343bf680 sender=Salesforce_CRM processed
2026-03-24T18:36:42.695Z INFO  [IF_Sales_Order_Create] MPL=33dab4bd172dfc3e1b071a313f6c sender=SAP_S4HANA_PRD processed
2026-05-11T10:46:51.101Z INFO  [IF_Payment_Status_Bank] MPL=375446e6b2534b962a23028d2698 sender=Salesforce_CRM processed
2026-01-03T07:59:18.865Z WARN  [IF_Employee_Delta_Sync] MPL=8214e948e6e6533a524508de5662 sender=SAP_S4HANA_PRD processed
2026-08-22T11:52:03.505Z WARN  [IF_Material_Master_Replication] MPL=ce3ac68c96a45e544e3322d43eaa sender=Bank_HSBC_H2H processed
2026-07-09T08:33:33.449Z INFO  [IF_Delivery_Tracking] MPL=f91a948345152037d5adc016339e sender=Bank_HSBC_H2H processed
2026-05-07T11:35:13.391Z WARN  [IF_Invoice_Post] MPL=99ea53ba3d7a3e6c22301bcd8335 sender=Ariba_Network processed
2026-04-27T16:03:45.136Z ERROR [IF_Sales_Order_Create] MPL=2f530ca39f06382542656ed20693 sender=Bank_HSBC_H2H processed
2026-05-04T13:57:17.150Z ERROR [IF_Payment_Status_Bank] MPL=daa0955ae7e331a84595ca0917e6 sender=SAP_S4HANA_PRD processed
2026-01-12T15:25:24.980Z ERROR [IF_Material_Master_Replication] MPL=a9116dc11b9795889c8984dd575b sender=DHL_Logistics processed
2026-05-19T13:50:21.823Z WARN  [IF_Invoice_Post] MPL=b270072f55a772523fbf8a77824e sender=DHL_Logistics processed
2026-07-29T14:49:19.691Z WARN  [IF_Invoice_Post] MPL=cd1a498e61ff005396d54fa9cf31 sender=Ariba_Network processed
2026-06-05T04:11:38.926Z INFO  [IF_Payment_Status_Bank] MPL=83ef62bbb6e52cb7d09eca02ad23 sender=Salesforce_CRM processed
2026-03-16T22:46:49.511Z INFO  [IF_BusinessPartner_Sync] MPL=3a90b481e6434a41c7c515e40f08 sender=DHL_Logistics processed
2026-05-20T15:21:43.111Z WARN  [IF_Material_Master_Replication] MPL=a3dfffd712e825843fffdd77151a sender=SuccessFactors_EC processed
2026-01-16T02:00:46.314Z WARN  [IF_Delivery_Tracking] MPL=40c92deec7b3d68a7c297fa84404 sender=SuccessFactors_EC processed
2026-06-27T03:02:24.706Z INFO  [IF_Material_Master_Replication] MPL=ac390cc752ddb8367c06b9be5821 sender=Ariba_Network processed
2026-04-28T03:02:34.044Z WARN  [IF_PurchaseOrder_Ariba] MPL=0070eaf1f0dfddb1a95155536180 sender=Workday_HCM processed
2026-01-08T08:29:53.452Z ERROR [IF_BusinessPartner_Sync] MPL=9e8a0c9d34b57b48c8d693875158 sender=DHL_Logistics processed
2026-09-01T01:12:07.572Z INFO  [IF_Invoice_Post] MPL=e87e7f91a4ecd01f0be3f879b769 sender=DHL_Logistics processed
2026-06-20T07:25:33.024Z ERROR [IF_Payment_Status_Bank] MPL=3ad4745caaa77d3e6bc7615075cf sender=Workday_HCM processed
2026-01-15T02:40:15.479Z ERROR [IF_Payment_Status_Bank] MPL=b38115de52f902687280bdf7ffaf sender=Ariba_Network processed
2026-02-12T11:48:07.515Z INFO  [IF_BusinessPartner_Sync] MPL=d125db10f0f359605e91e704a5de sender=SAP_S4HANA_PRD processed
2026-08-26T17:45:31.406Z WARN  [IF_Payment_Status_Bank] MPL=ac3036ca7976bbd1672ad9a32026 sender=Ariba_Network processed
2026-03-17T16:08:02.499Z WARN  [IF_Employee_Delta_Sync] MPL=b4b78041a1a1379b25271ae7a2a8 sender=Ariba_Network processed
2026-02-06T22:09:06.800Z INFO  [IF_Material_Master_Replication] MPL=3d75c0007828970ffd6ec0cf949d sender=DHL_Logistics processed
2026-07-11T15:46:48.817Z INFO  [IF_PurchaseOrder_Ariba] MPL=f0f87bad93d61038b9e6828c3e29 sender=Ariba_Network processed
2026-05-11T23:33:41.221Z INFO  [IF_Sales_Order_Create] MPL=d3618d40491d1e5592162481bcc8 sender=DHL_Logistics processed
2026-06-25T23:09:17.055Z ERROR [IF_Payment_Status_Bank] MPL=d5ee7ace64e13bbad9aea6996430 sender=Workday_HCM processed
2026-08-12T01:37:34.694Z INFO  [IF_Invoice_Post] MPL=cbc3837bb31178ddebb780983245 sender=SuccessFactors_EC processed
2026-02-08T05:18:41.722Z WARN  [IF_PurchaseOrder_Ariba] MPL=d79ef0556d77ee408ed7bb2ef36f sender=Workday_HCM processed
2026-04-03T20:57:47.194Z ERROR [IF_Employee_Delta_Sync] MPL=739b67ed796ca3a9ca3c4cca82a9 sender=Bank_HSBC_H2H processed
2026-05-17T22:33:44.679Z WARN  [IF_PurchaseOrder_Ariba] MPL=08331c8a0b8d6013a3e74d66316f sender=SAP_S4HANA_PRD processed
2026-09-18T18:58:15.282Z WARN  [IF_PurchaseOrder_Ariba] MPL=7dc342a06ebb4f9b8fbfe9c17b84 sender=Concur_Expense processed
2026-04-21T01:37:32.773Z INFO  [IF_Invoice_Post] MPL=6e82527f8603c82fc3b65c417945 sender=DHL_Logistics processed
2026-03-16T06:39:22.100Z ERROR [IF_BusinessPartner_Sync] MPL=83d1f317cc8a1c8e104685211bed sender=SAP_S4HANA_PRD processed
2026-06-22T18:43:57.019Z ERROR [IF_Sales_Order_Create] MPL=b633a4481ddf2a0918dfb3fb3f6e sender=SAP_S4HANA_PRD processed
2026-05-12T02:02:58.250Z ERROR [IF_Sales_Order_Create] MPL=511d23437c6529d520c5f4373446 sender=DHL_Logistics processed
2026-05-13T19:14:32.253Z ERROR [IF_Payment_Status_Bank] MPL=0346736d7ec259f88aa4ea0fc1aa sender=DHL_Logistics processed
2026-07-07T17:06:22.885Z INFO  [IF_Material_Master_Replication] MPL=d9230652c16443c6aaa791c8ca54 sender=SuccessFactors_EC processed
2026-08-01T15:33:55.089Z INFO  [IF_Payment_Status_Bank] MPL=b182cd37e246a194b9a0ba5ba5ad sender=Bank_HSBC_H2H processed
2026-01-26T13:19:19.820Z ERROR [IF_PurchaseOrder_Ariba] MPL=706911224a1a728ae30a1373b123 sender=SAP_S4HANA_PRD processed
2026-07-01T21:07:58.968Z INFO  [IF_Sales_Order_Create] MPL=5115cac938a6c7428fa002325b4c sender=Bank_HSBC_H2H processed
2026-08-12T08:00:44.096Z INFO  [IF_Payment_Status_Bank] MPL=b1d7796e115a645c669ecb675c71 sender=SuccessFactors_EC processed
2026-04-16T13:09:13.380Z INFO  [IF_BusinessPartner_Sync] MPL=422272f1e9ad31af0e0bef593139 sender=Workday_HCM processed
2026-09-08T21:10:20.164Z WARN  [IF_PurchaseOrder_Ariba] MPL=e1e65e5ee4928af3afd44729d91f sender=Salesforce_CRM processed